Test Python 3.11 on ubuntu-latest	Run type checker	ï»¿2025-06-30T08:31:22.9045626Z ##[group]Run uv run mypy src/DHT/ --ignore-missing-imports --strict --disable-error-code=misc --disable-error-code=no-any-return --disable-error-code=unused-ignore --disable-error-code=assignment --disable-error-code=call-overload --disable-error-code=attr-defined --disable-error-code=arg-type --disable-error-code=index --disable-error-code=union-attr --disable-error-code=unused-coroutine --disable-error-code=return-value
Test Python 3.11 on ubuntu-latest	Run type checker	2025-06-30T08:31:22.9048510Z [36;1muv run mypy src/DHT/ --ignore-missing-imports --strict --disable-error-code=misc --disable-error-code=no-any-return --disable-error-code=unused-ignore --disable-error-code=assignment --disable-error-code=call-overload --disable-error-code=attr-defined --disable-error-code=arg-type --disable-error-code=index --disable-error-code=union-attr --disable-error-code=unused-coroutine --disable-error-code=return-value[0m
Test Python 3.11 on ubuntu-latest	Run type checker	2025-06-30T08:31:22.9105372Z shell: /usr/bin/bash -e {0}
Test Python 3.11 on ubuntu-latest	Run type checker	2025-06-30T08:31:22.9105591Z env:
Test Python 3.11 on ubuntu-latest	Run type checker	2025-06-30T08:31:22.9105798Z   UV_CACHE_DIR: /home/runner/work/_temp/setup-uv-cache
Test Python 3.11 on ubuntu-latest	Run type checker	2025-06-30T08:31:22.9106101Z ##[endgroup]
Test Python 3.11 on ubuntu-latest	Run type checker	2025-06-30T08:31:25.3290584Z Bytecode compiled 4698 files in 2.39s
Test Python 3.11 on ubuntu-latest	Run type checker	2025-06-30T08:31:57.6634772Z src/DHT/modules/commands/workspaces_command.py:210: error: Redundant cast to "dict[str, Any]"  [redundant-cast]
Test Python 3.11 on ubuntu-latest	Run type checker	2025-06-30T08:31:57.6682563Z src/DHT/modules/commands/upgrade_command.py:109: error: Redundant cast to "dict[str, Any]"  [redundant-cast]
Test Python 3.11 on ubuntu-latest	Run type checker	2025-06-30T08:31:57.6730071Z src/DHT/modules/commands/remove_command.py:105: error: Redundant cast to "dict[str, Any]"  [redundant-cast]
Test Python 3.11 on ubuntu-latest	Run type checker	2025-06-30T08:31:57.6789668Z src/DHT/modules/commands/project_command.py:124: error: Redundant cast to "dict[str, Any]"  [redundant-cast]
Test Python 3.11 on ubuntu-latest	Run type checker	2025-06-30T08:31:57.6813303Z src/DHT/modules/commands/install_command.py:107: error: Redundant cast to "dict[str, Any]"  [redundant-cast]
Test Python 3.11 on ubuntu-latest	Run type checker	2025-06-30T08:31:57.6833422Z src/DHT/modules/commands/fmt_command.py:76: error: Redundant cast to "dict[str, Any]"  [redundant-cast]
Test Python 3.11 on ubuntu-latest	Run type checker	2025-06-30T08:31:57.6926053Z src/DHT/modules/commands/doc_command.py:223: error: Redundant cast to "dict[str, Any]"  [redundant-cast]
Test Python 3.11 on ubuntu-latest	Run type checker	2025-06-30T08:31:57.7048980Z src/DHT/modules/commands/check_command.py:133: error: Redundant cast to "dict[str, Any]"  [redundant-cast]
Test Python 3.11 on ubuntu-latest	Run type checker	2025-06-30T08:31:57.7099701Z src/DHT/modules/commands/bin_command.py:106: error: Redundant cast to "dict[str, Any]"  [redundant-cast]
Test Python 3.11 on ubuntu-latest	Run type checker	2025-06-30T08:31:57.8768107Z src/DHT/modules/commands/workspace_command.py:201: error: Redundant cast to "dict[str, Any]"  [redundant-cast]
Test Python 3.11 on ubuntu-latest	Run type checker	2025-06-30T08:31:58.0345327Z Found 10 errors in 10 files (checked 183 source files)
Test Python 3.11 on ubuntu-latest	Run type checker	2025-06-30T08:31:58.0844501Z ##[error]Process completed with exit code 1.
Test Python 3.11 on windows-latest	Run type checker	ï»¿2025-06-30T08:30:32.2024786Z ##[group]Run uv run mypy src/DHT/ --ignore-missing-imports --strict --disable-error-code=misc --disable-error-code=no-any-return --disable-error-code=unused-ignore --disable-error-code=assignment --disable-error-code=call-overload --disable-error-code=attr-defined --disable-error-code=arg-type --disable-error-code=index --disable-error-code=union-attr --disable-error-code=unused-coroutine --disable-error-code=return-value
Test Python 3.11 on windows-latest	Run type checker	2025-06-30T08:30:32.2029701Z [36;1muv run mypy src/DHT/ --ignore-missing-imports --strict --disable-error-code=misc --disable-error-code=no-any-return --disable-error-code=unused-ignore --disable-error-code=assignment --disable-error-code=call-overload --disable-error-code=attr-defined --disable-error-code=arg-type --disable-error-code=index --disable-error-code=union-attr --disable-error-code=unused-coroutine --disable-error-code=return-value[0m
Test Python 3.11 on windows-latest	Run type checker	2025-06-30T08:30:32.2085623Z shell: C:\Program Files\PowerShell\7\pwsh.EXE -command ". '{0}'"
Test Python 3.11 on windows-latest	Run type checker	2025-06-30T08:30:32.2086151Z env:
Test Python 3.11 on windows-latest	Run type checker	2025-06-30T08:30:32.2086499Z   UV_CACHE_DIR: D:\a\_temp\setup-uv-cache
Test Python 3.11 on windows-latest	Run type checker	2025-06-30T08:30:32.2086955Z   UV_TOOL_BIN_DIR: D:\a\_temp\uv-tool-bin-dir
Test Python 3.11 on windows-latest	Run type checker	2025-06-30T08:30:32.2087389Z   UV_TOOL_DIR: D:\a\_temp\uv-tool-dir
Test Python 3.11 on windows-latest	Run type checker	2025-06-30T08:30:32.2087767Z ##[endgroup]
Test Python 3.11 on windows-latest	Run type checker	2025-06-30T08:30:35.9762888Z Bytecode compiled 5149 files in 3.54s
Test Python 3.11 on windows-latest	Run type checker	2025-06-30T08:31:14.8567240Z src\DHT\modules\commands\workspaces_command.py:210: error: Redundant cast to "dict[str, Any]"  [redundant-cast]
Test Python 3.11 on windows-latest	Run type checker	2025-06-30T08:31:14.8622863Z src\DHT\modules\commands\upgrade_command.py:109: error: Redundant cast to "dict[str, Any]"  [redundant-cast]
Test Python 3.11 on windows-latest	Run type checker	2025-06-30T08:31:14.8677141Z src\DHT\modules\commands\remove_command.py:105: error: Redundant cast to "dict[str, Any]"  [redundant-cast]
Test Python 3.11 on windows-latest	Run type checker	2025-06-30T08:31:14.8745922Z src\DHT\modules\commands\project_command.py:124: error: Redundant cast to "dict[str, Any]"  [redundant-cast]
Test Python 3.11 on windows-latest	Run type checker	2025-06-30T08:31:14.8772423Z src\DHT\modules\commands\install_command.py:107: error: Redundant cast to "dict[str, Any]"  [redundant-cast]
Test Python 3.11 on windows-latest	Run type checker	2025-06-30T08:31:14.8796705Z src\DHT\modules\commands\fmt_command.py:76: error: Redundant cast to "dict[str, Any]"  [redundant-cast]
Test Python 3.11 on windows-latest	Run type checker	2025-06-30T08:31:14.8901599Z src\DHT\modules\commands\doc_command.py:223: error: Redundant cast to "dict[str, Any]"  [redundant-cast]
Test Python 3.11 on windows-latest	Run type checker	2025-06-30T08:31:14.9034002Z src\DHT\modules\commands\check_command.py:133: error: Redundant cast to "dict[str, Any]"  [redundant-cast]
Test Python 3.11 on windows-latest	Run type checker	2025-06-30T08:31:14.9092044Z src\DHT\modules\commands\bin_command.py:106: error: Redundant cast to "dict[str, Any]"  [redundant-cast]
Test Python 3.11 on windows-latest	Run type checker	2025-06-30T08:31:15.1044126Z src\DHT\modules\commands\workspace_command.py:201: error: Redundant cast to "dict[str, Any]"  [redundant-cast]
Test Python 3.11 on windows-latest	Run type checker	2025-06-30T08:31:15.2887292Z Found 10 errors in 10 files (checked 183 source files)
Test Python 3.11 on windows-latest	Run type checker	2025-06-30T08:31:15.3991697Z ##[error]Process completed with exit code 1.
Test Python 3.12 on windows-latest	Run type checker	ï»¿2025-06-30T08:31:58.8766347Z ##[group]Run uv run mypy src/DHT/ --ignore-missing-imports --strict --disable-error-code=misc --disable-error-code=no-any-return --disable-error-code=unused-ignore --disable-error-code=assignment --disable-error-code=call-overload --disable-error-code=attr-defined --disable-error-code=arg-type --disable-error-code=index --disable-error-code=union-attr --disable-error-code=unused-coroutine --disable-error-code=return-value
Test Python 3.12 on windows-latest	Run type checker	2025-06-30T08:31:58.8769102Z [36;1muv run mypy src/DHT/ --ignore-missing-imports --strict --disable-error-code=misc --disable-error-code=no-any-return --disable-error-code=unused-ignore --disable-error-code=assignment --disable-error-code=call-overload --disable-error-code=attr-defined --disable-error-code=arg-type --disable-error-code=index --disable-error-code=union-attr --disable-error-code=unused-coroutine --disable-error-code=return-value[0m
Test Python 3.12 on windows-latest	Run type checker	2025-06-30T08:31:58.8800759Z shell: C:\Program Files\PowerShell\7\pwsh.EXE -command ". '{0}'"
Test Python 3.12 on windows-latest	Run type checker	2025-06-30T08:31:58.8801066Z env:
Test Python 3.12 on windows-latest	Run type checker	2025-06-30T08:31:58.8801281Z   UV_CACHE_DIR: D:\a\_temp\setup-uv-cache
Test Python 3.12 on windows-latest	Run type checker	2025-06-30T08:31:58.8801548Z   UV_TOOL_BIN_DIR: D:\a\_temp\uv-tool-bin-dir
Test Python 3.12 on windows-latest	Run type checker	2025-06-30T08:31:58.8801787Z   UV_TOOL_DIR: D:\a\_temp\uv-tool-dir
Test Python 3.12 on windows-latest	Run type checker	2025-06-30T08:31:58.8801989Z ##[endgroup]
Test Python 3.12 on windows-latest	Run type checker	2025-06-30T08:32:02.6793116Z Bytecode compiled 5149 files in 3.57s
Test Python 3.12 on windows-latest	Run type checker	2025-06-30T08:32:40.6255562Z src\DHT\modules\commands\workspaces_command.py:210: error: Redundant cast to "dict[str, Any]"  [redundant-cast]
Test Python 3.12 on windows-latest	Run type checker	2025-06-30T08:32:40.6310210Z src\DHT\modules\commands\upgrade_command.py:109: error: Redundant cast to "dict[str, Any]"  [redundant-cast]
Test Python 3.12 on windows-latest	Run type checker	2025-06-30T08:32:40.6363855Z src\DHT\modules\commands\remove_command.py:105: error: Redundant cast to "dict[str, Any]"  [redundant-cast]
Test Python 3.12 on windows-latest	Run type checker	2025-06-30T08:32:40.6432629Z src\DHT\modules\commands\project_command.py:124: error: Redundant cast to "dict[str, Any]"  [redundant-cast]
Test Python 3.12 on windows-latest	Run type checker	2025-06-30T08:32:40.6460124Z src\DHT\modules\commands\install_command.py:107: error: Redundant cast to "dict[str, Any]"  [redundant-cast]
Test Python 3.12 on windows-latest	Run type checker	2025-06-30T08:32:40.6483579Z src\DHT\modules\commands\fmt_command.py:76: error: Redundant cast to "dict[str, Any]"  [redundant-cast]
Test Python 3.12 on windows-latest	Run type checker	2025-06-30T08:32:40.6590869Z src\DHT\modules\commands\doc_command.py:223: error: Redundant cast to "dict[str, Any]"  [redundant-cast]
Test Python 3.12 on windows-latest	Run type checker	2025-06-30T08:32:40.6726114Z src\DHT\modules\commands\check_command.py:133: error: Redundant cast to "dict[str, Any]"  [redundant-cast]
Test Python 3.12 on windows-latest	Run type checker	2025-06-30T08:32:40.6785311Z src\DHT\modules\commands\bin_command.py:106: error: Redundant cast to "dict[str, Any]"  [redundant-cast]
Test Python 3.12 on windows-latest	Run type checker	2025-06-30T08:32:40.8705958Z src\DHT\modules\commands\workspace_command.py:201: error: Redundant cast to "dict[str, Any]"  [redundant-cast]
Test Python 3.12 on windows-latest	Run type checker	2025-06-30T08:32:41.0550052Z Found 10 errors in 10 files (checked 183 source files)
Test Python 3.12 on windows-latest	Run type checker	2025-06-30T08:32:41.1703785Z ##[error]Process completed with exit code 1.
Test Python 3.10 on macos-latest	Run type checker	ï»¿2025-06-30T08:30:32.3441220Z ##[group]Run uv run mypy src/DHT/ --ignore-missing-imports --strict --disable-error-code=misc --disable-error-code=no-any-return --disable-error-code=unused-ignore --disable-error-code=assignment --disable-error-code=call-overload --disable-error-code=attr-defined --disable-error-code=arg-type --disable-error-code=index --disable-error-code=union-attr --disable-error-code=unused-coroutine --disable-error-code=return-value
Test Python 3.10 on macos-latest	Run type checker	2025-06-30T08:30:32.3443550Z [36;1muv run mypy src/DHT/ --ignore-missing-imports --strict --disable-error-code=misc --disable-error-code=no-any-return --disable-error-code=unused-ignore --disable-error-code=assignment --disable-error-code=call-overload --disable-error-code=attr-defined --disable-error-code=arg-type --disable-error-code=index --disable-error-code=union-attr --disable-error-code=unused-coroutine --disable-error-code=return-value[0m
Test Python 3.10 on macos-latest	Run type checker	2025-06-30T08:30:32.3490360Z shell: /bin/bash -e {0}
Test Python 3.10 on macos-latest	Run type checker	2025-06-30T08:30:32.3490590Z env:
Test Python 3.10 on macos-latest	Run type checker	2025-06-30T08:30:32.3490750Z   UV_CACHE_DIR: /Users/runner/work/_temp/setup-uv-cache
Test Python 3.10 on macos-latest	Run type checker	2025-06-30T08:30:32.3490980Z ##[endgroup]
Test Python 3.10 on macos-latest	Run type checker	2025-06-30T08:30:33.3813390Z Bytecode compiled 4698 files in 990ms
Test Python 3.10 on macos-latest	Run type checker	2025-06-30T08:30:51.9291830Z src/DHT/modules/commands/workspaces_command.py:210: error: Redundant cast to "dict[str, Any]"  [redundant-cast]
Test Python 3.10 on macos-latest	Run type checker	2025-06-30T08:30:51.9312810Z src/DHT/modules/commands/upgrade_command.py:109: error: Redundant cast to "dict[str, Any]"  [redundant-cast]
Test Python 3.10 on macos-latest	Run type checker	2025-06-30T08:30:51.9332050Z src/DHT/modules/commands/remove_command.py:105: error: Redundant cast to "dict[str, Any]"  [redundant-cast]
Test Python 3.10 on macos-latest	Run type checker	2025-06-30T08:30:51.9356470Z src/DHT/modules/commands/project_command.py:124: error: Redundant cast to "dict[str, Any]"  [redundant-cast]
Test Python 3.10 on macos-latest	Run type checker	2025-06-30T08:30:51.9367980Z src/DHT/modules/commands/install_command.py:107: error: Redundant cast to "dict[str, Any]"  [redundant-cast]
Test Python 3.10 on macos-latest	Run type checker	2025-06-30T08:30:51.9376560Z src/DHT/modules/commands/fmt_command.py:76: error: Redundant cast to "dict[str, Any]"  [redundant-cast]
Test Python 3.10 on macos-latest	Run type checker	2025-06-30T08:30:51.9414920Z src/DHT/modules/commands/doc_command.py:223: error: Redundant cast to "dict[str, Any]"  [redundant-cast]
Test Python 3.10 on macos-latest	Run type checker	2025-06-30T08:30:51.9467460Z src/DHT/modules/commands/check_command.py:133: error: Redundant cast to "dict[str, Any]"  [redundant-cast]
Test Python 3.10 on macos-latest	Run type checker	2025-06-30T08:30:51.9486630Z src/DHT/modules/commands/bin_command.py:106: error: Redundant cast to "dict[str, Any]"  [redundant-cast]
Test Python 3.10 on macos-latest	Run type checker	2025-06-30T08:30:52.0128840Z src/DHT/modules/commands/workspace_command.py:201: error: Redundant cast to "dict[str, Any]"  [redundant-cast]
Test Python 3.10 on macos-latest	Run type checker	2025-06-30T08:30:52.0768860Z Found 10 errors in 10 files (checked 183 source files)
Test Python 3.10 on macos-latest	Run type checker	2025-06-30T08:30:52.0882520Z ##[error]Process completed with exit code 1.
Test Python 3.10 on ubuntu-latest	Run type checker	ï»¿2025-06-30T08:33:12.5577422Z ##[group]Run uv run mypy src/DHT/ --ignore-missing-imports --strict --disable-error-code=misc --disable-error-code=no-any-return --disable-error-code=unused-ignore --disable-error-code=assignment --disable-error-code=call-overload --disable-error-code=attr-defined --disable-error-code=arg-type --disable-error-code=index --disable-error-code=union-attr --disable-error-code=unused-coroutine --disable-error-code=return-value
Test Python 3.10 on ubuntu-latest	Run type checker	2025-06-30T08:33:12.5580419Z [36;1muv run mypy src/DHT/ --ignore-missing-imports --strict --disable-error-code=misc --disable-error-code=no-any-return --disable-error-code=unused-ignore --disable-error-code=assignment --disable-error-code=call-overload --disable-error-code=attr-defined --disable-error-code=arg-type --disable-error-code=index --disable-error-code=union-attr --disable-error-code=unused-coroutine --disable-error-code=return-value[0m
Test Python 3.10 on ubuntu-latest	Run type checker	2025-06-30T08:33:12.5638206Z shell: /usr/bin/bash -e {0}
Test Python 3.10 on ubuntu-latest	Run type checker	2025-06-30T08:33:12.5638682Z env:
Test Python 3.10 on ubuntu-latest	Run type checker	2025-06-30T08:33:12.5638900Z   UV_CACHE_DIR: /home/runner/work/_temp/setup-uv-cache
Test Python 3.10 on ubuntu-latest	Run type checker	2025-06-30T08:33:12.5639212Z ##[endgroup]
Test Python 3.10 on ubuntu-latest	Run type checker	2025-06-30T08:33:15.0372804Z Bytecode compiled 4698 files in 2.44s
Test Python 3.10 on ubuntu-latest	Run type checker	2025-06-30T08:33:47.2420764Z src/DHT/modules/commands/workspaces_command.py:210: error: Redundant cast to "dict[str, Any]"  [redundant-cast]
Test Python 3.10 on ubuntu-latest	Run type checker	2025-06-30T08:33:47.2468877Z src/DHT/modules/commands/upgrade_command.py:109: error: Redundant cast to "dict[str, Any]"  [redundant-cast]
Test Python 3.10 on ubuntu-latest	Run type checker	2025-06-30T08:33:47.2515456Z src/DHT/modules/commands/remove_command.py:105: error: Redundant cast to "dict[str, Any]"  [redundant-cast]
Test Python 3.10 on ubuntu-latest	Run type checker	2025-06-30T08:33:47.2575670Z src/DHT/modules/commands/project_command.py:124: error: Redundant cast to "dict[str, Any]"  [redundant-cast]
Test Python 3.10 on ubuntu-latest	Run type checker	2025-06-30T08:33:47.2599360Z src/DHT/modules/commands/install_command.py:107: error: Redundant cast to "dict[str, Any]"  [redundant-cast]
Test Python 3.10 on ubuntu-latest	Run type checker	2025-06-30T08:33:47.2619910Z src/DHT/modules/commands/fmt_command.py:76: error: Redundant cast to "dict[str, Any]"  [redundant-cast]
Test Python 3.10 on ubuntu-latest	Run type checker	2025-06-30T08:33:47.2712509Z src/DHT/modules/commands/doc_command.py:223: error: Redundant cast to "dict[str, Any]"  [redundant-cast]
Test Python 3.10 on ubuntu-latest	Run type checker	2025-06-30T08:33:47.2836429Z src/DHT/modules/commands/check_command.py:133: error: Redundant cast to "dict[str, Any]"  [redundant-cast]
Test Python 3.10 on ubuntu-latest	Run type checker	2025-06-30T08:33:47.2887581Z src/DHT/modules/commands/bin_command.py:106: error: Redundant cast to "dict[str, Any]"  [redundant-cast]
Test Python 3.10 on ubuntu-latest	Run type checker	2025-06-30T08:33:47.4532729Z src/DHT/modules/commands/workspace_command.py:201: error: Redundant cast to "dict[str, Any]"  [redundant-cast]
Test Python 3.10 on ubuntu-latest	Run type checker	2025-06-30T08:33:47.6108806Z Found 10 errors in 10 files (checked 183 source files)
Test Python 3.10 on ubuntu-latest	Run type checker	2025-06-30T08:33:47.6602148Z ##[error]Process completed with exit code 1.
Test Python 3.11 on macos-latest	Run type checker	ï»¿2025-06-30T08:30:04.4497070Z ##[group]Run uv run mypy src/DHT/ --ignore-missing-imports --strict --disable-error-code=misc --disable-error-code=no-any-return --disable-error-code=unused-ignore --disable-error-code=assignment --disable-error-code=call-overload --disable-error-code=attr-defined --disable-error-code=arg-type --disable-error-code=index --disable-error-code=union-attr --disable-error-code=unused-coroutine --disable-error-code=return-value
Test Python 3.11 on macos-latest	Run type checker	2025-06-30T08:30:04.4499650Z [36;1muv run mypy src/DHT/ --ignore-missing-imports --strict --disable-error-code=misc --disable-error-code=no-any-return --disable-error-code=unused-ignore --disable-error-code=assignment --disable-error-code=call-overload --disable-error-code=attr-defined --disable-error-code=arg-type --disable-error-code=index --disable-error-code=union-attr --disable-error-code=unused-coroutine --disable-error-code=return-value[0m
Test Python 3.11 on macos-latest	Run type checker	2025-06-30T08:30:04.4550860Z shell: /bin/bash -e {0}
Test Python 3.11 on macos-latest	Run type checker	2025-06-30T08:30:04.4551040Z env:
Test Python 3.11 on macos-latest	Run type checker	2025-06-30T08:30:04.4551240Z   UV_CACHE_DIR: /Users/runner/work/_temp/setup-uv-cache
Test Python 3.11 on macos-latest	Run type checker	2025-06-30T08:30:04.4551520Z ##[endgroup]
Test Python 3.11 on macos-latest	Run type checker	2025-06-30T08:30:05.8785200Z Bytecode compiled 4698 files in 1.37s
Test Python 3.11 on macos-latest	Run type checker	2025-06-30T08:30:28.5746680Z src/DHT/modules/commands/workspaces_command.py:210: error: Redundant cast to "dict[str, Any]"  [redundant-cast]
Test Python 3.11 on macos-latest	Run type checker	2025-06-30T08:30:28.5800790Z src/DHT/modules/commands/upgrade_command.py:109: error: Redundant cast to "dict[str, Any]"  [redundant-cast]
Test Python 3.11 on macos-latest	Run type checker	2025-06-30T08:30:28.5802110Z src/DHT/modules/commands/remove_command.py:105: error: Redundant cast to "dict[str, Any]"  [redundant-cast]
Test Python 3.11 on macos-latest	Run type checker	2025-06-30T08:30:28.5843590Z src/DHT/modules/commands/project_command.py:124: error: Redundant cast to "dict[str, Any]"  [redundant-cast]
Test Python 3.11 on macos-latest	Run type checker	2025-06-30T08:30:28.5844630Z src/DHT/modules/commands/install_command.py:107: error: Redundant cast to "dict[str, Any]"  [redundant-cast]
Test Python 3.11 on macos-latest	Run type checker	2025-06-30T08:30:28.5848570Z src/DHT/modules/commands/fmt_command.py:76: error: Redundant cast to "dict[str, Any]"  [redundant-cast]
Test Python 3.11 on macos-latest	Run type checker	2025-06-30T08:30:28.5882820Z src/DHT/modules/commands/doc_command.py:223: error: Redundant cast to "dict[str, Any]"  [redundant-cast]
Test Python 3.11 on macos-latest	Run type checker	2025-06-30T08:30:28.5945860Z src/DHT/modules/commands/check_command.py:133: error: Redundant cast to "dict[str, Any]"  [redundant-cast]
Test Python 3.11 on macos-latest	Run type checker	2025-06-30T08:30:28.5970010Z src/DHT/modules/commands/bin_command.py:106: error: Redundant cast to "dict[str, Any]"  [redundant-cast]
Test Python 3.11 on macos-latest	Run type checker	2025-06-30T08:30:28.6657040Z src/DHT/modules/commands/workspace_command.py:201: error: Redundant cast to "dict[str, Any]"  [redundant-cast]
Test Python 3.11 on macos-latest	Run type checker	2025-06-30T08:30:28.7380700Z Found 10 errors in 10 files (checked 183 source files)
Test Python 3.11 on macos-latest	Run type checker	2025-06-30T08:30:28.7500580Z ##[error]Process completed with exit code 1.
Test Python 3.12 on ubuntu-latest	Run type checker	ï»¿2025-06-30T08:32:03.7077056Z ##[group]Run uv run mypy src/DHT/ --ignore-missing-imports --strict --disable-error-code=misc --disable-error-code=no-any-return --disable-error-code=unused-ignore --disable-error-code=assignment --disable-error-code=call-overload --disable-error-code=attr-defined --disable-error-code=arg-type --disable-error-code=index --disable-error-code=union-attr --disable-error-code=unused-coroutine --disable-error-code=return-value
Test Python 3.12 on ubuntu-latest	Run type checker	2025-06-30T08:32:03.7081886Z [36;1muv run mypy src/DHT/ --ignore-missing-imports --strict --disable-error-code=misc --disable-error-code=no-any-return --disable-error-code=unused-ignore --disable-error-code=assignment --disable-error-code=call-overload --disable-error-code=attr-defined --disable-error-code=arg-type --disable-error-code=index --disable-error-code=union-attr --disable-error-code=unused-coroutine --disable-error-code=return-value[0m
Test Python 3.12 on ubuntu-latest	Run type checker	2025-06-30T08:32:03.7167544Z shell: /usr/bin/bash -e {0}
Test Python 3.12 on ubuntu-latest	Run type checker	2025-06-30T08:32:03.7167941Z env:
Test Python 3.12 on ubuntu-latest	Run type checker	2025-06-30T08:32:03.7168316Z   UV_CACHE_DIR: /home/runner/work/_temp/setup-uv-cache
Test Python 3.12 on ubuntu-latest	Run type checker	2025-06-30T08:32:03.7168848Z ##[endgroup]
Test Python 3.12 on ubuntu-latest	Run type checker	2025-06-30T08:32:06.1613813Z Bytecode compiled 4698 files in 2.41s
Test Python 3.12 on ubuntu-latest	Run type checker	2025-06-30T08:32:38.5047491Z src/DHT/modules/commands/workspaces_command.py:210: error: Redundant cast to "dict[str, Any]"  [redundant-cast]
Test Python 3.12 on ubuntu-latest	Run type checker	2025-06-30T08:32:38.5095652Z src/DHT/modules/commands/upgrade_command.py:109: error: Redundant cast to "dict[str, Any]"  [redundant-cast]
Test Python 3.12 on ubuntu-latest	Run type checker	2025-06-30T08:32:38.5144347Z src/DHT/modules/commands/remove_command.py:105: error: Redundant cast to "dict[str, Any]"  [redundant-cast]
Test Python 3.12 on ubuntu-latest	Run type checker	2025-06-30T08:32:38.5204769Z src/DHT/modules/commands/project_command.py:124: error: Redundant cast to "dict[str, Any]"  [redundant-cast]
Test Python 3.12 on ubuntu-latest	Run type checker	2025-06-30T08:32:38.5228474Z src/DHT/modules/commands/install_command.py:107: error: Redundant cast to "dict[str, Any]"  [redundant-cast]
Test Python 3.12 on ubuntu-latest	Run type checker	2025-06-30T08:32:38.5248901Z src/DHT/modules/commands/fmt_command.py:76: error: Redundant cast to "dict[str, Any]"  [redundant-cast]
Test Python 3.12 on ubuntu-latest	Run type checker	2025-06-30T08:32:38.5340809Z src/DHT/modules/commands/doc_command.py:223: error: Redundant cast to "dict[str, Any]"  [redundant-cast]
Test Python 3.12 on ubuntu-latest	Run type checker	2025-06-30T08:32:38.5466736Z src/DHT/modules/commands/check_command.py:133: error: Redundant cast to "dict[str, Any]"  [redundant-cast]
Test Python 3.12 on ubuntu-latest	Run type checker	2025-06-30T08:32:38.5517962Z src/DHT/modules/commands/bin_command.py:106: error: Redundant cast to "dict[str, Any]"  [redundant-cast]
Test Python 3.12 on ubuntu-latest	Run type checker	2025-06-30T08:32:38.7177247Z src/DHT/modules/commands/workspace_command.py:201: error: Redundant cast to "dict[str, Any]"  [redundant-cast]
Test Python 3.12 on ubuntu-latest	Run type checker	2025-06-30T08:32:38.8741630Z Found 10 errors in 10 files (checked 183 source files)
Test Python 3.12 on ubuntu-latest	Run type checker	2025-06-30T08:32:38.9216871Z ##[error]Process completed with exit code 1.
Test Python 3.12 on macos-latest	Run type checker	ï»¿2025-06-30T08:31:48.7040250Z ##[group]Run uv run mypy src/DHT/ --ignore-missing-imports --strict --disable-error-code=misc --disable-error-code=no-any-return --disable-error-code=unused-ignore --disable-error-code=assignment --disable-error-code=call-overload --disable-error-code=attr-defined --disable-error-code=arg-type --disable-error-code=index --disable-error-code=union-attr --disable-error-code=unused-coroutine --disable-error-code=return-value
Test Python 3.12 on macos-latest	Run type checker	2025-06-30T08:31:48.7042420Z [36;1muv run mypy src/DHT/ --ignore-missing-imports --strict --disable-error-code=misc --disable-error-code=no-any-return --disable-error-code=unused-ignore --disable-error-code=assignment --disable-error-code=call-overload --disable-error-code=attr-defined --disable-error-code=arg-type --disable-error-code=index --disable-error-code=union-attr --disable-error-code=unused-coroutine --disable-error-code=return-value[0m
Test Python 3.12 on macos-latest	Run type checker	2025-06-30T08:31:48.7099220Z shell: /bin/bash -e {0}
Test Python 3.12 on macos-latest	Run type checker	2025-06-30T08:31:48.7099400Z env:
Test Python 3.12 on macos-latest	Run type checker	2025-06-30T08:31:48.7099590Z   UV_CACHE_DIR: /Users/runner/work/_temp/setup-uv-cache
Test Python 3.12 on macos-latest	Run type checker	2025-06-30T08:31:48.7099880Z ##[endgroup]
Test Python 3.12 on macos-latest	Run type checker	2025-06-30T08:31:50.3184710Z Bytecode compiled 4698 files in 1.56s
Test Python 3.12 on macos-latest	Run type checker	2025-06-30T08:32:12.9819890Z src/DHT/modules/commands/workspaces_command.py:210: error: Redundant cast to "dict[str, Any]"  [redundant-cast]
Test Python 3.12 on macos-latest	Run type checker	2025-06-30T08:32:12.9853620Z src/DHT/modules/commands/upgrade_command.py:109: error: Redundant cast to "dict[str, Any]"  [redundant-cast]
Test Python 3.12 on macos-latest	Run type checker	2025-06-30T08:32:12.9868340Z src/DHT/modules/commands/remove_command.py:105: error: Redundant cast to "dict[str, Any]"  [redundant-cast]
Test Python 3.12 on macos-latest	Run type checker	2025-06-30T08:32:12.9895560Z src/DHT/modules/commands/project_command.py:124: error: Redundant cast to "dict[str, Any]"  [redundant-cast]
Test Python 3.12 on macos-latest	Run type checker	2025-06-30T08:32:12.9907270Z src/DHT/modules/commands/install_command.py:107: error: Redundant cast to "dict[str, Any]"  [redundant-cast]
Test Python 3.12 on macos-latest	Run type checker	2025-06-30T08:32:12.9916960Z src/DHT/modules/commands/fmt_command.py:76: error: Redundant cast to "dict[str, Any]"  [redundant-cast]
Test Python 3.12 on macos-latest	Run type checker	2025-06-30T08:32:12.9958430Z src/DHT/modules/commands/doc_command.py:223: error: Redundant cast to "dict[str, Any]"  [redundant-cast]
Test Python 3.12 on macos-latest	Run type checker	2025-06-30T08:32:13.0015680Z src/DHT/modules/commands/check_command.py:133: error: Redundant cast to "dict[str, Any]"  [redundant-cast]
Test Python 3.12 on macos-latest	Run type checker	2025-06-30T08:32:13.0036700Z src/DHT/modules/commands/bin_command.py:106: error: Redundant cast to "dict[str, Any]"  [redundant-cast]
Test Python 3.12 on macos-latest	Run type checker	2025-06-30T08:32:13.0720740Z src/DHT/modules/commands/workspace_command.py:201: error: Redundant cast to "dict[str, Any]"  [redundant-cast]
Test Python 3.12 on macos-latest	Run type checker	2025-06-30T08:32:13.1447670Z Found 10 errors in 10 files (checked 183 source files)
Test Python 3.12 on macos-latest	Run type checker	2025-06-30T08:32:13.1640260Z ##[error]Process completed with exit code 1.
Test Python 3.10 on windows-latest	Run type checker	ï»¿2025-06-30T08:32:55.5815662Z ##[group]Run uv run mypy src/DHT/ --ignore-missing-imports --strict --disable-error-code=misc --disable-error-code=no-any-return --disable-error-code=unused-ignore --disable-error-code=assignment --disable-error-code=call-overload --disable-error-code=attr-defined --disable-error-code=arg-type --disable-error-code=index --disable-error-code=union-attr --disable-error-code=unused-coroutine --disable-error-code=return-value
Test Python 3.10 on windows-latest	Run type checker	2025-06-30T08:32:55.5820837Z [36;1muv run mypy src/DHT/ --ignore-missing-imports --strict --disable-error-code=misc --disable-error-code=no-any-return --disable-error-code=unused-ignore --disable-error-code=assignment --disable-error-code=call-overload --disable-error-code=attr-defined --disable-error-code=arg-type --disable-error-code=index --disable-error-code=union-attr --disable-error-code=unused-coroutine --disable-error-code=return-value[0m
Test Python 3.10 on windows-latest	Run type checker	2025-06-30T08:32:55.5877396Z shell: C:\Program Files\PowerShell\7\pwsh.EXE -command ". '{0}'"
Test Python 3.10 on windows-latest	Run type checker	2025-06-30T08:32:55.5877920Z env:
Test Python 3.10 on windows-latest	Run type checker	2025-06-30T08:32:55.5878246Z   UV_CACHE_DIR: D:\a\_temp\setup-uv-cache
Test Python 3.10 on windows-latest	Run type checker	2025-06-30T08:32:55.5878702Z   UV_TOOL_BIN_DIR: D:\a\_temp\uv-tool-bin-dir
Test Python 3.10 on windows-latest	Run type checker	2025-06-30T08:32:55.5879124Z   UV_TOOL_DIR: D:\a\_temp\uv-tool-dir
Test Python 3.10 on windows-latest	Run type checker	2025-06-30T08:32:55.5879506Z ##[endgroup]
Test Python 3.10 on windows-latest	Run type checker	2025-06-30T08:32:59.4223252Z Bytecode compiled 5149 files in 3.59s
Test Python 3.10 on windows-latest	Run type checker	2025-06-30T08:33:37.6194334Z src\DHT\modules\commands\workspaces_command.py:210: error: Redundant cast to "dict[str, Any]"  [redundant-cast]
Test Python 3.10 on windows-latest	Run type checker	2025-06-30T08:33:37.6247713Z src\DHT\modules\commands\upgrade_command.py:109: error: Redundant cast to "dict[str, Any]"  [redundant-cast]
Test Python 3.10 on windows-latest	Run type checker	2025-06-30T08:33:37.6301409Z src\DHT\modules\commands\remove_command.py:105: error: Redundant cast to "dict[str, Any]"  [redundant-cast]
Test Python 3.10 on windows-latest	Run type checker	2025-06-30T08:33:37.6369144Z src\DHT\modules\commands\project_command.py:124: error: Redundant cast to "dict[str, Any]"  [redundant-cast]
Test Python 3.10 on windows-latest	Run type checker	2025-06-30T08:33:37.6395590Z src\DHT\modules\commands\install_command.py:107: error: Redundant cast to "dict[str, Any]"  [redundant-cast]
Test Python 3.10 on windows-latest	Run type checker	2025-06-30T08:33:37.6418527Z src\DHT\modules\commands\fmt_command.py:76: error: Redundant cast to "dict[str, Any]"  [redundant-cast]
Test Python 3.10 on windows-latest	Run type checker	2025-06-30T08:33:37.6521367Z src\DHT\modules\commands\doc_command.py:223: error: Redundant cast to "dict[str, Any]"  [redundant-cast]
Test Python 3.10 on windows-latest	Run type checker	2025-06-30T08:33:37.6650691Z src\DHT\modules\commands\check_command.py:133: error: Redundant cast to "dict[str, Any]"  [redundant-cast]
Test Python 3.10 on windows-latest	Run type checker	2025-06-30T08:33:37.6708731Z src\DHT\modules\commands\bin_command.py:106: error: Redundant cast to "dict[str, Any]"  [redundant-cast]
Test Python 3.10 on windows-latest	Run type checker	2025-06-30T08:33:37.8618728Z src\DHT\modules\commands\workspace_command.py:201: error: Redundant cast to "dict[str, Any]"  [redundant-cast]
Test Python 3.10 on windows-latest	Run type checker	2025-06-30T08:33:38.0409883Z Found 10 errors in 10 files (checked 183 source files)
Test Python 3.10 on windows-latest	Run type checker	2025-06-30T08:33:38.1563871Z ##[error]Process completed with exit code 1.
Combine coverage	Combine coverage	ï»¿2025-06-30T08:34:01.9202963Z ##[group]Run # Find all .coverage files and combine them
Combine coverage	Combine coverage	2025-06-30T08:34:01.9203353Z [36;1m# Find all .coverage files and combine them[0m
Combine coverage	Combine coverage	2025-06-30T08:34:01.9203718Z [36;1mfind coverage-reports -name ".coverage" -exec echo {} \;[0m
Combine coverage	Combine coverage	2025-06-30T08:34:01.9204249Z [36;1muv run coverage combine coverage-reports/*/.coverage || echo "No coverage files found to combine"[0m
Combine coverage	Combine coverage	2025-06-30T08:34:01.9204712Z [36;1m# If coverage files exist, generate reports[0m
Combine coverage	Combine coverage	2025-06-30T08:34:01.9204983Z [36;1mif [ -f .coverage ]; then[0m
Combine coverage	Combine coverage	2025-06-30T08:34:01.9205209Z [36;1m  uv run coverage report[0m
Combine coverage	Combine coverage	2025-06-30T08:34:01.9205431Z [36;1m  uv run coverage html[0m
Combine coverage	Combine coverage	2025-06-30T08:34:01.9205635Z [36;1melse[0m
Combine coverage	Combine coverage	2025-06-30T08:34:01.9205846Z [36;1m  echo "No combined coverage data available"[0m
Combine coverage	Combine coverage	2025-06-30T08:34:01.9206089Z [36;1mfi[0m
Combine coverage	Combine coverage	2025-06-30T08:34:01.9262902Z shell: /usr/bin/bash -e {0}
Combine coverage	Combine coverage	2025-06-30T08:34:01.9263124Z env:
Combine coverage	Combine coverage	2025-06-30T08:34:01.9263333Z   UV_CACHE_DIR: /home/runner/work/_temp/setup-uv-cache
Combine coverage	Combine coverage	2025-06-30T08:34:01.9263631Z ##[endgroup]
Combine coverage	Combine coverage	2025-06-30T08:34:01.9352147Z find: âcoverage-reportsâ: No such file or directory
Combine coverage	Combine coverage	2025-06-30T08:34:01.9365818Z ##[error]Process completed with exit code 1.
