Test Python 3.11 on macos-latest	Run type checker	ï»¿2025-06-25T09:38:22.7229340Z ##[group]Run uv run mypy src/DHT/
Test Python 3.11 on macos-latest	Run type checker	2025-06-25T09:38:22.7229620Z [36;1muv run mypy src/DHT/[0m
Test Python 3.11 on macos-latest	Run type checker	2025-06-25T09:38:22.7279540Z shell: /bin/bash -e {0}
Test Python 3.11 on macos-latest	Run type checker	2025-06-25T09:38:22.7279710Z env:
Test Python 3.11 on macos-latest	Run type checker	2025-06-25T09:38:22.7279880Z   UV_CACHE_DIR: /Users/runner/work/_temp/setup-uv-cache
Test Python 3.11 on macos-latest	Run type checker	2025-06-25T09:38:22.7280100Z ##[endgroup]
Test Python 3.11 on macos-latest	Run type checker	2025-06-25T09:38:29.2420890Z src/DHT/modules/parsers/bash_parser_tree_sitter.py:33: error: Incompatible types in assignment (expression has type "None", variable has type Module)  [assignment]
Test Python 3.11 on macos-latest	Run type checker	2025-06-25T09:38:29.8275640Z src/DHT/setup_tree_sitter.py:140: error: No overload variant of "Language" matches argument types "str", "str"  [call-overload]
Test Python 3.11 on macos-latest	Run type checker	2025-06-25T09:38:29.8276410Z src/DHT/setup_tree_sitter.py:140: note: Possible overload variants:
Test Python 3.11 on macos-latest	Run type checker	2025-06-25T09:38:29.8276890Z src/DHT/setup_tree_sitter.py:140: note:     def __init__(self, int, /) -> Language
Test Python 3.11 on macos-latest	Run type checker	2025-06-25T09:38:29.8277320Z src/DHT/setup_tree_sitter.py:140: note:     def __init__(self, object, /) -> Language
Test Python 3.11 on macos-latest	Run type checker	2025-06-25T09:38:29.8277800Z src/DHT/setup_tree_sitter.py:153: error: Module has no attribute "build_library"  [attr-defined]
Test Python 3.11 on macos-latest	Run type checker	2025-06-25T09:38:29.8279710Z src/DHT/setup_tree_sitter.py:157: error: Module has no attribute "build_library"  [attr-defined]
Test Python 3.11 on macos-latest	Run type checker	2025-06-25T09:38:29.8282390Z src/DHT/setup_tree_sitter.py:180: error: No overload variant of "Language" matches argument types "str", "str"  [call-overload]
Test Python 3.11 on macos-latest	Run type checker	2025-06-25T09:38:29.8283050Z src/DHT/setup_tree_sitter.py:180: note: Possible overload variants:
Test Python 3.11 on macos-latest	Run type checker	2025-06-25T09:38:29.8283540Z src/DHT/setup_tree_sitter.py:180: note:     def __init__(self, int, /) -> Language
Test Python 3.11 on macos-latest	Run type checker	2025-06-25T09:38:29.8283940Z src/DHT/setup_tree_sitter.py:180: note:     def __init__(self, object, /) -> Language
Test Python 3.11 on macos-latest	Run type checker	2025-06-25T09:38:29.8284510Z src/DHT/setup_tree_sitter.py:201: error: No overload variant of "Language" matches argument types "str", "str"  [call-overload]
Test Python 3.11 on macos-latest	Run type checker	2025-06-25T09:38:29.8284980Z src/DHT/setup_tree_sitter.py:201: note: Possible overload variants:
Test Python 3.11 on macos-latest	Run type checker	2025-06-25T09:38:29.8285330Z src/DHT/setup_tree_sitter.py:201: note:     def __init__(self, int, /) -> Language
Test Python 3.11 on macos-latest	Run type checker	2025-06-25T09:38:29.8287270Z src/DHT/setup_tree_sitter.py:201: note:     def __init__(self, object, /) -> Language
Test Python 3.11 on macos-latest	Run type checker	2025-06-25T09:38:30.3472810Z src/DHT/modules/project_file_generators.py:327: error: Value of type "Collection[str]" is not indexable  [index]
Test Python 3.11 on macos-latest	Run type checker	2025-06-25T09:38:30.3474740Z src/DHT/modules/project_file_generators.py:330: error: Value of type "Collection[str]" is not indexable  [index]
Test Python 3.11 on macos-latest	Run type checker	2025-06-25T09:38:30.3476360Z src/DHT/modules/project_file_generators.py:339: error: Value of type "Collection[str]" is not indexable  [index]
Test Python 3.11 on macos-latest	Run type checker	2025-06-25T09:38:30.4542770Z src/DHT/modules/act_workflow_manager.py:101: error: Unsupported target for indexed assignment ("object")  [index]
Test Python 3.11 on macos-latest	Run type checker	2025-06-25T09:38:30.4544360Z src/DHT/modules/act_workflow_manager.py:104: error: Unsupported target for indexed assignment ("object")  [index]
Test Python 3.11 on macos-latest	Run type checker	2025-06-25T09:38:30.4545000Z src/DHT/modules/act_workflow_manager.py:109: error: Unsupported operand types for + ("object" and "int")  [operator]
Test Python 3.11 on macos-latest	Run type checker	2025-06-25T09:38:47.2166520Z src/DHT/modules/guardian_prefect.py:361: error: Argument 1 to "float" has incompatible type "Any | None"; expected "str | Buffer | SupportsFloat | SupportsIndex"  [arg-type]
Test Python 3.11 on macos-latest	Run type checker	2025-06-25T09:38:47.2171110Z src/DHT/modules/guardian_prefect.py:576: error: Argument 1 to "__call__" of "Flow" has incompatible type "list[Collection[str]]"; expected "list[str | dict[str, Any]]"  [arg-type]
Test Python 3.11 on macos-latest	Run type checker	2025-06-25T09:38:47.2355470Z src/DHT/modules/environment_verification_utils.py:56: error: Redundant cast to "Logger"  [redundant-cast]
Test Python 3.11 on macos-latest	Run type checker	2025-06-25T09:38:47.2770410Z src/DHT/modules/environment_reproducer.py:98: error: Incompatible types in assignment (expression has type "Logger | LoggerAdapter[Logger]", variable has type "Logger | None")  [assignment]
Test Python 3.11 on macos-latest	Run type checker	2025-06-25T09:38:47.3035690Z src/DHT/modules/environment_configurator.py:81: error: Incompatible types in assignment (expression has type "Logger | LoggerAdapter[Logger]", variable has type "Logger | None")  [assignment]
Test Python 3.11 on macos-latest	Run type checker	2025-06-25T09:38:47.3044990Z src/DHT/modules/environment_configurator.py:279: error: "State[dict[str, Any]]" has no attribute "get"  [attr-defined]
Test Python 3.11 on macos-latest	Run type checker	2025-06-25T09:38:47.3055180Z src/DHT/modules/environment_configurator.py:290: error: "None" has no attribute "project_type"  [attr-defined]
Test Python 3.11 on macos-latest	Run type checker	2025-06-25T09:38:47.3055970Z src/DHT/modules/environment_configurator.py:299: error: "None" has no attribute "quality_tools"  [attr-defined]
Test Python 3.11 on macos-latest	Run type checker	2025-06-25T09:38:47.3275790Z src/DHT/modules/environment_analyzer.py:197: error: Need type annotation for "requirements"  [var-annotated]
Test Python 3.11 on macos-latest	Run type checker	2025-06-25T09:38:47.3336200Z src/DHT/modules/environment_analyzer.py:236: error: Incompatible types in assignment (expression has type "str", target has type "list[Any] | None")  [assignment]
Test Python 3.11 on macos-latest	Run type checker	2025-06-25T09:38:47.3341410Z src/DHT/modules/dockerfile_generator.py:175: error: Argument 1 to "_get_system_deps" of "DockerfileGenerator" has incompatible type "object"; expected "list[str]"  [arg-type]
Test Python 3.11 on macos-latest	Run type checker	2025-06-25T09:38:47.3362470Z src/DHT/modules/dockerfile_generator.py:179: error: Argument 2 to "_detect_ports" of "DockerfileGenerator" has incompatible type "object"; expected "str | None"  [arg-type]
Test Python 3.11 on macos-latest	Run type checker	2025-06-25T09:38:47.4072910Z src/DHT/modules/parsers/base_parser.py:78: error: No overload variant of "Language" matches argument types "Path", "str"  [call-overload]
Test Python 3.11 on macos-latest	Run type checker	2025-06-25T09:38:47.4073720Z src/DHT/modules/parsers/base_parser.py:78: note: Possible overload variants:
Test Python 3.11 on macos-latest	Run type checker	2025-06-25T09:38:47.4074250Z src/DHT/modules/parsers/base_parser.py:78: note:     def __init__(self, int, /) -> Language
Test Python 3.11 on macos-latest	Run type checker	2025-06-25T09:38:47.4074850Z src/DHT/modules/parsers/base_parser.py:78: note:     def __init__(self, object, /) -> Language
Test Python 3.11 on macos-latest	Run type checker	2025-06-25T09:38:47.5253450Z src/DHT/modules/dhtl_guardian_command.py:54: error: Argument 1 to "guardian_run" has incompatible type "Sequence[Any]"; expected "list[str]"  [arg-type]
Test Python 3.11 on macos-latest	Run type checker	2025-06-25T09:38:47.5276250Z src/DHT/modules/dhtl_guardian_command.py:56: error: Argument 1 to "guardian_batch" has incompatible type "Sequence[Any]"; expected "list[str]"  [arg-type]
Test Python 3.11 on macos-latest	Run type checker	2025-06-25T09:38:47.5277240Z src/DHT/modules/dhtl_guardian_command.py:58: error: Argument 1 to "guardian_config" has incompatible type "Sequence[Any]"; expected "list[str]"  [arg-type]
Test Python 3.11 on macos-latest	Run type checker	2025-06-25T09:38:47.5278250Z src/DHT/modules/dhtl_guardian_command.py:60: error: Argument 1 to "guardian_status" has incompatible type "Sequence[Any]"; expected "list[str]"  [arg-type]
Test Python 3.11 on macos-latest	Run type checker	2025-06-25T09:38:47.5330880Z src/DHT/modules/dhtl_commands_standalone.py:54: error: "_normalize_args" does not return a value (it only ever returns None)  [func-returns-value]
Test Python 3.11 on macos-latest	Run type checker	2025-06-25T09:38:47.5335670Z src/DHT/modules/dhtl_commands_standalone.py:103: error: "_normalize_args" does not return a value (it only ever returns None)  [func-returns-value]
Test Python 3.11 on macos-latest	Run type checker	2025-06-25T09:38:47.5337870Z src/DHT/modules/dhtl_commands_standalone.py:152: error: "_normalize_args" does not return a value (it only ever returns None)  [func-returns-value]
Test Python 3.11 on macos-latest	Run type checker	2025-06-25T09:38:47.5340050Z src/DHT/modules/dhtl_commands_standalone.py:182: error: "_normalize_args" does not return a value (it only ever returns None)  [func-returns-value]
Test Python 3.11 on macos-latest	Run type checker	2025-06-25T09:38:47.6259870Z src/DHT/modules/dht_flows/restore_flow.py:346: error: Unsupported target for indexed assignment ("State[dict[str, Any]]")  [index]
Test Python 3.11 on macos-latest	Run type checker	2025-06-25T09:38:47.6260670Z src/DHT/modules/dht_flows/restore_flow.py:353: error: Value of type "State[dict[str, Any]]" is not indexable  [index]
Test Python 3.11 on macos-latest	Run type checker	2025-06-25T09:38:47.6261280Z src/DHT/modules/dht_flows/restore_flow.py:364: error: Value of type "State[dict[str, Any]]" is not indexable  [index]
Test Python 3.11 on macos-latest	Run type checker	2025-06-25T09:38:47.6261940Z src/DHT/modules/dht_flows/restore_flow.py:367: error: Value of type "State[dict[str, Any]]" is not indexable  [index]
Test Python 3.11 on macos-latest	Run type checker	2025-06-25T09:38:47.6262540Z src/DHT/modules/dht_flows/restore_flow.py:368: error: Value of type "State[dict[str, Any]]" is not indexable  [index]
Test Python 3.11 on macos-latest	Run type checker	2025-06-25T09:38:47.6490770Z src/DHT/modules/dhtl_guardian_prefect.py:63: error: Item "RunnerDeployment" of "RunnerDeployment | Coroutine[Any, Any, RunnerDeployment]" has no attribute "interval"  [union-attr]
Test Python 3.11 on macos-latest	Run type checker	2025-06-25T09:38:47.6492310Z src/DHT/modules/dhtl_guardian_prefect.py:63: error: Item "Coroutine[Any, Any, RunnerDeployment]" of "RunnerDeployment | Coroutine[Any, Any, RunnerDeployment]" has no attribute "interval"  [union-attr]
Test Python 3.11 on macos-latest	Run type checker	2025-06-25T09:38:47.6494270Z src/DHT/modules/dhtl_guardian_prefect.py:65: error: Item "RunnerDeployment" of "RunnerDeployment | Coroutine[Any, Any, RunnerDeployment]" has no attribute "cron"  [union-attr]
Test Python 3.11 on macos-latest	Run type checker	2025-06-25T09:38:47.6495340Z src/DHT/modules/dhtl_guardian_prefect.py:65: error: Item "Coroutine[Any, Any, RunnerDeployment]" of "RunnerDeployment | Coroutine[Any, Any, RunnerDeployment]" has no attribute "cron"  [union-attr]
Test Python 3.11 on macos-latest	Run type checker	2025-06-25T09:38:47.6496510Z src/DHT/modules/dhtl_guardian_prefect.py:79: error: Item "RunnerDeployment" of "RunnerDeployment | Coroutine[Any, Any, RunnerDeployment]" has no attribute "serve"  [union-attr]
Test Python 3.11 on macos-latest	Run type checker	2025-06-25T09:38:47.6497500Z src/DHT/modules/dhtl_guardian_prefect.py:79: error: Item "Coroutine[Any, Any, RunnerDeployment]" of "RunnerDeployment | Coroutine[Any, Any, RunnerDeployment]" has no attribute "serve"  [union-attr]
Test Python 3.11 on macos-latest	Run type checker	2025-06-25T09:38:47.6498890Z src/DHT/modules/dhtl_guardian_prefect.py:180: error: Value of type "Coroutine[Any, Any, R?]" must be used  [unused-coroutine]
Test Python 3.11 on macos-latest	Run type checker	2025-06-25T09:38:47.6499490Z src/DHT/modules/dhtl_guardian_prefect.py:180: note: Are you missing an await?
Test Python 3.11 on macos-latest	Run type checker	2025-06-25T09:38:47.6500080Z src/DHT/modules/dhtl_guardian_prefect.py:206: error: Value of type "Any | None" is not indexable  [index]
Test Python 3.11 on macos-latest	Run type checker	2025-06-25T09:38:47.6671870Z src/DHT/modules/dht_flows/test_flow.py:117: error: Argument 1 to "extend" of "list" has incompatible type "Generator[Path, None, None]"; expected "Iterable[str]"  [arg-type]
Test Python 3.11 on macos-latest	Run type checker	2025-06-25T09:38:47.6672770Z src/DHT/modules/dht_flows/test_flow.py:118: error: Argument 1 to "extend" of "list" has incompatible type "Generator[Path, None, None]"; expected "Iterable[str]"  [arg-type]
Test Python 3.11 on macos-latest	Run type checker	2025-06-25T09:38:47.6673590Z src/DHT/modules/dht_flows/test_flow.py:119: error: Argument 1 to "extend" of "list" has incompatible type "list[Path]"; expected "Iterable[str]"  [arg-type]
Test Python 3.11 on macos-latest	Run type checker	2025-06-25T09:38:47.6674470Z src/DHT/modules/dht_flows/test_flow.py:435: error: Incompatible types in assignment (expression has type "State[dict[str, Any]]", variable has type "dict[str, Any]")  [assignment]
Test Python 3.11 on macos-latest	Run type checker	2025-06-25T09:38:47.6675220Z src/DHT/modules/dht_flows/test_flow.py:439: error: Value of type "State[dict[str, Any]]" is not indexable  [index]
Test Python 3.11 on macos-latest	Run type checker	2025-06-25T09:38:47.6675840Z src/DHT/modules/dht_flows/test_flow.py:448: error: Value of type "State[dict[str, Any]]" is not indexable  [index]
Test Python 3.11 on macos-latest	Run type checker	2025-06-25T09:38:47.6676410Z src/DHT/modules/dht_flows/test_flow.py:449: error: Value of type "State[dict[str, Any]]" is not indexable  [index]
Test Python 3.11 on macos-latest	Run type checker	2025-06-25T09:38:47.6676980Z src/DHT/modules/dht_flows/test_flow.py:457: error: Value of type "State[dict[str, Any]]" is not indexable  [index]
Test Python 3.11 on macos-latest	Run type checker	2025-06-25T09:38:47.6775790Z src/DHT/modules/command_runner.py:184: error: No overload variant of "__call__" of "FlowDecorator" matches argument types "str", "str", "bool", "Callable[[Any, Any], str]"  [call-overload]
Test Python 3.11 on macos-latest	Run type checker	2025-06-25T09:38:47.6776660Z src/DHT/modules/command_runner.py:184: note: Possible overload variants:
Test Python 3.11 on macos-latest	Run type checker	2025-06-25T09:38:47.6777290Z src/DHT/modules/command_runner.py:184: note:     def [P`51551, R] __call__(self, Callable[P, R], /) -> Flow[P, R]
Test Python 3.11 on macos-latest	Run type checker	2025-06-25T09:38:47.6779750Z src/DHT/modules/command_runner.py:184: note:     def __call__(self, None = ..., /, *, name: str | None = ..., version: str | None = ..., flow_run_name: Callable[[], str] | str | None = ..., retries: int | None = ..., retry_delay_seconds: int | float | None = ..., task_runner: None = ..., description: str | None = ..., timeout_seconds: int | float | None = ..., validate_parameters: bool = ..., persist_result: bool | None = ..., result_storage: WritableFileSystem | str | None = ..., result_serializer: Serializer[Any] | str | None = ..., cache_result_in_memory: bool = ..., log_prints: bool | None = ..., on_completion: list[FlowStateHook[[VarArg(Any), KwArg(Any)], Any]] | None = ..., on_failure: list[FlowStateHook[[VarArg(Any), KwArg(Any)], Any]] | None = ..., on_cancellation: list[FlowStateHook[[VarArg(Any), KwArg(Any)], Any]] | None = ..., on_crashed: list[FlowStateHook[[VarArg(Any), KwArg(Any)], Any]] | None = ..., on_running: list[FlowStateHook[[VarArg(Any), KwArg(Any)], Any]] | None = ...) -> Callable[[Callable[P, R]], Flow[P, R]]
Test Python 3.11 on macos-latest	Run type checker	2025-06-25T09:38:47.6785170Z src/DHT/modules/command_runner.py:184: note:     def [R] __call__(self, None = ..., /, *, name: str | None = ..., version: str | None = ..., flow_run_name: Callable[[], str] | str | None = ..., retries: int | None = ..., retry_delay_seconds: int | float | None = ..., task_runner: TaskRunner[PrefectFuture[R]] | None = ..., description: str | None = ..., timeout_seconds: int | float | None = ..., validate_parameters: bool = ..., persist_result: bool | None = ..., result_storage: WritableFileSystem | str | None = ..., result_serializer: Serializer[Any] | str | None = ..., cache_result_in_memory: bool = ..., log_prints: bool | None = ..., on_completion: list[FlowStateHook[[VarArg(Any), KwArg(Any)], Any]] | None = ..., on_failure: list[FlowStateHook[[VarArg(Any), KwArg(Any)], Any]] | None = ..., on_cancellation: list[FlowStateHook[[VarArg(Any), KwArg(Any)], Any]] | None = ..., on_crashed: list[FlowStateHook[[VarArg(Any), KwArg(Any)], Any]] | None = ..., on_running: list[FlowStateHook[[VarArg(Any), KwArg(Any)], Any]] | None = ...) -> Callable[[Callable[P, R]], Flow[P, R]]
Test Python 3.11 on macos-latest	Run type checker	2025-06-25T09:38:47.6987280Z src/DHT/modules/command_dispatcher.py:265: error: Incompatible default for argument "args" (default has type "None", argument has type "list[str]")  [assignment]
Test Python 3.11 on macos-latest	Run type checker	2025-06-25T09:38:47.6989780Z src/DHT/modules/command_dispatcher.py:265: note: PEP 484 prohibits implicit Optional. Accordingly, mypy has changed its default to no_implicit_optional=True
Test Python 3.11 on macos-latest	Run type checker	2025-06-25T09:38:47.6992400Z src/DHT/modules/command_dispatcher.py:265: note: Use https://github.com/hauntsaninja/no_implicit_optional to automatically upgrade your codebase
Test Python 3.11 on macos-latest	Run type checker	2025-06-25T09:38:47.6994570Z src/DHT/modules/command_dispatcher.py:293: error: Incompatible default for argument "args" (default has type "None", argument has type "list[str]")  [assignment]
Test Python 3.11 on macos-latest	Run type checker	2025-06-25T09:38:47.6997030Z src/DHT/modules/command_dispatcher.py:293: note: PEP 484 prohibits implicit Optional. Accordingly, mypy has changed its default to no_implicit_optional=True
Test Python 3.11 on macos-latest	Run type checker	2025-06-25T09:38:47.6999180Z src/DHT/modules/command_dispatcher.py:293: note: Use https://github.com/hauntsaninja/no_implicit_optional to automatically upgrade your codebase
Test Python 3.11 on macos-latest	Run type checker	2025-06-25T09:38:47.7054790Z src/DHT/launcher.py:31: error: Name "Colors" already defined (possibly by an import)  [no-redef]
Test Python 3.11 on macos-latest	Run type checker	2025-06-25T09:38:47.7060610Z src/DHT/launcher.py:207: error: Name "CommandDispatcher" already defined (possibly by an import)  [no-redef]
Test Python 3.11 on macos-latest	Run type checker	2025-06-25T09:38:47.7073660Z src/DHT/dhtl.py:37: error: Name "DHTLauncher" already defined (possibly by an import)  [no-redef]
Test Python 3.11 on macos-latest	Run type checker	2025-06-25T09:38:47.7394180Z Found 60 errors in 20 files (checked 182 source files)
Test Python 3.11 on macos-latest	Run type checker	2025-06-25T09:38:47.7761600Z ##[error]Process completed with exit code 1.
Test Python 3.10 on macos-latest	Run type checker	ï»¿2025-06-25T09:39:09.8028500Z ##[group]Run uv run mypy src/DHT/
Test Python 3.10 on macos-latest	Run type checker	2025-06-25T09:39:09.8028730Z [36;1muv run mypy src/DHT/[0m
Test Python 3.10 on macos-latest	Run type checker	2025-06-25T09:39:09.8072240Z shell: /bin/bash -e {0}
Test Python 3.10 on macos-latest	Run type checker	2025-06-25T09:39:09.8072400Z env:
Test Python 3.10 on macos-latest	Run type checker	2025-06-25T09:39:09.8072590Z   UV_CACHE_DIR: /Users/runner/work/_temp/setup-uv-cache
Test Python 3.10 on macos-latest	Run type checker	2025-06-25T09:39:09.8073040Z ##[endgroup]
Test Python 3.10 on macos-latest	Run type checker	2025-06-25T09:39:15.5911420Z src/DHT/modules/parsers/bash_parser_tree_sitter.py:33: error: Incompatible types in assignment (expression has type "None", variable has type Module)  [assignment]
Test Python 3.10 on macos-latest	Run type checker	2025-06-25T09:39:16.0731730Z src/DHT/setup_tree_sitter.py:140: error: No overload variant of "Language" matches argument types "str", "str"  [call-overload]
Test Python 3.10 on macos-latest	Run type checker	2025-06-25T09:39:16.0741320Z src/DHT/setup_tree_sitter.py:140: note: Possible overload variants:
Test Python 3.10 on macos-latest	Run type checker	2025-06-25T09:39:16.0742050Z src/DHT/setup_tree_sitter.py:140: note:     def __init__(self, int, /) -> Language
Test Python 3.10 on macos-latest	Run type checker	2025-06-25T09:39:16.0743380Z src/DHT/setup_tree_sitter.py:140: note:     def __init__(self, object, /) -> Language
Test Python 3.10 on macos-latest	Run type checker	2025-06-25T09:39:16.0744210Z src/DHT/setup_tree_sitter.py:153: error: Module has no attribute "build_library"  [attr-defined]
Test Python 3.10 on macos-latest	Run type checker	2025-06-25T09:39:16.0745680Z src/DHT/setup_tree_sitter.py:157: error: Module has no attribute "build_library"  [attr-defined]
Test Python 3.10 on macos-latest	Run type checker	2025-06-25T09:39:16.0746520Z src/DHT/setup_tree_sitter.py:180: error: No overload variant of "Language" matches argument types "str", "str"  [call-overload]
Test Python 3.10 on macos-latest	Run type checker	2025-06-25T09:39:16.0747240Z src/DHT/setup_tree_sitter.py:180: note: Possible overload variants:
Test Python 3.10 on macos-latest	Run type checker	2025-06-25T09:39:16.0748160Z src/DHT/setup_tree_sitter.py:180: note:     def __init__(self, int, /) -> Language
Test Python 3.10 on macos-latest	Run type checker	2025-06-25T09:39:16.0748720Z src/DHT/setup_tree_sitter.py:180: note:     def __init__(self, object, /) -> Language
Test Python 3.10 on macos-latest	Run type checker	2025-06-25T09:39:16.0749370Z src/DHT/setup_tree_sitter.py:201: error: No overload variant of "Language" matches argument types "str", "str"  [call-overload]
Test Python 3.10 on macos-latest	Run type checker	2025-06-25T09:39:16.0750070Z src/DHT/setup_tree_sitter.py:201: note: Possible overload variants:
Test Python 3.10 on macos-latest	Run type checker	2025-06-25T09:39:16.0750580Z src/DHT/setup_tree_sitter.py:201: note:     def __init__(self, int, /) -> Language
Test Python 3.10 on macos-latest	Run type checker	2025-06-25T09:39:16.0750980Z src/DHT/setup_tree_sitter.py:201: note:     def __init__(self, object, /) -> Language
Test Python 3.10 on macos-latest	Run type checker	2025-06-25T09:39:16.4399520Z src/DHT/modules/project_file_generators.py:327: error: Value of type "Collection[str]" is not indexable  [index]
Test Python 3.10 on macos-latest	Run type checker	2025-06-25T09:39:16.4400220Z src/DHT/modules/project_file_generators.py:330: error: Value of type "Collection[str]" is not indexable  [index]
Test Python 3.10 on macos-latest	Run type checker	2025-06-25T09:39:16.4400760Z src/DHT/modules/project_file_generators.py:339: error: Value of type "Collection[str]" is not indexable  [index]
Test Python 3.10 on macos-latest	Run type checker	2025-06-25T09:39:16.5148120Z src/DHT/modules/act_workflow_manager.py:101: error: Unsupported target for indexed assignment ("object")  [index]
Test Python 3.10 on macos-latest	Run type checker	2025-06-25T09:39:16.5148830Z src/DHT/modules/act_workflow_manager.py:104: error: Unsupported target for indexed assignment ("object")  [index]
Test Python 3.10 on macos-latest	Run type checker	2025-06-25T09:39:16.5149410Z src/DHT/modules/act_workflow_manager.py:109: error: Unsupported operand types for + ("object" and "int")  [operator]
Test Python 3.10 on macos-latest	Run type checker	2025-06-25T09:39:27.5855880Z src/DHT/modules/guardian_prefect.py:361: error: Argument 1 to "float" has incompatible type "Any | None"; expected "str | Buffer | SupportsFloat | SupportsIndex"  [arg-type]
Test Python 3.10 on macos-latest	Run type checker	2025-06-25T09:39:27.5857500Z src/DHT/modules/guardian_prefect.py:576: error: Argument 1 to "__call__" of "Flow" has incompatible type "list[Collection[str]]"; expected "list[str | dict[str, Any]]"  [arg-type]
Test Python 3.10 on macos-latest	Run type checker	2025-06-25T09:39:27.5904360Z src/DHT/modules/environment_verification_utils.py:56: error: Redundant cast to "Logger"  [redundant-cast]
Test Python 3.10 on macos-latest	Run type checker	2025-06-25T09:39:27.6126940Z src/DHT/modules/environment_reproducer.py:98: error: Incompatible types in assignment (expression has type "Logger | LoggerAdapter[Logger]", variable has type "Logger | None")  [assignment]
Test Python 3.10 on macos-latest	Run type checker	2025-06-25T09:39:27.6373680Z src/DHT/modules/environment_configurator.py:81: error: Incompatible types in assignment (expression has type "Logger | LoggerAdapter[Logger]", variable has type "Logger | None")  [assignment]
Test Python 3.10 on macos-latest	Run type checker	2025-06-25T09:39:27.6496120Z src/DHT/modules/environment_configurator.py:279: error: "State[dict[str, Any]]" has no attribute "get"  [attr-defined]
Test Python 3.10 on macos-latest	Run type checker	2025-06-25T09:39:27.6598530Z src/DHT/modules/environment_configurator.py:290: error: "None" has no attribute "project_type"  [attr-defined]
Test Python 3.10 on macos-latest	Run type checker	2025-06-25T09:39:27.6692260Z src/DHT/modules/environment_configurator.py:299: error: "None" has no attribute "quality_tools"  [attr-defined]
Test Python 3.10 on macos-latest	Run type checker	2025-06-25T09:39:27.6696830Z src/DHT/modules/environment_analyzer.py:197: error: Need type annotation for "requirements"  [var-annotated]
Test Python 3.10 on macos-latest	Run type checker	2025-06-25T09:39:27.6697510Z src/DHT/modules/environment_analyzer.py:236: error: Incompatible types in assignment (expression has type "str", target has type "list[Any] | None")  [assignment]
Test Python 3.10 on macos-latest	Run type checker	2025-06-25T09:39:27.6702120Z src/DHT/modules/dockerfile_generator.py:175: error: Argument 1 to "_get_system_deps" of "DockerfileGenerator" has incompatible type "object"; expected "list[str]"  [arg-type]
Test Python 3.10 on macos-latest	Run type checker	2025-06-25T09:39:27.6703160Z src/DHT/modules/dockerfile_generator.py:179: error: Argument 2 to "_detect_ports" of "DockerfileGenerator" has incompatible type "object"; expected "str | None"  [arg-type]
Test Python 3.10 on macos-latest	Run type checker	2025-06-25T09:39:27.7565190Z src/DHT/modules/parsers/base_parser.py:78: error: No overload variant of "Language" matches argument types "Path", "str"  [call-overload]
Test Python 3.10 on macos-latest	Run type checker	2025-06-25T09:39:27.7566980Z src/DHT/modules/parsers/base_parser.py:78: note: Possible overload variants:
Test Python 3.10 on macos-latest	Run type checker	2025-06-25T09:39:27.7567660Z src/DHT/modules/parsers/base_parser.py:78: note:     def __init__(self, int, /) -> Language
Test Python 3.10 on macos-latest	Run type checker	2025-06-25T09:39:27.7568270Z src/DHT/modules/parsers/base_parser.py:78: note:     def __init__(self, object, /) -> Language
Test Python 3.10 on macos-latest	Run type checker	2025-06-25T09:39:27.8542250Z src/DHT/modules/dhtl_guardian_command.py:54: error: Argument 1 to "guardian_run" has incompatible type "Sequence[Any]"; expected "list[str]"  [arg-type]
Test Python 3.10 on macos-latest	Run type checker	2025-06-25T09:39:27.8652820Z src/DHT/modules/dhtl_guardian_command.py:56: error: Argument 1 to "guardian_batch" has incompatible type "Sequence[Any]"; expected "list[str]"  [arg-type]
Test Python 3.10 on macos-latest	Run type checker	2025-06-25T09:39:27.8754620Z src/DHT/modules/dhtl_guardian_command.py:58: error: Argument 1 to "guardian_config" has incompatible type "Sequence[Any]"; expected "list[str]"  [arg-type]
Test Python 3.10 on macos-latest	Run type checker	2025-06-25T09:39:27.8855490Z src/DHT/modules/dhtl_guardian_command.py:60: error: Argument 1 to "guardian_status" has incompatible type "Sequence[Any]"; expected "list[str]"  [arg-type]
Test Python 3.10 on macos-latest	Run type checker	2025-06-25T09:39:27.8860740Z src/DHT/modules/dhtl_commands_standalone.py:54: error: "_normalize_args" does not return a value (it only ever returns None)  [func-returns-value]
Test Python 3.10 on macos-latest	Run type checker	2025-06-25T09:39:27.8861490Z src/DHT/modules/dhtl_commands_standalone.py:103: error: "_normalize_args" does not return a value (it only ever returns None)  [func-returns-value]
Test Python 3.10 on macos-latest	Run type checker	2025-06-25T09:39:27.8862440Z src/DHT/modules/dhtl_commands_standalone.py:152: error: "_normalize_args" does not return a value (it only ever returns None)  [func-returns-value]
Test Python 3.10 on macos-latest	Run type checker	2025-06-25T09:39:27.8863320Z src/DHT/modules/dhtl_commands_standalone.py:182: error: "_normalize_args" does not return a value (it only ever returns None)  [func-returns-value]
Test Python 3.10 on macos-latest	Run type checker	2025-06-25T09:39:27.9484610Z src/DHT/modules/dht_flows/restore_flow.py:346: error: Unsupported target for indexed assignment ("State[dict[str, Any]]")  [index]
Test Python 3.10 on macos-latest	Run type checker	2025-06-25T09:39:27.9498070Z src/DHT/modules/dht_flows/restore_flow.py:353: error: Value of type "State[dict[str, Any]]" is not indexable  [index]
Test Python 3.10 on macos-latest	Run type checker	2025-06-25T09:39:27.9498910Z src/DHT/modules/dht_flows/restore_flow.py:364: error: Value of type "State[dict[str, Any]]" is not indexable  [index]
Test Python 3.10 on macos-latest	Run type checker	2025-06-25T09:39:27.9499670Z src/DHT/modules/dht_flows/restore_flow.py:367: error: Value of type "State[dict[str, Any]]" is not indexable  [index]
Test Python 3.10 on macos-latest	Run type checker	2025-06-25T09:39:27.9500450Z src/DHT/modules/dht_flows/restore_flow.py:368: error: Value of type "State[dict[str, Any]]" is not indexable  [index]
Test Python 3.10 on macos-latest	Run type checker	2025-06-25T09:39:27.9718930Z src/DHT/modules/dhtl_guardian_prefect.py:63: error: Item "RunnerDeployment" of "RunnerDeployment | Coroutine[Any, Any, RunnerDeployment]" has no attribute "interval"  [union-attr]
Test Python 3.10 on macos-latest	Run type checker	2025-06-25T09:39:27.9720250Z src/DHT/modules/dhtl_guardian_prefect.py:63: error: Item "Coroutine[Any, Any, RunnerDeployment]" of "RunnerDeployment | Coroutine[Any, Any, RunnerDeployment]" has no attribute "interval"  [union-attr]
Test Python 3.10 on macos-latest	Run type checker	2025-06-25T09:39:27.9722010Z src/DHT/modules/dhtl_guardian_prefect.py:65: error: Item "RunnerDeployment" of "RunnerDeployment | Coroutine[Any, Any, RunnerDeployment]" has no attribute "cron"  [union-attr]
Test Python 3.10 on macos-latest	Run type checker	2025-06-25T09:39:27.9723280Z src/DHT/modules/dhtl_guardian_prefect.py:65: error: Item "Coroutine[Any, Any, RunnerDeployment]" of "RunnerDeployment | Coroutine[Any, Any, RunnerDeployment]" has no attribute "cron"  [union-attr]
Test Python 3.10 on macos-latest	Run type checker	2025-06-25T09:39:27.9724360Z src/DHT/modules/dhtl_guardian_prefect.py:79: error: Item "RunnerDeployment" of "RunnerDeployment | Coroutine[Any, Any, RunnerDeployment]" has no attribute "serve"  [union-attr]
Test Python 3.10 on macos-latest	Run type checker	2025-06-25T09:39:27.9725430Z src/DHT/modules/dhtl_guardian_prefect.py:79: error: Item "Coroutine[Any, Any, RunnerDeployment]" of "RunnerDeployment | Coroutine[Any, Any, RunnerDeployment]" has no attribute "serve"  [union-attr]
Test Python 3.10 on macos-latest	Run type checker	2025-06-25T09:39:27.9726680Z src/DHT/modules/dhtl_guardian_prefect.py:180: error: Value of type "Coroutine[Any, Any, R?]" must be used  [unused-coroutine]
Test Python 3.10 on macos-latest	Run type checker	2025-06-25T09:39:27.9727350Z src/DHT/modules/dhtl_guardian_prefect.py:180: note: Are you missing an await?
Test Python 3.10 on macos-latest	Run type checker	2025-06-25T09:39:27.9727980Z src/DHT/modules/dhtl_guardian_prefect.py:206: error: Value of type "Any | None" is not indexable  [index]
Test Python 3.10 on macos-latest	Run type checker	2025-06-25T09:39:27.9899820Z src/DHT/modules/dht_flows/test_flow.py:117: error: Argument 1 to "extend" of "list" has incompatible type "Generator[Path, None, None]"; expected "Iterable[str]"  [arg-type]
Test Python 3.10 on macos-latest	Run type checker	2025-06-25T09:39:27.9900990Z src/DHT/modules/dht_flows/test_flow.py:118: error: Argument 1 to "extend" of "list" has incompatible type "Generator[Path, None, None]"; expected "Iterable[str]"  [arg-type]
Test Python 3.10 on macos-latest	Run type checker	2025-06-25T09:39:27.9902040Z src/DHT/modules/dht_flows/test_flow.py:119: error: Argument 1 to "extend" of "list" has incompatible type "list[Path]"; expected "Iterable[str]"  [arg-type]
Test Python 3.10 on macos-latest	Run type checker	2025-06-25T09:39:27.9903000Z src/DHT/modules/dht_flows/test_flow.py:435: error: Incompatible types in assignment (expression has type "State[dict[str, Any]]", variable has type "dict[str, Any]")  [assignment]
Test Python 3.10 on macos-latest	Run type checker	2025-06-25T09:39:27.9903950Z src/DHT/modules/dht_flows/test_flow.py:439: error: Value of type "State[dict[str, Any]]" is not indexable  [index]
Test Python 3.10 on macos-latest	Run type checker	2025-06-25T09:39:27.9904660Z src/DHT/modules/dht_flows/test_flow.py:448: error: Value of type "State[dict[str, Any]]" is not indexable  [index]
Test Python 3.10 on macos-latest	Run type checker	2025-06-25T09:39:27.9905520Z src/DHT/modules/dht_flows/test_flow.py:449: error: Value of type "State[dict[str, Any]]" is not indexable  [index]
Test Python 3.10 on macos-latest	Run type checker	2025-06-25T09:39:27.9906140Z src/DHT/modules/dht_flows/test_flow.py:457: error: Value of type "State[dict[str, Any]]" is not indexable  [index]
Test Python 3.10 on macos-latest	Run type checker	2025-06-25T09:39:27.9993310Z src/DHT/modules/command_runner.py:184: error: No overload variant of "__call__" of "FlowDecorator" matches argument types "str", "str", "bool", "Callable[[Any, Any], str]"  [call-overload]
Test Python 3.10 on macos-latest	Run type checker	2025-06-25T09:39:27.9994320Z src/DHT/modules/command_runner.py:184: note: Possible overload variants:
Test Python 3.10 on macos-latest	Run type checker	2025-06-25T09:39:27.9995260Z src/DHT/modules/command_runner.py:184: note:     def [P`51551, R] __call__(self, Callable[P, R], /) -> Flow[P, R]
Test Python 3.10 on macos-latest	Run type checker	2025-06-25T09:39:27.9998860Z src/DHT/modules/command_runner.py:184: note:     def __call__(self, None = ..., /, *, name: str | None = ..., version: str | None = ..., flow_run_name: Callable[[], str] | str | None = ..., retries: int | None = ..., retry_delay_seconds: int | float | None = ..., task_runner: None = ..., description: str | None = ..., timeout_seconds: int | float | None = ..., validate_parameters: bool = ..., persist_result: bool | None = ..., result_storage: WritableFileSystem | str | None = ..., result_serializer: Serializer[Any] | str | None = ..., cache_result_in_memory: bool = ..., log_prints: bool | None = ..., on_completion: list[FlowStateHook[[VarArg(Any), KwArg(Any)], Any]] | None = ..., on_failure: list[FlowStateHook[[VarArg(Any), KwArg(Any)], Any]] | None = ..., on_cancellation: list[FlowStateHook[[VarArg(Any), KwArg(Any)], Any]] | None = ..., on_crashed: list[FlowStateHook[[VarArg(Any), KwArg(Any)], Any]] | None = ..., on_running: list[FlowStateHook[[VarArg(Any), KwArg(Any)], Any]] | None = ...) -> Callable[[Callable[P, R]], Flow[P, R]]
Test Python 3.10 on macos-latest	Run type checker	2025-06-25T09:39:28.0011110Z src/DHT/modules/command_runner.py:184: note:     def [R] __call__(self, None = ..., /, *, name: str | None = ..., version: str | None = ..., flow_run_name: Callable[[], str] | str | None = ..., retries: int | None = ..., retry_delay_seconds: int | float | None = ..., task_runner: TaskRunner[PrefectFuture[R]] | None = ..., description: str | None = ..., timeout_seconds: int | float | None = ..., validate_parameters: bool = ..., persist_result: bool | None = ..., result_storage: WritableFileSystem | str | None = ..., result_serializer: Serializer[Any] | str | None = ..., cache_result_in_memory: bool = ..., log_prints: bool | None = ..., on_completion: list[FlowStateHook[[VarArg(Any), KwArg(Any)], Any]] | None = ..., on_failure: list[FlowStateHook[[VarArg(Any), KwArg(Any)], Any]] | None = ..., on_cancellation: list[FlowStateHook[[VarArg(Any), KwArg(Any)], Any]] | None = ..., on_crashed: list[FlowStateHook[[VarArg(Any), KwArg(Any)], Any]] | None = ..., on_running: list[FlowStateHook[[VarArg(Any), KwArg(Any)], Any]] | None = ...) -> Callable[[Callable[P, R]], Flow[P, R]]
Test Python 3.10 on macos-latest	Run type checker	2025-06-25T09:39:28.0171420Z src/DHT/modules/command_dispatcher.py:265: error: Incompatible default for argument "args" (default has type "None", argument has type "list[str]")  [assignment]
Test Python 3.10 on macos-latest	Run type checker	2025-06-25T09:39:28.0203350Z src/DHT/modules/command_dispatcher.py:265: note: PEP 484 prohibits implicit Optional. Accordingly, mypy has changed its default to no_implicit_optional=True
Test Python 3.10 on macos-latest	Run type checker	2025-06-25T09:39:28.0204450Z src/DHT/modules/command_dispatcher.py:265: note: Use https://github.com/hauntsaninja/no_implicit_optional to automatically upgrade your codebase
Test Python 3.10 on macos-latest	Run type checker	2025-06-25T09:39:28.0205430Z src/DHT/modules/command_dispatcher.py:293: error: Incompatible default for argument "args" (default has type "None", argument has type "list[str]")  [assignment]
Test Python 3.10 on macos-latest	Run type checker	2025-06-25T09:39:28.0206450Z src/DHT/modules/command_dispatcher.py:293: note: PEP 484 prohibits implicit Optional. Accordingly, mypy has changed its default to no_implicit_optional=True
Test Python 3.10 on macos-latest	Run type checker	2025-06-25T09:39:28.0207380Z src/DHT/modules/command_dispatcher.py:293: note: Use https://github.com/hauntsaninja/no_implicit_optional to automatically upgrade your codebase
Test Python 3.10 on macos-latest	Run type checker	2025-06-25T09:39:28.0236600Z src/DHT/launcher.py:31: error: Name "Colors" already defined (possibly by an import)  [no-redef]
Test Python 3.10 on macos-latest	Run type checker	2025-06-25T09:39:28.0237290Z src/DHT/launcher.py:207: error: Name "CommandDispatcher" already defined (possibly by an import)  [no-redef]
Test Python 3.10 on macos-latest	Run type checker	2025-06-25T09:39:28.0252360Z src/DHT/dhtl.py:37: error: Name "DHTLauncher" already defined (possibly by an import)  [no-redef]
Test Python 3.10 on macos-latest	Run type checker	2025-06-25T09:39:28.0423730Z Found 60 errors in 20 files (checked 182 source files)
Test Python 3.10 on macos-latest	Run type checker	2025-06-25T09:39:28.0552900Z ##[error]Process completed with exit code 1.
Test Python 3.10 on windows-latest	Run type checker	ï»¿2025-06-25T09:38:27.5491137Z ##[group]Run uv run mypy src/DHT/
Test Python 3.10 on windows-latest	Run type checker	2025-06-25T09:38:27.5491487Z [36;1muv run mypy src/DHT/[0m
Test Python 3.10 on windows-latest	Run type checker	2025-06-25T09:38:27.5522286Z shell: C:\Program Files\PowerShell\7\pwsh.EXE -command ". '{0}'"
Test Python 3.10 on windows-latest	Run type checker	2025-06-25T09:38:27.5522590Z env:
Test Python 3.10 on windows-latest	Run type checker	2025-06-25T09:38:27.5522785Z   UV_CACHE_DIR: D:\a\_temp\setup-uv-cache
Test Python 3.10 on windows-latest	Run type checker	2025-06-25T09:38:27.5523044Z   UV_TOOL_BIN_DIR: D:\a\_temp\uv-tool-bin-dir
Test Python 3.10 on windows-latest	Run type checker	2025-06-25T09:38:27.5523282Z   UV_TOOL_DIR: D:\a\_temp\uv-tool-dir
Test Python 3.10 on windows-latest	Run type checker	2025-06-25T09:38:27.5523493Z ##[endgroup]
Test Python 3.10 on windows-latest	Run type checker	2025-06-25T09:38:38.6860880Z src\DHT\modules\parsers\bash_parser_tree_sitter.py:33: error: Incompatible types in assignment (expression has type "None", variable has type Module)  [assignment]
Test Python 3.10 on windows-latest	Run type checker	2025-06-25T09:38:39.7984094Z src\DHT\setup_tree_sitter.py:140: error: No overload variant of "Language" matches argument types "str", "str"  [call-overload]
Test Python 3.10 on windows-latest	Run type checker	2025-06-25T09:38:39.7985339Z src\DHT\setup_tree_sitter.py:140: note: Possible overload variants:
Test Python 3.10 on windows-latest	Run type checker	2025-06-25T09:38:39.7986219Z src\DHT\setup_tree_sitter.py:140: note:     def __init__(self, int, /) -> Language
Test Python 3.10 on windows-latest	Run type checker	2025-06-25T09:38:39.7987254Z src\DHT\setup_tree_sitter.py:140: note:     def __init__(self, object, /) -> Language
Test Python 3.10 on windows-latest	Run type checker	2025-06-25T09:38:39.7987968Z src\DHT\setup_tree_sitter.py:153: error: Module has no attribute "build_library"  [attr-defined]
Test Python 3.10 on windows-latest	Run type checker	2025-06-25T09:38:39.7988715Z src\DHT\setup_tree_sitter.py:157: error: Module has no attribute "build_library"  [attr-defined]
Test Python 3.10 on windows-latest	Run type checker	2025-06-25T09:38:39.7989593Z src\DHT\setup_tree_sitter.py:180: error: No overload variant of "Language" matches argument types "str", "str"  [call-overload]
Test Python 3.10 on windows-latest	Run type checker	2025-06-25T09:38:39.7990390Z src\DHT\setup_tree_sitter.py:180: note: Possible overload variants:
Test Python 3.10 on windows-latest	Run type checker	2025-06-25T09:38:39.7990962Z src\DHT\setup_tree_sitter.py:180: note:     def __init__(self, int, /) -> Language
Test Python 3.10 on windows-latest	Run type checker	2025-06-25T09:38:39.7991577Z src\DHT\setup_tree_sitter.py:180: note:     def __init__(self, object, /) -> Language
Test Python 3.10 on windows-latest	Run type checker	2025-06-25T09:38:39.7992388Z src\DHT\setup_tree_sitter.py:201: error: No overload variant of "Language" matches argument types "str", "str"  [call-overload]
Test Python 3.10 on windows-latest	Run type checker	2025-06-25T09:38:39.7993172Z src\DHT\setup_tree_sitter.py:201: note: Possible overload variants:
Test Python 3.10 on windows-latest	Run type checker	2025-06-25T09:38:39.7993744Z src\DHT\setup_tree_sitter.py:201: note:     def __init__(self, int, /) -> Language
Test Python 3.10 on windows-latest	Run type checker	2025-06-25T09:38:39.7994351Z src\DHT\setup_tree_sitter.py:201: note:     def __init__(self, object, /) -> Language
Test Python 3.10 on windows-latest	Run type checker	2025-06-25T09:38:40.7769815Z src\DHT\modules\project_file_generators.py:327: error: Value of type "Collection[str]" is not indexable  [index]
Test Python 3.10 on windows-latest	Run type checker	2025-06-25T09:38:40.7770733Z src\DHT\modules\project_file_generators.py:330: error: Value of type "Collection[str]" is not indexable  [index]
Test Python 3.10 on windows-latest	Run type checker	2025-06-25T09:38:40.7771539Z src\DHT\modules\project_file_generators.py:339: error: Value of type "Collection[str]" is not indexable  [index]
Test Python 3.10 on windows-latest	Run type checker	2025-06-25T09:38:41.0132027Z src\DHT\modules\act_workflow_manager.py:101: error: Unsupported target for indexed assignment ("object")  [index]
Test Python 3.10 on windows-latest	Run type checker	2025-06-25T09:38:41.0132943Z src\DHT\modules\act_workflow_manager.py:104: error: Unsupported target for indexed assignment ("object")  [index]
Test Python 3.10 on windows-latest	Run type checker	2025-06-25T09:38:41.0133775Z src\DHT\modules\act_workflow_manager.py:109: error: Unsupported operand types for + ("object" and "int")  [operator]
Test Python 3.10 on windows-latest	Run type checker	2025-06-25T09:39:04.0741064Z src\DHT\modules\guardian_prefect.py:361: error: Argument 1 to "float" has incompatible type "Any | None"; expected "str | Buffer | SupportsFloat | SupportsIndex"  [arg-type]
Test Python 3.10 on windows-latest	Run type checker	2025-06-25T09:39:04.0742499Z src\DHT\modules\guardian_prefect.py:576: error: Argument 1 to "__call__" of "Flow" has incompatible type "list[Collection[str]]"; expected "list[str | dict[str, Any]]"  [arg-type]
Test Python 3.10 on windows-latest	Run type checker	2025-06-25T09:39:04.0855305Z src\DHT\modules\environment_verification_utils.py:56: error: Redundant cast to "Logger"  [redundant-cast]
Test Python 3.10 on windows-latest	Run type checker	2025-06-25T09:39:04.1405058Z src\DHT\modules\environment_reproducer.py:98: error: Incompatible types in assignment (expression has type "Logger | LoggerAdapter[Logger]", variable has type "Logger | None")  [assignment]
Test Python 3.10 on windows-latest	Run type checker	2025-06-25T09:39:04.1761223Z src\DHT\modules\environment_configurator.py:81: error: Incompatible types in assignment (expression has type "Logger | LoggerAdapter[Logger]", variable has type "Logger | None")  [assignment]
Test Python 3.10 on windows-latest	Run type checker	2025-06-25T09:39:04.1764877Z src\DHT\modules\environment_configurator.py:279: error: "State[dict[str, Any]]" has no attribute "get"  [attr-defined]
Test Python 3.10 on windows-latest	Run type checker	2025-06-25T09:39:04.1766066Z src\DHT\modules\environment_configurator.py:290: error: "None" has no attribute "project_type"  [attr-defined]
Test Python 3.10 on windows-latest	Run type checker	2025-06-25T09:39:04.1767179Z src\DHT\modules\environment_configurator.py:299: error: "None" has no attribute "quality_tools"  [attr-defined]
Test Python 3.10 on windows-latest	Run type checker	2025-06-25T09:39:04.2064009Z src\DHT\modules\environment_analyzer.py:197: error: Need type annotation for "requirements"  [var-annotated]
Test Python 3.10 on windows-latest	Run type checker	2025-06-25T09:39:04.2065432Z src\DHT\modules\environment_analyzer.py:236: error: Incompatible types in assignment (expression has type "str", target has type "list[Any] | None")  [assignment]
Test Python 3.10 on windows-latest	Run type checker	2025-06-25T09:39:04.2375299Z src\DHT\modules\dockerfile_generator.py:175: error: Argument 1 to "_get_system_deps" of "DockerfileGenerator" has incompatible type "object"; expected "list[str]"  [arg-type]
Test Python 3.10 on windows-latest	Run type checker	2025-06-25T09:39:04.2376607Z src\DHT\modules\dockerfile_generator.py:179: error: Argument 2 to "_detect_ports" of "DockerfileGenerator" has incompatible type "object"; expected "str | None"  [arg-type]
Test Python 3.10 on windows-latest	Run type checker	2025-06-25T09:39:04.3980417Z src\DHT\modules\parsers\base_parser.py:78: error: No overload variant of "Language" matches argument types "Path", "str"  [call-overload]
Test Python 3.10 on windows-latest	Run type checker	2025-06-25T09:39:04.3981678Z src\DHT\modules\parsers\base_parser.py:78: note: Possible overload variants:
Test Python 3.10 on windows-latest	Run type checker	2025-06-25T09:39:04.3982554Z src\DHT\modules\parsers\base_parser.py:78: note:     def __init__(self, int, /) -> Language
Test Python 3.10 on windows-latest	Run type checker	2025-06-25T09:39:04.3983427Z src\DHT\modules\parsers\base_parser.py:78: note:     def __init__(self, object, /) -> Language
Test Python 3.10 on windows-latest	Run type checker	2025-06-25T09:39:04.6044582Z src\DHT\modules\dhtl_guardian_command.py:54: error: Argument 1 to "guardian_run" has incompatible type "Sequence[Any]"; expected "list[str]"  [arg-type]
Test Python 3.10 on windows-latest	Run type checker	2025-06-25T09:39:04.6046247Z src\DHT\modules\dhtl_guardian_command.py:56: error: Argument 1 to "guardian_batch" has incompatible type "Sequence[Any]"; expected "list[str]"  [arg-type]
Test Python 3.10 on windows-latest	Run type checker	2025-06-25T09:39:04.6047851Z src\DHT\modules\dhtl_guardian_command.py:58: error: Argument 1 to "guardian_config" has incompatible type "Sequence[Any]"; expected "list[str]"  [arg-type]
Test Python 3.10 on windows-latest	Run type checker	2025-06-25T09:39:04.6049512Z src\DHT\modules\dhtl_guardian_command.py:60: error: Argument 1 to "guardian_status" has incompatible type "Sequence[Any]"; expected "list[str]"  [arg-type]
Test Python 3.10 on windows-latest	Run type checker	2025-06-25T09:39:04.6266271Z src\DHT\modules\dhtl_commands_standalone.py:54: error: "_normalize_args" does not return a value (it only ever returns None)  [func-returns-value]
Test Python 3.10 on windows-latest	Run type checker	2025-06-25T09:39:04.6267173Z src\DHT\modules\dhtl_commands_standalone.py:103: error: "_normalize_args" does not return a value (it only ever returns None)  [func-returns-value]
Test Python 3.10 on windows-latest	Run type checker	2025-06-25T09:39:04.6268002Z src\DHT\modules\dhtl_commands_standalone.py:152: error: "_normalize_args" does not return a value (it only ever returns None)  [func-returns-value]
Test Python 3.10 on windows-latest	Run type checker	2025-06-25T09:39:04.6268823Z src\DHT\modules\dhtl_commands_standalone.py:182: error: "_normalize_args" does not return a value (it only ever returns None)  [func-returns-value]
Test Python 3.10 on windows-latest	Run type checker	2025-06-25T09:39:04.8698412Z src\DHT\modules\dht_flows\restore_flow.py:346: error: Unsupported target for indexed assignment ("State[dict[str, Any]]")  [index]
Test Python 3.10 on windows-latest	Run type checker	2025-06-25T09:39:04.8699357Z src\DHT\modules\dht_flows\restore_flow.py:353: error: Value of type "State[dict[str, Any]]" is not indexable  [index]
Test Python 3.10 on windows-latest	Run type checker	2025-06-25T09:39:04.8700152Z src\DHT\modules\dht_flows\restore_flow.py:364: error: Value of type "State[dict[str, Any]]" is not indexable  [index]
Test Python 3.10 on windows-latest	Run type checker	2025-06-25T09:39:04.8700925Z src\DHT\modules\dht_flows\restore_flow.py:367: error: Value of type "State[dict[str, Any]]" is not indexable  [index]
Test Python 3.10 on windows-latest	Run type checker	2025-06-25T09:39:04.8701692Z src\DHT\modules\dht_flows\restore_flow.py:368: error: Value of type "State[dict[str, Any]]" is not indexable  [index]
Test Python 3.10 on windows-latest	Run type checker	2025-06-25T09:39:04.9286597Z src\DHT\modules\dhtl_guardian_prefect.py:63: error: Item "RunnerDeployment" of "RunnerDeployment | Coroutine[Any, Any, RunnerDeployment]" has no attribute "interval"  [union-attr]
Test Python 3.10 on windows-latest	Run type checker	2025-06-25T09:39:04.9289082Z src\DHT\modules\dhtl_guardian_prefect.py:63: error: Item "Coroutine[Any, Any, RunnerDeployment]" of "RunnerDeployment | Coroutine[Any, Any, RunnerDeployment]" has no attribute "interval"  [union-attr]
Test Python 3.10 on windows-latest	Run type checker	2025-06-25T09:39:04.9290485Z src\DHT\modules\dhtl_guardian_prefect.py:65: error: Item "RunnerDeployment" of "RunnerDeployment | Coroutine[Any, Any, RunnerDeployment]" has no attribute "cron"  [union-attr]
Test Python 3.10 on windows-latest	Run type checker	2025-06-25T09:39:04.9291810Z src\DHT\modules\dhtl_guardian_prefect.py:65: error: Item "Coroutine[Any, Any, RunnerDeployment]" of "RunnerDeployment | Coroutine[Any, Any, RunnerDeployment]" has no attribute "cron"  [union-attr]
Test Python 3.10 on windows-latest	Run type checker	2025-06-25T09:39:04.9293152Z src\DHT\modules\dhtl_guardian_prefect.py:79: error: Item "RunnerDeployment" of "RunnerDeployment | Coroutine[Any, Any, RunnerDeployment]" has no attribute "serve"  [union-attr]
Test Python 3.10 on windows-latest	Run type checker	2025-06-25T09:39:04.9294495Z src\DHT\modules\dhtl_guardian_prefect.py:79: error: Item "Coroutine[Any, Any, RunnerDeployment]" of "RunnerDeployment | Coroutine[Any, Any, RunnerDeployment]" has no attribute "serve"  [union-attr]
Test Python 3.10 on windows-latest	Run type checker	2025-06-25T09:39:04.9295874Z src\DHT\modules\dhtl_guardian_prefect.py:180: error: Value of type "Coroutine[Any, Any, R?]" must be used  [unused-coroutine]
Test Python 3.10 on windows-latest	Run type checker	2025-06-25T09:39:04.9296877Z src\DHT\modules\dhtl_guardian_prefect.py:180: note: Are you missing an await?
Test Python 3.10 on windows-latest	Run type checker	2025-06-25T09:39:04.9297935Z src\DHT\modules\dhtl_guardian_prefect.py:206: error: Value of type "Any | None" is not indexable  [index]
Test Python 3.10 on windows-latest	Run type checker	2025-06-25T09:39:04.9746228Z src\DHT\modules\dht_flows\test_flow.py:117: error: Argument 1 to "extend" of "list" has incompatible type "Generator[Path, None, None]"; expected "Iterable[str]"  [arg-type]
Test Python 3.10 on windows-latest	Run type checker	2025-06-25T09:39:04.9747889Z src\DHT\modules\dht_flows\test_flow.py:118: error: Argument 1 to "extend" of "list" has incompatible type "Generator[Path, None, None]"; expected "Iterable[str]"  [arg-type]
Test Python 3.10 on windows-latest	Run type checker	2025-06-25T09:39:04.9749376Z src\DHT\modules\dht_flows\test_flow.py:119: error: Argument 1 to "extend" of "list" has incompatible type "list[Path]"; expected "Iterable[str]"  [arg-type]
Test Python 3.10 on windows-latest	Run type checker	2025-06-25T09:39:04.9750540Z src\DHT\modules\dht_flows\test_flow.py:435: error: Incompatible types in assignment (expression has type "State[dict[str, Any]]", variable has type "dict[str, Any]")  [assignment]
Test Python 3.10 on windows-latest	Run type checker	2025-06-25T09:39:04.9751551Z src\DHT\modules\dht_flows\test_flow.py:439: error: Value of type "State[dict[str, Any]]" is not indexable  [index]
Test Python 3.10 on windows-latest	Run type checker	2025-06-25T09:39:04.9752287Z src\DHT\modules\dht_flows\test_flow.py:448: error: Value of type "State[dict[str, Any]]" is not indexable  [index]
Test Python 3.10 on windows-latest	Run type checker	2025-06-25T09:39:04.9753034Z src\DHT\modules\dht_flows\test_flow.py:449: error: Value of type "State[dict[str, Any]]" is not indexable  [index]
Test Python 3.10 on windows-latest	Run type checker	2025-06-25T09:39:04.9753996Z src\DHT\modules\dht_flows\test_flow.py:457: error: Value of type "State[dict[str, Any]]" is not indexable  [index]
Test Python 3.10 on windows-latest	Run type checker	2025-06-25T09:39:04.9983234Z src\DHT\modules\command_runner.py:184: error: No overload variant of "__call__" of "FlowDecorator" matches argument types "str", "str", "bool", "Callable[[Any, Any], str]"  [call-overload]
Test Python 3.10 on windows-latest	Run type checker	2025-06-25T09:39:04.9984293Z src\DHT\modules\command_runner.py:184: note: Possible overload variants:
Test Python 3.10 on windows-latest	Run type checker	2025-06-25T09:39:04.9985298Z src\DHT\modules\command_runner.py:184: note:     def [P`51482, R] __call__(self, Callable[P, R], /) -> Flow[P, R]
Test Python 3.10 on windows-latest	Run type checker	2025-06-25T09:39:04.9989487Z src\DHT\modules\command_runner.py:184: note:     def __call__(self, None = ..., /, *, name: str | None = ..., version: str | None = ..., flow_run_name: Callable[[], str] | str | None = ..., retries: int | None = ..., retry_delay_seconds: int | float | None = ..., task_runner: None = ..., description: str | None = ..., timeout_seconds: int | float | None = ..., validate_parameters: bool = ..., persist_result: bool | None = ..., result_storage: WritableFileSystem | str | None = ..., result_serializer: Serializer[Any] | str | None = ..., cache_result_in_memory: bool = ..., log_prints: bool | None = ..., on_completion: list[FlowStateHook[[VarArg(Any), KwArg(Any)], Any]] | None = ..., on_failure: list[FlowStateHook[[VarArg(Any), KwArg(Any)], Any]] | None = ..., on_cancellation: list[FlowStateHook[[VarArg(Any), KwArg(Any)], Any]] | None = ..., on_crashed: list[FlowStateHook[[VarArg(Any), KwArg(Any)], Any]] | None = ..., on_running: list[FlowStateHook[[VarArg(Any), KwArg(Any)], Any]] | None = ...) -> Callable[[Callable[P, R]], Flow[P, R]]
Test Python 3.10 on windows-latest	Run type checker	2025-06-25T09:39:04.9997493Z src\DHT\modules\command_runner.py:184: note:     def [R] __call__(self, None = ..., /, *, name: str | None = ..., version: str | None = ..., flow_run_name: Callable[[], str] | str | None = ..., retries: int | None = ..., retry_delay_seconds: int | float | None = ..., task_runner: TaskRunner[PrefectFuture[R]] | None = ..., description: str | None = ..., timeout_seconds: int | float | None = ..., validate_parameters: bool = ..., persist_result: bool | None = ..., result_storage: WritableFileSystem | str | None = ..., result_serializer: Serializer[Any] | str | None = ..., cache_result_in_memory: bool = ..., log_prints: bool | None = ..., on_completion: list[FlowStateHook[[VarArg(Any), KwArg(Any)], Any]] | None = ..., on_failure: list[FlowStateHook[[VarArg(Any), KwArg(Any)], Any]] | None = ..., on_cancellation: list[FlowStateHook[[VarArg(Any), KwArg(Any)], Any]] | None = ..., on_crashed: list[FlowStateHook[[VarArg(Any), KwArg(Any)], Any]] | None = ..., on_running: list[FlowStateHook[[VarArg(Any), KwArg(Any)], Any]] | None = ...) -> Callable[[Callable[P, R]], Flow[P, R]]
Test Python 3.10 on windows-latest	Run type checker	2025-06-25T09:39:05.0473329Z src\DHT\modules\command_dispatcher.py:265: error: Incompatible default for argument "args" (default has type "None", argument has type "list[str]")  [assignment]
Test Python 3.10 on windows-latest	Run type checker	2025-06-25T09:39:05.0474713Z src\DHT\modules\command_dispatcher.py:265: note: PEP 484 prohibits implicit Optional. Accordingly, mypy has changed its default to no_implicit_optional=True
Test Python 3.10 on windows-latest	Run type checker	2025-06-25T09:39:05.0475630Z src\DHT\modules\command_dispatcher.py:265: note: Use https://github.com/hauntsaninja/no_implicit_optional to automatically upgrade your codebase
Test Python 3.10 on windows-latest	Run type checker	2025-06-25T09:39:05.0476574Z src\DHT\modules\command_dispatcher.py:293: error: Incompatible default for argument "args" (default has type "None", argument has type "list[str]")  [assignment]
Test Python 3.10 on windows-latest	Run type checker	2025-06-25T09:39:05.0477491Z src\DHT\modules\command_dispatcher.py:293: note: PEP 484 prohibits implicit Optional. Accordingly, mypy has changed its default to no_implicit_optional=True
Test Python 3.10 on windows-latest	Run type checker	2025-06-25T09:39:05.0478366Z src\DHT\modules\command_dispatcher.py:293: note: Use https://github.com/hauntsaninja/no_implicit_optional to automatically upgrade your codebase
Test Python 3.10 on windows-latest	Run type checker	2025-06-25T09:39:05.0657839Z src\DHT\launcher.py:31: error: Name "Colors" already defined (possibly by an import)  [no-redef]
Test Python 3.10 on windows-latest	Run type checker	2025-06-25T09:39:05.0658974Z src\DHT\launcher.py:207: error: Name "CommandDispatcher" already defined (possibly by an import)  [no-redef]
Test Python 3.10 on windows-latest	Run type checker	2025-06-25T09:39:05.0695220Z src\DHT\dhtl.py:37: error: Name "DHTLauncher" already defined (possibly by an import)  [no-redef]
Test Python 3.10 on windows-latest	Run type checker	2025-06-25T09:39:05.0813207Z Found 60 errors in 20 files (checked 182 source files)
Test Python 3.10 on windows-latest	Run type checker	2025-06-25T09:39:05.1906207Z ##[error]Process completed with exit code 1.
Test Python 3.11 on ubuntu-latest	Run type checker	ï»¿2025-06-25T09:38:11.5990944Z ##[group]Run uv run mypy src/DHT/
Test Python 3.11 on ubuntu-latest	Run type checker	2025-06-25T09:38:11.5991257Z [36;1muv run mypy src/DHT/[0m
Test Python 3.11 on ubuntu-latest	Run type checker	2025-06-25T09:38:11.6040124Z shell: /usr/bin/bash -e {0}
Test Python 3.11 on ubuntu-latest	Run type checker	2025-06-25T09:38:11.6040357Z env:
Test Python 3.11 on ubuntu-latest	Run type checker	2025-06-25T09:38:11.6040592Z   UV_CACHE_DIR: /home/runner/work/_temp/setup-uv-cache
Test Python 3.11 on ubuntu-latest	Run type checker	2025-06-25T09:38:11.6040873Z ##[endgroup]
Test Python 3.11 on ubuntu-latest	Run type checker	2025-06-25T09:38:19.5551803Z src/DHT/modules/parsers/bash_parser_tree_sitter.py:33: error: Incompatible types in assignment (expression has type "None", variable has type Module)  [assignment]
Test Python 3.11 on ubuntu-latest	Run type checker	2025-06-25T09:38:20.4899932Z src/DHT/setup_tree_sitter.py:140: error: No overload variant of "Language" matches argument types "str", "str"  [call-overload]
Test Python 3.11 on ubuntu-latest	Run type checker	2025-06-25T09:38:20.4900821Z src/DHT/setup_tree_sitter.py:140: note: Possible overload variants:
Test Python 3.11 on ubuntu-latest	Run type checker	2025-06-25T09:38:20.4901415Z src/DHT/setup_tree_sitter.py:140: note:     def __init__(self, int, /) -> Language
Test Python 3.11 on ubuntu-latest	Run type checker	2025-06-25T09:38:20.4902042Z src/DHT/setup_tree_sitter.py:140: note:     def __init__(self, object, /) -> Language
Test Python 3.11 on ubuntu-latest	Run type checker	2025-06-25T09:38:20.4902695Z src/DHT/setup_tree_sitter.py:153: error: Module has no attribute "build_library"  [attr-defined]
Test Python 3.11 on ubuntu-latest	Run type checker	2025-06-25T09:38:20.4903441Z src/DHT/setup_tree_sitter.py:157: error: Module has no attribute "build_library"  [attr-defined]
Test Python 3.11 on ubuntu-latest	Run type checker	2025-06-25T09:38:20.4904227Z src/DHT/setup_tree_sitter.py:180: error: No overload variant of "Language" matches argument types "str", "str"  [call-overload]
Test Python 3.11 on ubuntu-latest	Run type checker	2025-06-25T09:38:20.4904930Z src/DHT/setup_tree_sitter.py:180: note: Possible overload variants:
Test Python 3.11 on ubuntu-latest	Run type checker	2025-06-25T09:38:20.4905468Z src/DHT/setup_tree_sitter.py:180: note:     def __init__(self, int, /) -> Language
Test Python 3.11 on ubuntu-latest	Run type checker	2025-06-25T09:38:20.4906098Z src/DHT/setup_tree_sitter.py:180: note:     def __init__(self, object, /) -> Language
Test Python 3.11 on ubuntu-latest	Run type checker	2025-06-25T09:38:20.4906840Z src/DHT/setup_tree_sitter.py:201: error: No overload variant of "Language" matches argument types "str", "str"  [call-overload]
Test Python 3.11 on ubuntu-latest	Run type checker	2025-06-25T09:38:20.4907529Z src/DHT/setup_tree_sitter.py:201: note: Possible overload variants:
Test Python 3.11 on ubuntu-latest	Run type checker	2025-06-25T09:38:20.4908054Z src/DHT/setup_tree_sitter.py:201: note:     def __init__(self, int, /) -> Language
Test Python 3.11 on ubuntu-latest	Run type checker	2025-06-25T09:38:20.4908783Z src/DHT/setup_tree_sitter.py:201: note:     def __init__(self, object, /) -> Language
Test Python 3.11 on ubuntu-latest	Run type checker	2025-06-25T09:38:21.3037033Z src/DHT/modules/project_file_generators.py:327: error: Value of type "Collection[str]" is not indexable  [index]
Test Python 3.11 on ubuntu-latest	Run type checker	2025-06-25T09:38:21.3038040Z src/DHT/modules/project_file_generators.py:330: error: Value of type "Collection[str]" is not indexable  [index]
Test Python 3.11 on ubuntu-latest	Run type checker	2025-06-25T09:38:21.3039177Z src/DHT/modules/project_file_generators.py:339: error: Value of type "Collection[str]" is not indexable  [index]
Test Python 3.11 on ubuntu-latest	Run type checker	2025-06-25T09:38:21.4911121Z src/DHT/modules/act_workflow_manager.py:101: error: Unsupported target for indexed assignment ("object")  [index]
Test Python 3.11 on ubuntu-latest	Run type checker	2025-06-25T09:38:21.4912471Z src/DHT/modules/act_workflow_manager.py:104: error: Unsupported target for indexed assignment ("object")  [index]
Test Python 3.11 on ubuntu-latest	Run type checker	2025-06-25T09:38:21.4913758Z src/DHT/modules/act_workflow_manager.py:109: error: Unsupported operand types for + ("object" and "int")  [operator]
Test Python 3.11 on ubuntu-latest	Run type checker	2025-06-25T09:38:41.3548312Z src/DHT/modules/guardian_prefect.py:361: error: Argument 1 to "float" has incompatible type "Any | None"; expected "str | Buffer | SupportsFloat | SupportsIndex"  [arg-type]
Test Python 3.11 on ubuntu-latest	Run type checker	2025-06-25T09:38:41.3550512Z src/DHT/modules/guardian_prefect.py:576: error: Argument 1 to "__call__" of "Flow" has incompatible type "list[Collection[str]]"; expected "list[str | dict[str, Any]]"  [arg-type]
Test Python 3.11 on ubuntu-latest	Run type checker	2025-06-25T09:38:41.3646837Z src/DHT/modules/environment_verification_utils.py:56: error: Redundant cast to "Logger"  [redundant-cast]
Test Python 3.11 on ubuntu-latest	Run type checker	2025-06-25T09:38:41.4131756Z src/DHT/modules/environment_reproducer.py:98: error: Incompatible types in assignment (expression has type "Logger | LoggerAdapter[Logger]", variable has type "Logger | None")  [assignment]
Test Python 3.11 on ubuntu-latest	Run type checker	2025-06-25T09:38:41.4423035Z src/DHT/modules/environment_configurator.py:81: error: Incompatible types in assignment (expression has type "Logger | LoggerAdapter[Logger]", variable has type "Logger | None")  [assignment]
Test Python 3.11 on ubuntu-latest	Run type checker	2025-06-25T09:38:41.4424880Z src/DHT/modules/environment_configurator.py:279: error: "State[dict[str, Any]]" has no attribute "get"  [attr-defined]
Test Python 3.11 on ubuntu-latest	Run type checker	2025-06-25T09:38:41.4426694Z src/DHT/modules/environment_configurator.py:290: error: "None" has no attribute "project_type"  [attr-defined]
Test Python 3.11 on ubuntu-latest	Run type checker	2025-06-25T09:38:41.4427993Z src/DHT/modules/environment_configurator.py:299: error: "None" has no attribute "quality_tools"  [attr-defined]
Test Python 3.11 on ubuntu-latest	Run type checker	2025-06-25T09:38:41.4687632Z src/DHT/modules/environment_analyzer.py:197: error: Need type annotation for "requirements"  [var-annotated]
Test Python 3.11 on ubuntu-latest	Run type checker	2025-06-25T09:38:41.4689549Z src/DHT/modules/environment_analyzer.py:236: error: Incompatible types in assignment (expression has type "str", target has type "list[Any] | None")  [assignment]
Test Python 3.11 on ubuntu-latest	Run type checker	2025-06-25T09:38:41.4976952Z src/DHT/modules/dockerfile_generator.py:175: error: Argument 1 to "_get_system_deps" of "DockerfileGenerator" has incompatible type "object"; expected "list[str]"  [arg-type]
Test Python 3.11 on ubuntu-latest	Run type checker	2025-06-25T09:38:41.4979185Z src/DHT/modules/dockerfile_generator.py:179: error: Argument 2 to "_detect_ports" of "DockerfileGenerator" has incompatible type "object"; expected "str | None"  [arg-type]
Test Python 3.11 on ubuntu-latest	Run type checker	2025-06-25T09:38:41.6345284Z src/DHT/modules/parsers/base_parser.py:78: error: No overload variant of "Language" matches argument types "Path", "str"  [call-overload]
Test Python 3.11 on ubuntu-latest	Run type checker	2025-06-25T09:38:41.6346572Z src/DHT/modules/parsers/base_parser.py:78: note: Possible overload variants:
Test Python 3.11 on ubuntu-latest	Run type checker	2025-06-25T09:38:41.6347551Z src/DHT/modules/parsers/base_parser.py:78: note:     def __init__(self, int, /) -> Language
Test Python 3.11 on ubuntu-latest	Run type checker	2025-06-25T09:38:41.6348577Z src/DHT/modules/parsers/base_parser.py:78: note:     def __init__(self, object, /) -> Language
Test Python 3.11 on ubuntu-latest	Run type checker	2025-06-25T09:38:41.8065285Z src/DHT/modules/dhtl_guardian_command.py:54: error: Argument 1 to "guardian_run" has incompatible type "Sequence[Any]"; expected "list[str]"  [arg-type]
Test Python 3.11 on ubuntu-latest	Run type checker	2025-06-25T09:38:41.8067021Z src/DHT/modules/dhtl_guardian_command.py:56: error: Argument 1 to "guardian_batch" has incompatible type "Sequence[Any]"; expected "list[str]"  [arg-type]
Test Python 3.11 on ubuntu-latest	Run type checker	2025-06-25T09:38:41.8068917Z src/DHT/modules/dhtl_guardian_command.py:58: error: Argument 1 to "guardian_config" has incompatible type "Sequence[Any]"; expected "list[str]"  [arg-type]
Test Python 3.11 on ubuntu-latest	Run type checker	2025-06-25T09:38:41.8070592Z src/DHT/modules/dhtl_guardian_command.py:60: error: Argument 1 to "guardian_status" has incompatible type "Sequence[Any]"; expected "list[str]"  [arg-type]
Test Python 3.11 on ubuntu-latest	Run type checker	2025-06-25T09:38:41.8224044Z src/DHT/modules/dhtl_commands_standalone.py:54: error: "_normalize_args" does not return a value (it only ever returns None)  [func-returns-value]
Test Python 3.11 on ubuntu-latest	Run type checker	2025-06-25T09:38:41.8225599Z src/DHT/modules/dhtl_commands_standalone.py:103: error: "_normalize_args" does not return a value (it only ever returns None)  [func-returns-value]
Test Python 3.11 on ubuntu-latest	Run type checker	2025-06-25T09:38:41.8227214Z src/DHT/modules/dhtl_commands_standalone.py:152: error: "_normalize_args" does not return a value (it only ever returns None)  [func-returns-value]
Test Python 3.11 on ubuntu-latest	Run type checker	2025-06-25T09:38:41.8229008Z src/DHT/modules/dhtl_commands_standalone.py:182: error: "_normalize_args" does not return a value (it only ever returns None)  [func-returns-value]
Test Python 3.11 on ubuntu-latest	Run type checker	2025-06-25T09:38:42.0322128Z src/DHT/modules/dht_flows/restore_flow.py:346: error: Unsupported target for indexed assignment ("State[dict[str, Any]]")  [index]
Test Python 3.11 on ubuntu-latest	Run type checker	2025-06-25T09:38:42.0323567Z src/DHT/modules/dht_flows/restore_flow.py:353: error: Value of type "State[dict[str, Any]]" is not indexable  [index]
Test Python 3.11 on ubuntu-latest	Run type checker	2025-06-25T09:38:42.0324832Z src/DHT/modules/dht_flows/restore_flow.py:364: error: Value of type "State[dict[str, Any]]" is not indexable  [index]
Test Python 3.11 on ubuntu-latest	Run type checker	2025-06-25T09:38:42.0326086Z src/DHT/modules/dht_flows/restore_flow.py:367: error: Value of type "State[dict[str, Any]]" is not indexable  [index]
Test Python 3.11 on ubuntu-latest	Run type checker	2025-06-25T09:38:42.0327769Z src/DHT/modules/dht_flows/restore_flow.py:368: error: Value of type "State[dict[str, Any]]" is not indexable  [index]
Test Python 3.11 on ubuntu-latest	Run type checker	2025-06-25T09:38:42.0833294Z src/DHT/modules/dhtl_guardian_prefect.py:63: error: Item "RunnerDeployment" of "RunnerDeployment | Coroutine[Any, Any, RunnerDeployment]" has no attribute "interval"  [union-attr]
Test Python 3.11 on ubuntu-latest	Run type checker	2025-06-25T09:38:42.0834712Z src/DHT/modules/dhtl_guardian_prefect.py:63: error: Item "Coroutine[Any, Any, RunnerDeployment]" of "RunnerDeployment | Coroutine[Any, Any, RunnerDeployment]" has no attribute "interval"  [union-attr]
Test Python 3.11 on ubuntu-latest	Run type checker	2025-06-25T09:38:42.0836240Z src/DHT/modules/dhtl_guardian_prefect.py:65: error: Item "RunnerDeployment" of "RunnerDeployment | Coroutine[Any, Any, RunnerDeployment]" has no attribute "cron"  [union-attr]
Test Python 3.11 on ubuntu-latest	Run type checker	2025-06-25T09:38:42.0837502Z src/DHT/modules/dhtl_guardian_prefect.py:65: error: Item "Coroutine[Any, Any, RunnerDeployment]" of "RunnerDeployment | Coroutine[Any, Any, RunnerDeployment]" has no attribute "cron"  [union-attr]
Test Python 3.11 on ubuntu-latest	Run type checker	2025-06-25T09:38:42.0838955Z src/DHT/modules/dhtl_guardian_prefect.py:79: error: Item "RunnerDeployment" of "RunnerDeployment | Coroutine[Any, Any, RunnerDeployment]" has no attribute "serve"  [union-attr]
Test Python 3.11 on ubuntu-latest	Run type checker	2025-06-25T09:38:42.0840213Z src/DHT/modules/dhtl_guardian_prefect.py:79: error: Item "Coroutine[Any, Any, RunnerDeployment]" of "RunnerDeployment | Coroutine[Any, Any, RunnerDeployment]" has no attribute "serve"  [union-attr]
Test Python 3.11 on ubuntu-latest	Run type checker	2025-06-25T09:38:42.0841327Z src/DHT/modules/dhtl_guardian_prefect.py:180: error: Value of type "Coroutine[Any, Any, R?]" must be used  [unused-coroutine]
Test Python 3.11 on ubuntu-latest	Run type checker	2025-06-25T09:38:42.0842039Z src/DHT/modules/dhtl_guardian_prefect.py:180: note: Are you missing an await?
Test Python 3.11 on ubuntu-latest	Run type checker	2025-06-25T09:38:42.0842671Z src/DHT/modules/dhtl_guardian_prefect.py:206: error: Value of type "Any | None" is not indexable  [index]
Test Python 3.11 on ubuntu-latest	Run type checker	2025-06-25T09:38:42.1235032Z src/DHT/modules/dht_flows/test_flow.py:117: error: Argument 1 to "extend" of "list" has incompatible type "Generator[Path, None, None]"; expected "Iterable[str]"  [arg-type]
Test Python 3.11 on ubuntu-latest	Run type checker	2025-06-25T09:38:42.1236531Z src/DHT/modules/dht_flows/test_flow.py:118: error: Argument 1 to "extend" of "list" has incompatible type "Generator[Path, None, None]"; expected "Iterable[str]"  [arg-type]
Test Python 3.11 on ubuntu-latest	Run type checker	2025-06-25T09:38:42.1237842Z src/DHT/modules/dht_flows/test_flow.py:119: error: Argument 1 to "extend" of "list" has incompatible type "list[Path]"; expected "Iterable[str]"  [arg-type]
Test Python 3.11 on ubuntu-latest	Run type checker	2025-06-25T09:38:42.1239403Z src/DHT/modules/dht_flows/test_flow.py:435: error: Incompatible types in assignment (expression has type "State[dict[str, Any]]", variable has type "dict[str, Any]")  [assignment]
Test Python 3.11 on ubuntu-latest	Run type checker	2025-06-25T09:38:42.1240632Z src/DHT/modules/dht_flows/test_flow.py:439: error: Value of type "State[dict[str, Any]]" is not indexable  [index]
Test Python 3.11 on ubuntu-latest	Run type checker	2025-06-25T09:38:42.1241564Z src/DHT/modules/dht_flows/test_flow.py:448: error: Value of type "State[dict[str, Any]]" is not indexable  [index]
Test Python 3.11 on ubuntu-latest	Run type checker	2025-06-25T09:38:42.1242476Z src/DHT/modules/dht_flows/test_flow.py:449: error: Value of type "State[dict[str, Any]]" is not indexable  [index]
Test Python 3.11 on ubuntu-latest	Run type checker	2025-06-25T09:38:42.1243390Z src/DHT/modules/dht_flows/test_flow.py:457: error: Value of type "State[dict[str, Any]]" is not indexable  [index]
Test Python 3.11 on ubuntu-latest	Run type checker	2025-06-25T09:38:42.1425076Z src/DHT/modules/command_runner.py:184: error: No overload variant of "__call__" of "FlowDecorator" matches argument types "str", "str", "bool", "Callable[[Any, Any], str]"  [call-overload]
Test Python 3.11 on ubuntu-latest	Run type checker	2025-06-25T09:38:42.1426303Z src/DHT/modules/command_runner.py:184: note: Possible overload variants:
Test Python 3.11 on ubuntu-latest	Run type checker	2025-06-25T09:38:42.1427216Z src/DHT/modules/command_runner.py:184: note:     def [P`51558, R] __call__(self, Callable[P, R], /) -> Flow[P, R]
Test Python 3.11 on ubuntu-latest	Run type checker	2025-06-25T09:38:42.1431698Z src/DHT/modules/command_runner.py:184: note:     def __call__(self, None = ..., /, *, name: str | None = ..., version: str | None = ..., flow_run_name: Callable[[], str] | str | None = ..., retries: int | None = ..., retry_delay_seconds: int | float | None = ..., task_runner: None = ..., description: str | None = ..., timeout_seconds: int | float | None = ..., validate_parameters: bool = ..., persist_result: bool | None = ..., result_storage: WritableFileSystem | str | None = ..., result_serializer: Serializer[Any] | str | None = ..., cache_result_in_memory: bool = ..., log_prints: bool | None = ..., on_completion: list[FlowStateHook[[VarArg(Any), KwArg(Any)], Any]] | None = ..., on_failure: list[FlowStateHook[[VarArg(Any), KwArg(Any)], Any]] | None = ..., on_cancellation: list[FlowStateHook[[VarArg(Any), KwArg(Any)], Any]] | None = ..., on_crashed: list[FlowStateHook[[VarArg(Any), KwArg(Any)], Any]] | None = ..., on_running: list[FlowStateHook[[VarArg(Any), KwArg(Any)], Any]] | None = ...) -> Callable[[Callable[P, R]], Flow[P, R]]
Test Python 3.11 on ubuntu-latest	Run type checker	2025-06-25T09:38:42.1438260Z src/DHT/modules/command_runner.py:184: note:     def [R] __call__(self, None = ..., /, *, name: str | None = ..., version: str | None = ..., flow_run_name: Callable[[], str] | str | None = ..., retries: int | None = ..., retry_delay_seconds: int | float | None = ..., task_runner: TaskRunner[PrefectFuture[R]] | None = ..., description: str | None = ..., timeout_seconds: int | float | None = ..., validate_parameters: bool = ..., persist_result: bool | None = ..., result_storage: WritableFileSystem | str | None = ..., result_serializer: Serializer[Any] | str | None = ..., cache_result_in_memory: bool = ..., log_prints: bool | None = ..., on_completion: list[FlowStateHook[[VarArg(Any), KwArg(Any)], Any]] | None = ..., on_failure: list[FlowStateHook[[VarArg(Any), KwArg(Any)], Any]] | None = ..., on_cancellation: list[FlowStateHook[[VarArg(Any), KwArg(Any)], Any]] | None = ..., on_crashed: list[FlowStateHook[[VarArg(Any), KwArg(Any)], Any]] | None = ..., on_running: list[FlowStateHook[[VarArg(Any), KwArg(Any)], Any]] | None = ...) -> Callable[[Callable[P, R]], Flow[P, R]]
Test Python 3.11 on ubuntu-latest	Run type checker	2025-06-25T09:38:42.1827716Z src/DHT/modules/command_dispatcher.py:265: error: Incompatible default for argument "args" (default has type "None", argument has type "list[str]")  [assignment]
Test Python 3.11 on ubuntu-latest	Run type checker	2025-06-25T09:38:42.1829285Z src/DHT/modules/command_dispatcher.py:265: note: PEP 484 prohibits implicit Optional. Accordingly, mypy has changed its default to no_implicit_optional=True
Test Python 3.11 on ubuntu-latest	Run type checker	2025-06-25T09:38:42.1830594Z src/DHT/modules/command_dispatcher.py:265: note: Use https://github.com/hauntsaninja/no_implicit_optional to automatically upgrade your codebase
Test Python 3.11 on ubuntu-latest	Run type checker	2025-06-25T09:38:42.1831844Z src/DHT/modules/command_dispatcher.py:293: error: Incompatible default for argument "args" (default has type "None", argument has type "list[str]")  [assignment]
Test Python 3.11 on ubuntu-latest	Run type checker	2025-06-25T09:38:42.1833120Z src/DHT/modules/command_dispatcher.py:293: note: PEP 484 prohibits implicit Optional. Accordingly, mypy has changed its default to no_implicit_optional=True
Test Python 3.11 on ubuntu-latest	Run type checker	2025-06-25T09:38:42.1834335Z src/DHT/modules/command_dispatcher.py:293: note: Use https://github.com/hauntsaninja/no_implicit_optional to automatically upgrade your codebase
Test Python 3.11 on ubuntu-latest	Run type checker	2025-06-25T09:38:42.1970332Z src/DHT/launcher.py:31: error: Name "Colors" already defined (possibly by an import)  [no-redef]
Test Python 3.11 on ubuntu-latest	Run type checker	2025-06-25T09:38:42.1971153Z src/DHT/launcher.py:207: error: Name "CommandDispatcher" already defined (possibly by an import)  [no-redef]
Test Python 3.11 on ubuntu-latest	Run type checker	2025-06-25T09:38:42.1999851Z src/DHT/dhtl.py:37: error: Name "DHTLauncher" already defined (possibly by an import)  [no-redef]
Test Python 3.11 on ubuntu-latest	Run type checker	2025-06-25T09:38:42.2103569Z Found 60 errors in 20 files (checked 182 source files)
Test Python 3.11 on ubuntu-latest	Run type checker	2025-06-25T09:38:42.2520393Z ##[error]Process completed with exit code 1.
Test Python 3.11 on windows-latest	Run type checker	ï»¿2025-06-25T09:38:59.7863337Z ##[group]Run uv run mypy src/DHT/
Test Python 3.11 on windows-latest	Run type checker	2025-06-25T09:38:59.7863687Z [36;1muv run mypy src/DHT/[0m
Test Python 3.11 on windows-latest	Run type checker	2025-06-25T09:38:59.7894064Z shell: C:\Program Files\PowerShell\7\pwsh.EXE -command ". '{0}'"
Test Python 3.11 on windows-latest	Run type checker	2025-06-25T09:38:59.7894379Z env:
Test Python 3.11 on windows-latest	Run type checker	2025-06-25T09:38:59.7894557Z   UV_CACHE_DIR: D:\a\_temp\setup-uv-cache
Test Python 3.11 on windows-latest	Run type checker	2025-06-25T09:38:59.7894813Z   UV_TOOL_BIN_DIR: D:\a\_temp\uv-tool-bin-dir
Test Python 3.11 on windows-latest	Run type checker	2025-06-25T09:38:59.7895061Z   UV_TOOL_DIR: D:\a\_temp\uv-tool-dir
Test Python 3.11 on windows-latest	Run type checker	2025-06-25T09:38:59.7895281Z ##[endgroup]
Test Python 3.11 on windows-latest	Run type checker	2025-06-25T09:39:11.0871113Z src\DHT\modules\parsers\bash_parser_tree_sitter.py:33: error: Incompatible types in assignment (expression has type "None", variable has type Module)  [assignment]
Test Python 3.11 on windows-latest	Run type checker	2025-06-25T09:39:12.1932491Z src\DHT\setup_tree_sitter.py:140: error: No overload variant of "Language" matches argument types "str", "str"  [call-overload]
Test Python 3.11 on windows-latest	Run type checker	2025-06-25T09:39:12.1933350Z src\DHT\setup_tree_sitter.py:140: note: Possible overload variants:
Test Python 3.11 on windows-latest	Run type checker	2025-06-25T09:39:12.1933890Z src\DHT\setup_tree_sitter.py:140: note:     def __init__(self, int, /) -> Language
Test Python 3.11 on windows-latest	Run type checker	2025-06-25T09:39:12.1934531Z src\DHT\setup_tree_sitter.py:140: note:     def __init__(self, object, /) -> Language
Test Python 3.11 on windows-latest	Run type checker	2025-06-25T09:39:12.1935149Z src\DHT\setup_tree_sitter.py:153: error: Module has no attribute "build_library"  [attr-defined]
Test Python 3.11 on windows-latest	Run type checker	2025-06-25T09:39:12.1935769Z src\DHT\setup_tree_sitter.py:157: error: Module has no attribute "build_library"  [attr-defined]
Test Python 3.11 on windows-latest	Run type checker	2025-06-25T09:39:12.1936498Z src\DHT\setup_tree_sitter.py:180: error: No overload variant of "Language" matches argument types "str", "str"  [call-overload]
Test Python 3.11 on windows-latest	Run type checker	2025-06-25T09:39:12.1937159Z src\DHT\setup_tree_sitter.py:180: note: Possible overload variants:
Test Python 3.11 on windows-latest	Run type checker	2025-06-25T09:39:12.1937655Z src\DHT\setup_tree_sitter.py:180: note:     def __init__(self, int, /) -> Language
Test Python 3.11 on windows-latest	Run type checker	2025-06-25T09:39:12.1938186Z src\DHT\setup_tree_sitter.py:180: note:     def __init__(self, object, /) -> Language
Test Python 3.11 on windows-latest	Run type checker	2025-06-25T09:39:12.1938867Z src\DHT\setup_tree_sitter.py:201: error: No overload variant of "Language" matches argument types "str", "str"  [call-overload]
Test Python 3.11 on windows-latest	Run type checker	2025-06-25T09:39:12.1939538Z src\DHT\setup_tree_sitter.py:201: note: Possible overload variants:
Test Python 3.11 on windows-latest	Run type checker	2025-06-25T09:39:12.1940042Z src\DHT\setup_tree_sitter.py:201: note:     def __init__(self, int, /) -> Language
Test Python 3.11 on windows-latest	Run type checker	2025-06-25T09:39:12.1940568Z src\DHT\setup_tree_sitter.py:201: note:     def __init__(self, object, /) -> Language
Test Python 3.11 on windows-latest	Run type checker	2025-06-25T09:39:13.1563337Z src\DHT\modules\project_file_generators.py:327: error: Value of type "Collection[str]" is not indexable  [index]
Test Python 3.11 on windows-latest	Run type checker	2025-06-25T09:39:13.1564326Z src\DHT\modules\project_file_generators.py:330: error: Value of type "Collection[str]" is not indexable  [index]
Test Python 3.11 on windows-latest	Run type checker	2025-06-25T09:39:13.1565183Z src\DHT\modules\project_file_generators.py:339: error: Value of type "Collection[str]" is not indexable  [index]
Test Python 3.11 on windows-latest	Run type checker	2025-06-25T09:39:13.3740296Z src\DHT\modules\act_workflow_manager.py:101: error: Unsupported target for indexed assignment ("object")  [index]
Test Python 3.11 on windows-latest	Run type checker	2025-06-25T09:39:13.3741312Z src\DHT\modules\act_workflow_manager.py:104: error: Unsupported target for indexed assignment ("object")  [index]
Test Python 3.11 on windows-latest	Run type checker	2025-06-25T09:39:13.3742155Z src\DHT\modules\act_workflow_manager.py:109: error: Unsupported operand types for + ("object" and "int")  [operator]
Test Python 3.11 on windows-latest	Run type checker	2025-06-25T09:39:35.2612272Z src\DHT\modules\guardian_prefect.py:361: error: Argument 1 to "float" has incompatible type "Any | None"; expected "str | Buffer | SupportsFloat | SupportsIndex"  [arg-type]
Test Python 3.11 on windows-latest	Run type checker	2025-06-25T09:39:35.2613745Z src\DHT\modules\guardian_prefect.py:576: error: Argument 1 to "__call__" of "Flow" has incompatible type "list[Collection[str]]"; expected "list[str | dict[str, Any]]"  [arg-type]
Test Python 3.11 on windows-latest	Run type checker	2025-06-25T09:39:35.2722987Z src\DHT\modules\environment_verification_utils.py:56: error: Redundant cast to "Logger"  [redundant-cast]
Test Python 3.11 on windows-latest	Run type checker	2025-06-25T09:39:35.3258192Z src\DHT\modules\environment_reproducer.py:98: error: Incompatible types in assignment (expression has type "Logger | LoggerAdapter[Logger]", variable has type "Logger | None")  [assignment]
Test Python 3.11 on windows-latest	Run type checker	2025-06-25T09:39:35.3575551Z src\DHT\modules\environment_configurator.py:81: error: Incompatible types in assignment (expression has type "Logger | LoggerAdapter[Logger]", variable has type "Logger | None")  [assignment]
Test Python 3.11 on windows-latest	Run type checker	2025-06-25T09:39:35.3579590Z src\DHT\modules\environment_configurator.py:279: error: "State[dict[str, Any]]" has no attribute "get"  [attr-defined]
Test Python 3.11 on windows-latest	Run type checker	2025-06-25T09:39:35.3580526Z src\DHT\modules\environment_configurator.py:290: error: "None" has no attribute "project_type"  [attr-defined]
Test Python 3.11 on windows-latest	Run type checker	2025-06-25T09:39:35.3581412Z src\DHT\modules\environment_configurator.py:299: error: "None" has no attribute "quality_tools"  [attr-defined]
Test Python 3.11 on windows-latest	Run type checker	2025-06-25T09:39:35.3866862Z src\DHT\modules\environment_analyzer.py:197: error: Need type annotation for "requirements"  [var-annotated]
Test Python 3.11 on windows-latest	Run type checker	2025-06-25T09:39:35.3867945Z src\DHT\modules\environment_analyzer.py:236: error: Incompatible types in assignment (expression has type "str", target has type "list[Any] | None")  [assignment]
Test Python 3.11 on windows-latest	Run type checker	2025-06-25T09:39:35.4162756Z src\DHT\modules\dockerfile_generator.py:175: error: Argument 1 to "_get_system_deps" of "DockerfileGenerator" has incompatible type "object"; expected "list[str]"  [arg-type]
Test Python 3.11 on windows-latest	Run type checker	2025-06-25T09:39:35.4164081Z src\DHT\modules\dockerfile_generator.py:179: error: Argument 2 to "_detect_ports" of "DockerfileGenerator" has incompatible type "object"; expected "str | None"  [arg-type]
Test Python 3.11 on windows-latest	Run type checker	2025-06-25T09:39:35.5759764Z src\DHT\modules\parsers\base_parser.py:78: error: No overload variant of "Language" matches argument types "Path", "str"  [call-overload]
Test Python 3.11 on windows-latest	Run type checker	2025-06-25T09:39:35.5760729Z src\DHT\modules\parsers\base_parser.py:78: note: Possible overload variants:
Test Python 3.11 on windows-latest	Run type checker	2025-06-25T09:39:35.5761403Z src\DHT\modules\parsers\base_parser.py:78: note:     def __init__(self, int, /) -> Language
Test Python 3.11 on windows-latest	Run type checker	2025-06-25T09:39:35.5762097Z src\DHT\modules\parsers\base_parser.py:78: note:     def __init__(self, object, /) -> Language
Test Python 3.11 on windows-latest	Run type checker	2025-06-25T09:39:35.7774781Z src\DHT\modules\dhtl_guardian_command.py:54: error: Argument 1 to "guardian_run" has incompatible type "Sequence[Any]"; expected "list[str]"  [arg-type]
Test Python 3.11 on windows-latest	Run type checker	2025-06-25T09:39:35.7776066Z src\DHT\modules\dhtl_guardian_command.py:56: error: Argument 1 to "guardian_batch" has incompatible type "Sequence[Any]"; expected "list[str]"  [arg-type]
Test Python 3.11 on windows-latest	Run type checker	2025-06-25T09:39:35.7777246Z src\DHT\modules\dhtl_guardian_command.py:58: error: Argument 1 to "guardian_config" has incompatible type "Sequence[Any]"; expected "list[str]"  [arg-type]
Test Python 3.11 on windows-latest	Run type checker	2025-06-25T09:39:35.7778400Z src\DHT\modules\dhtl_guardian_command.py:60: error: Argument 1 to "guardian_status" has incompatible type "Sequence[Any]"; expected "list[str]"  [arg-type]
Test Python 3.11 on windows-latest	Run type checker	2025-06-25T09:39:35.7951284Z src\DHT\modules\dhtl_commands_standalone.py:54: error: "_normalize_args" does not return a value (it only ever returns None)  [func-returns-value]
Test Python 3.11 on windows-latest	Run type checker	2025-06-25T09:39:35.7952487Z src\DHT\modules\dhtl_commands_standalone.py:103: error: "_normalize_args" does not return a value (it only ever returns None)  [func-returns-value]
Test Python 3.11 on windows-latest	Run type checker	2025-06-25T09:39:35.7953628Z src\DHT\modules\dhtl_commands_standalone.py:152: error: "_normalize_args" does not return a value (it only ever returns None)  [func-returns-value]
Test Python 3.11 on windows-latest	Run type checker	2025-06-25T09:39:35.7954778Z src\DHT\modules\dhtl_commands_standalone.py:182: error: "_normalize_args" does not return a value (it only ever returns None)  [func-returns-value]
Test Python 3.11 on windows-latest	Run type checker	2025-06-25T09:39:36.0318475Z src\DHT\modules\dht_flows\restore_flow.py:346: error: Unsupported target for indexed assignment ("State[dict[str, Any]]")  [index]
Test Python 3.11 on windows-latest	Run type checker	2025-06-25T09:39:36.0319581Z src\DHT\modules\dht_flows\restore_flow.py:353: error: Value of type "State[dict[str, Any]]" is not indexable  [index]
Test Python 3.11 on windows-latest	Run type checker	2025-06-25T09:39:36.0320492Z src\DHT\modules\dht_flows\restore_flow.py:364: error: Value of type "State[dict[str, Any]]" is not indexable  [index]
Test Python 3.11 on windows-latest	Run type checker	2025-06-25T09:39:36.0321357Z src\DHT\modules\dht_flows\restore_flow.py:367: error: Value of type "State[dict[str, Any]]" is not indexable  [index]
Test Python 3.11 on windows-latest	Run type checker	2025-06-25T09:39:36.0322246Z src\DHT\modules\dht_flows\restore_flow.py:368: error: Value of type "State[dict[str, Any]]" is not indexable  [index]
Test Python 3.11 on windows-latest	Run type checker	2025-06-25T09:39:36.0899599Z src\DHT\modules\dhtl_guardian_prefect.py:63: error: Item "RunnerDeployment" of "RunnerDeployment | Coroutine[Any, Any, RunnerDeployment]" has no attribute "interval"  [union-attr]
Test Python 3.11 on windows-latest	Run type checker	2025-06-25T09:39:36.0902718Z src\DHT\modules\dhtl_guardian_prefect.py:63: error: Item "Coroutine[Any, Any, RunnerDeployment]" of "RunnerDeployment | Coroutine[Any, Any, RunnerDeployment]" has no attribute "interval"  [union-attr]
Test Python 3.11 on windows-latest	Run type checker	2025-06-25T09:39:36.0904536Z src\DHT\modules\dhtl_guardian_prefect.py:65: error: Item "RunnerDeployment" of "RunnerDeployment | Coroutine[Any, Any, RunnerDeployment]" has no attribute "cron"  [union-attr]
Test Python 3.11 on windows-latest	Run type checker	2025-06-25T09:39:36.0906310Z src\DHT\modules\dhtl_guardian_prefect.py:65: error: Item "Coroutine[Any, Any, RunnerDeployment]" of "RunnerDeployment | Coroutine[Any, Any, RunnerDeployment]" has no attribute "cron"  [union-attr]
Test Python 3.11 on windows-latest	Run type checker	2025-06-25T09:39:36.0908098Z src\DHT\modules\dhtl_guardian_prefect.py:79: error: Item "RunnerDeployment" of "RunnerDeployment | Coroutine[Any, Any, RunnerDeployment]" has no attribute "serve"  [union-attr]
Test Python 3.11 on windows-latest	Run type checker	2025-06-25T09:39:36.0909619Z src\DHT\modules\dhtl_guardian_prefect.py:79: error: Item "Coroutine[Any, Any, RunnerDeployment]" of "RunnerDeployment | Coroutine[Any, Any, RunnerDeployment]" has no attribute "serve"  [union-attr]
Test Python 3.11 on windows-latest	Run type checker	2025-06-25T09:39:36.0910871Z src\DHT\modules\dhtl_guardian_prefect.py:180: error: Value of type "Coroutine[Any, Any, R?]" must be used  [unused-coroutine]
Test Python 3.11 on windows-latest	Run type checker	2025-06-25T09:39:36.0911634Z src\DHT\modules\dhtl_guardian_prefect.py:180: note: Are you missing an await?
Test Python 3.11 on windows-latest	Run type checker	2025-06-25T09:39:36.0912307Z src\DHT\modules\dhtl_guardian_prefect.py:206: error: Value of type "Any | None" is not indexable  [index]
Test Python 3.11 on windows-latest	Run type checker	2025-06-25T09:39:36.1349993Z src\DHT\modules\dht_flows\test_flow.py:117: error: Argument 1 to "extend" of "list" has incompatible type "Generator[Path, None, None]"; expected "Iterable[str]"  [arg-type]
Test Python 3.11 on windows-latest	Run type checker	2025-06-25T09:39:36.1351464Z src\DHT\modules\dht_flows\test_flow.py:118: error: Argument 1 to "extend" of "list" has incompatible type "Generator[Path, None, None]"; expected "Iterable[str]"  [arg-type]
Test Python 3.11 on windows-latest	Run type checker	2025-06-25T09:39:36.1352790Z src\DHT\modules\dht_flows\test_flow.py:119: error: Argument 1 to "extend" of "list" has incompatible type "list[Path]"; expected "Iterable[str]"  [arg-type]
Test Python 3.11 on windows-latest	Run type checker	2025-06-25T09:39:36.1354177Z src\DHT\modules\dht_flows\test_flow.py:435: error: Incompatible types in assignment (expression has type "State[dict[str, Any]]", variable has type "dict[str, Any]")  [assignment]
Test Python 3.11 on windows-latest	Run type checker	2025-06-25T09:39:36.1355388Z src\DHT\modules\dht_flows\test_flow.py:439: error: Value of type "State[dict[str, Any]]" is not indexable  [index]
Test Python 3.11 on windows-latest	Run type checker	2025-06-25T09:39:36.1356286Z src\DHT\modules\dht_flows\test_flow.py:448: error: Value of type "State[dict[str, Any]]" is not indexable  [index]
Test Python 3.11 on windows-latest	Run type checker	2025-06-25T09:39:36.1357169Z src\DHT\modules\dht_flows\test_flow.py:449: error: Value of type "State[dict[str, Any]]" is not indexable  [index]
Test Python 3.11 on windows-latest	Run type checker	2025-06-25T09:39:36.1358049Z src\DHT\modules\dht_flows\test_flow.py:457: error: Value of type "State[dict[str, Any]]" is not indexable  [index]
Test Python 3.11 on windows-latest	Run type checker	2025-06-25T09:39:36.1567374Z src\DHT\modules\command_runner.py:184: error: No overload variant of "__call__" of "FlowDecorator" matches argument types "str", "str", "bool", "Callable[[Any, Any], str]"  [call-overload]
Test Python 3.11 on windows-latest	Run type checker	2025-06-25T09:39:36.1569001Z src\DHT\modules\command_runner.py:184: note: Possible overload variants:
Test Python 3.11 on windows-latest	Run type checker	2025-06-25T09:39:36.1569972Z src\DHT\modules\command_runner.py:184: note:     def [P`51482, R] __call__(self, Callable[P, R], /) -> Flow[P, R]
Test Python 3.11 on windows-latest	Run type checker	2025-06-25T09:39:36.1573633Z src\DHT\modules\command_runner.py:184: note:     def __call__(self, None = ..., /, *, name: str | None = ..., version: str | None = ..., flow_run_name: Callable[[], str] | str | None = ..., retries: int | None = ..., retry_delay_seconds: int | float | None = ..., task_runner: None = ..., description: str | None = ..., timeout_seconds: int | float | None = ..., validate_parameters: bool = ..., persist_result: bool | None = ..., result_storage: WritableFileSystem | str | None = ..., result_serializer: Serializer[Any] | str | None = ..., cache_result_in_memory: bool = ..., log_prints: bool | None = ..., on_completion: list[FlowStateHook[[VarArg(Any), KwArg(Any)], Any]] | None = ..., on_failure: list[FlowStateHook[[VarArg(Any), KwArg(Any)], Any]] | None = ..., on_cancellation: list[FlowStateHook[[VarArg(Any), KwArg(Any)], Any]] | None = ..., on_crashed: list[FlowStateHook[[VarArg(Any), KwArg(Any)], Any]] | None = ..., on_running: list[FlowStateHook[[VarArg(Any), KwArg(Any)], Any]] | None = ...) -> Callable[[Callable[P, R]], Flow[P, R]]
Test Python 3.11 on windows-latest	Run type checker	2025-06-25T09:39:36.1580573Z src\DHT\modules\command_runner.py:184: note:     def [R] __call__(self, None = ..., /, *, name: str | None = ..., version: str | None = ..., flow_run_name: Callable[[], str] | str | None = ..., retries: int | None = ..., retry_delay_seconds: int | float | None = ..., task_runner: TaskRunner[PrefectFuture[R]] | None = ..., description: str | None = ..., timeout_seconds: int | float | None = ..., validate_parameters: bool = ..., persist_result: bool | None = ..., result_storage: WritableFileSystem | str | None = ..., result_serializer: Serializer[Any] | str | None = ..., cache_result_in_memory: bool = ..., log_prints: bool | None = ..., on_completion: list[FlowStateHook[[VarArg(Any), KwArg(Any)], Any]] | None = ..., on_failure: list[FlowStateHook[[VarArg(Any), KwArg(Any)], Any]] | None = ..., on_cancellation: list[FlowStateHook[[VarArg(Any), KwArg(Any)], Any]] | None = ..., on_crashed: list[FlowStateHook[[VarArg(Any), KwArg(Any)], Any]] | None = ..., on_running: list[FlowStateHook[[VarArg(Any), KwArg(Any)], Any]] | None = ...) -> Callable[[Callable[P, R]], Flow[P, R]]
Test Python 3.11 on windows-latest	Run type checker	2025-06-25T09:39:36.2028440Z src\DHT\modules\command_dispatcher.py:265: error: Incompatible default for argument "args" (default has type "None", argument has type "list[str]")  [assignment]
Test Python 3.11 on windows-latest	Run type checker	2025-06-25T09:39:36.2029788Z src\DHT\modules\command_dispatcher.py:265: note: PEP 484 prohibits implicit Optional. Accordingly, mypy has changed its default to no_implicit_optional=True
Test Python 3.11 on windows-latest	Run type checker	2025-06-25T09:39:36.2031060Z src\DHT\modules\command_dispatcher.py:265: note: Use https://github.com/hauntsaninja/no_implicit_optional to automatically upgrade your codebase
Test Python 3.11 on windows-latest	Run type checker	2025-06-25T09:39:36.2032314Z src\DHT\modules\command_dispatcher.py:293: error: Incompatible default for argument "args" (default has type "None", argument has type "list[str]")  [assignment]
Test Python 3.11 on windows-latest	Run type checker	2025-06-25T09:39:36.2033628Z src\DHT\modules\command_dispatcher.py:293: note: PEP 484 prohibits implicit Optional. Accordingly, mypy has changed its default to no_implicit_optional=True
Test Python 3.11 on windows-latest	Run type checker	2025-06-25T09:39:36.2034881Z src\DHT\modules\command_dispatcher.py:293: note: Use https://github.com/hauntsaninja/no_implicit_optional to automatically upgrade your codebase
Test Python 3.11 on windows-latest	Run type checker	2025-06-25T09:39:36.2195377Z src\DHT\launcher.py:31: error: Name "Colors" already defined (possibly by an import)  [no-redef]
Test Python 3.11 on windows-latest	Run type checker	2025-06-25T09:39:36.2196144Z src\DHT\launcher.py:207: error: Name "CommandDispatcher" already defined (possibly by an import)  [no-redef]
Test Python 3.11 on windows-latest	Run type checker	2025-06-25T09:39:36.2229220Z src\DHT\dhtl.py:37: error: Name "DHTLauncher" already defined (possibly by an import)  [no-redef]
Test Python 3.11 on windows-latest	Run type checker	2025-06-25T09:39:36.2337784Z Found 60 errors in 20 files (checked 182 source files)
Test Python 3.11 on windows-latest	Run type checker	2025-06-25T09:39:36.3384216Z ##[error]Process completed with exit code 1.
Test Python 3.12 on macos-latest	Run type checker	ï»¿2025-06-25T09:38:30.2351770Z ##[group]Run uv run mypy src/DHT/
Test Python 3.12 on macos-latest	Run type checker	2025-06-25T09:38:30.2352080Z [36;1muv run mypy src/DHT/[0m
Test Python 3.12 on macos-latest	Run type checker	2025-06-25T09:38:30.2401460Z shell: /bin/bash -e {0}
Test Python 3.12 on macos-latest	Run type checker	2025-06-25T09:38:30.2401670Z env:
Test Python 3.12 on macos-latest	Run type checker	2025-06-25T09:38:30.2401910Z   UV_CACHE_DIR: /Users/runner/work/_temp/setup-uv-cache
Test Python 3.12 on macos-latest	Run type checker	2025-06-25T09:38:30.2402140Z ##[endgroup]
Test Python 3.12 on macos-latest	Run type checker	2025-06-25T09:38:36.6113890Z src/DHT/modules/parsers/bash_parser_tree_sitter.py:33: error: Incompatible types in assignment (expression has type "None", variable has type Module)  [assignment]
Test Python 3.12 on macos-latest	Run type checker	2025-06-25T09:38:37.1575510Z src/DHT/setup_tree_sitter.py:140: error: No overload variant of "Language" matches argument types "str", "str"  [call-overload]
Test Python 3.12 on macos-latest	Run type checker	2025-06-25T09:38:37.1576090Z src/DHT/setup_tree_sitter.py:140: note: Possible overload variants:
Test Python 3.12 on macos-latest	Run type checker	2025-06-25T09:38:37.1576770Z src/DHT/setup_tree_sitter.py:140: note:     def __init__(self, int, /) -> Language
Test Python 3.12 on macos-latest	Run type checker	2025-06-25T09:38:37.1577220Z src/DHT/setup_tree_sitter.py:140: note:     def __init__(self, object, /) -> Language
Test Python 3.12 on macos-latest	Run type checker	2025-06-25T09:38:37.1577730Z src/DHT/setup_tree_sitter.py:153: error: Module has no attribute "build_library"  [attr-defined]
Test Python 3.12 on macos-latest	Run type checker	2025-06-25T09:38:37.1578500Z src/DHT/setup_tree_sitter.py:157: error: Module has no attribute "build_library"  [attr-defined]
Test Python 3.12 on macos-latest	Run type checker	2025-06-25T09:38:37.1579070Z src/DHT/setup_tree_sitter.py:180: error: No overload variant of "Language" matches argument types "str", "str"  [call-overload]
Test Python 3.12 on macos-latest	Run type checker	2025-06-25T09:38:37.1579570Z src/DHT/setup_tree_sitter.py:180: note: Possible overload variants:
Test Python 3.12 on macos-latest	Run type checker	2025-06-25T09:38:37.1579930Z src/DHT/setup_tree_sitter.py:180: note:     def __init__(self, int, /) -> Language
Test Python 3.12 on macos-latest	Run type checker	2025-06-25T09:38:37.1580420Z src/DHT/setup_tree_sitter.py:180: note:     def __init__(self, object, /) -> Language
Test Python 3.12 on macos-latest	Run type checker	2025-06-25T09:38:37.1580950Z src/DHT/setup_tree_sitter.py:201: error: No overload variant of "Language" matches argument types "str", "str"  [call-overload]
Test Python 3.12 on macos-latest	Run type checker	2025-06-25T09:38:37.1581420Z src/DHT/setup_tree_sitter.py:201: note: Possible overload variants:
Test Python 3.12 on macos-latest	Run type checker	2025-06-25T09:38:37.1581830Z src/DHT/setup_tree_sitter.py:201: note:     def __init__(self, int, /) -> Language
Test Python 3.12 on macos-latest	Run type checker	2025-06-25T09:38:37.1582200Z src/DHT/setup_tree_sitter.py:201: note:     def __init__(self, object, /) -> Language
Test Python 3.12 on macos-latest	Run type checker	2025-06-25T09:38:37.5529420Z src/DHT/modules/project_file_generators.py:327: error: Value of type "Collection[str]" is not indexable  [index]
Test Python 3.12 on macos-latest	Run type checker	2025-06-25T09:38:37.5551520Z src/DHT/modules/project_file_generators.py:330: error: Value of type "Collection[str]" is not indexable  [index]
Test Python 3.12 on macos-latest	Run type checker	2025-06-25T09:38:37.5577900Z src/DHT/modules/project_file_generators.py:339: error: Value of type "Collection[str]" is not indexable  [index]
Test Python 3.12 on macos-latest	Run type checker	2025-06-25T09:38:37.6313220Z src/DHT/modules/act_workflow_manager.py:101: error: Unsupported target for indexed assignment ("object")  [index]
Test Python 3.12 on macos-latest	Run type checker	2025-06-25T09:38:37.6313860Z src/DHT/modules/act_workflow_manager.py:104: error: Unsupported target for indexed assignment ("object")  [index]
Test Python 3.12 on macos-latest	Run type checker	2025-06-25T09:38:37.6314680Z src/DHT/modules/act_workflow_manager.py:109: error: Unsupported operand types for + ("object" and "int")  [operator]
Test Python 3.12 on macos-latest	Run type checker	2025-06-25T09:38:48.5787810Z src/DHT/modules/guardian_prefect.py:361: error: Argument 1 to "float" has incompatible type "Any | None"; expected "str | Buffer | SupportsFloat | SupportsIndex"  [arg-type]
Test Python 3.12 on macos-latest	Run type checker	2025-06-25T09:38:48.5789370Z src/DHT/modules/guardian_prefect.py:576: error: Argument 1 to "__call__" of "Flow" has incompatible type "list[Collection[str]]"; expected "list[str | dict[str, Any]]"  [arg-type]
Test Python 3.12 on macos-latest	Run type checker	2025-06-25T09:38:48.5836390Z src/DHT/modules/environment_verification_utils.py:56: error: Redundant cast to "Logger"  [redundant-cast]
Test Python 3.12 on macos-latest	Run type checker	2025-06-25T09:38:48.6055790Z src/DHT/modules/environment_reproducer.py:98: error: Incompatible types in assignment (expression has type "Logger | LoggerAdapter[Logger]", variable has type "Logger | None")  [assignment]
Test Python 3.12 on macos-latest	Run type checker	2025-06-25T09:38:48.6184080Z src/DHT/modules/environment_configurator.py:81: error: Incompatible types in assignment (expression has type "Logger | LoggerAdapter[Logger]", variable has type "Logger | None")  [assignment]
Test Python 3.12 on macos-latest	Run type checker	2025-06-25T09:38:48.6185270Z src/DHT/modules/environment_configurator.py:279: error: "State[dict[str, Any]]" has no attribute "get"  [attr-defined]
Test Python 3.12 on macos-latest	Run type checker	2025-06-25T09:38:48.6189810Z src/DHT/modules/environment_configurator.py:290: error: "None" has no attribute "project_type"  [attr-defined]
Test Python 3.12 on macos-latest	Run type checker	2025-06-25T09:38:48.6190520Z src/DHT/modules/environment_configurator.py:299: error: "None" has no attribute "quality_tools"  [attr-defined]
Test Python 3.12 on macos-latest	Run type checker	2025-06-25T09:38:48.6316700Z src/DHT/modules/environment_analyzer.py:197: error: Need type annotation for "requirements"  [var-annotated]
Test Python 3.12 on macos-latest	Run type checker	2025-06-25T09:38:48.6317660Z src/DHT/modules/environment_analyzer.py:236: error: Incompatible types in assignment (expression has type "str", target has type "list[Any] | None")  [assignment]
Test Python 3.12 on macos-latest	Run type checker	2025-06-25T09:38:48.6428030Z src/DHT/modules/dockerfile_generator.py:175: error: Argument 1 to "_get_system_deps" of "DockerfileGenerator" has incompatible type "object"; expected "list[str]"  [arg-type]
Test Python 3.12 on macos-latest	Run type checker	2025-06-25T09:38:48.6429330Z src/DHT/modules/dockerfile_generator.py:179: error: Argument 2 to "_detect_ports" of "DockerfileGenerator" has incompatible type "object"; expected "str | None"  [arg-type]
Test Python 3.12 on macos-latest	Run type checker	2025-06-25T09:38:48.7135530Z src/DHT/modules/parsers/base_parser.py:78: error: No overload variant of "Language" matches argument types "Path", "str"  [call-overload]
Test Python 3.12 on macos-latest	Run type checker	2025-06-25T09:38:48.7136700Z src/DHT/modules/parsers/base_parser.py:78: note: Possible overload variants:
Test Python 3.12 on macos-latest	Run type checker	2025-06-25T09:38:48.7137420Z src/DHT/modules/parsers/base_parser.py:78: note:     def __init__(self, int, /) -> Language
Test Python 3.12 on macos-latest	Run type checker	2025-06-25T09:38:48.7138130Z src/DHT/modules/parsers/base_parser.py:78: note:     def __init__(self, object, /) -> Language
Test Python 3.12 on macos-latest	Run type checker	2025-06-25T09:38:48.8071180Z src/DHT/modules/dhtl_guardian_command.py:54: error: Argument 1 to "guardian_run" has incompatible type "Sequence[Any]"; expected "list[str]"  [arg-type]
Test Python 3.12 on macos-latest	Run type checker	2025-06-25T09:38:48.8072360Z src/DHT/modules/dhtl_guardian_command.py:56: error: Argument 1 to "guardian_batch" has incompatible type "Sequence[Any]"; expected "list[str]"  [arg-type]
Test Python 3.12 on macos-latest	Run type checker	2025-06-25T09:38:48.8073320Z src/DHT/modules/dhtl_guardian_command.py:58: error: Argument 1 to "guardian_config" has incompatible type "Sequence[Any]"; expected "list[str]"  [arg-type]
Test Python 3.12 on macos-latest	Run type checker	2025-06-25T09:38:48.8074320Z src/DHT/modules/dhtl_guardian_command.py:60: error: Argument 1 to "guardian_status" has incompatible type "Sequence[Any]"; expected "list[str]"  [arg-type]
Test Python 3.12 on macos-latest	Run type checker	2025-06-25T09:38:48.8141940Z src/DHT/modules/dhtl_commands_standalone.py:54: error: "_normalize_args" does not return a value (it only ever returns None)  [func-returns-value]
Test Python 3.12 on macos-latest	Run type checker	2025-06-25T09:38:48.8142990Z src/DHT/modules/dhtl_commands_standalone.py:103: error: "_normalize_args" does not return a value (it only ever returns None)  [func-returns-value]
Test Python 3.12 on macos-latest	Run type checker	2025-06-25T09:38:48.8144030Z src/DHT/modules/dhtl_commands_standalone.py:152: error: "_normalize_args" does not return a value (it only ever returns None)  [func-returns-value]
Test Python 3.12 on macos-latest	Run type checker	2025-06-25T09:38:48.8145020Z src/DHT/modules/dhtl_commands_standalone.py:182: error: "_normalize_args" does not return a value (it only ever returns None)  [func-returns-value]
Test Python 3.12 on macos-latest	Run type checker	2025-06-25T09:38:48.9070520Z src/DHT/modules/dht_flows/restore_flow.py:346: error: Unsupported target for indexed assignment ("State[dict[str, Any]]")  [index]
Test Python 3.12 on macos-latest	Run type checker	2025-06-25T09:38:48.9077770Z src/DHT/modules/dht_flows/restore_flow.py:353: error: Value of type "State[dict[str, Any]]" is not indexable  [index]
Test Python 3.12 on macos-latest	Run type checker	2025-06-25T09:38:48.9078570Z src/DHT/modules/dht_flows/restore_flow.py:364: error: Value of type "State[dict[str, Any]]" is not indexable  [index]
Test Python 3.12 on macos-latest	Run type checker	2025-06-25T09:38:48.9079300Z src/DHT/modules/dht_flows/restore_flow.py:367: error: Value of type "State[dict[str, Any]]" is not indexable  [index]
Test Python 3.12 on macos-latest	Run type checker	2025-06-25T09:38:48.9080080Z src/DHT/modules/dht_flows/restore_flow.py:368: error: Value of type "State[dict[str, Any]]" is not indexable  [index]
Test Python 3.12 on macos-latest	Run type checker	2025-06-25T09:38:48.9316900Z src/DHT/modules/dhtl_guardian_prefect.py:63: error: Item "RunnerDeployment" of "RunnerDeployment | Coroutine[Any, Any, RunnerDeployment]" has no attribute "interval"  [union-attr]
Test Python 3.12 on macos-latest	Run type checker	2025-06-25T09:38:48.9318180Z src/DHT/modules/dhtl_guardian_prefect.py:63: error: Item "Coroutine[Any, Any, RunnerDeployment]" of "RunnerDeployment | Coroutine[Any, Any, RunnerDeployment]" has no attribute "interval"  [union-attr]
Test Python 3.12 on macos-latest	Run type checker	2025-06-25T09:38:48.9320280Z src/DHT/modules/dhtl_guardian_prefect.py:65: error: Item "RunnerDeployment" of "RunnerDeployment | Coroutine[Any, Any, RunnerDeployment]" has no attribute "cron"  [union-attr]
Test Python 3.12 on macos-latest	Run type checker	2025-06-25T09:38:48.9321590Z src/DHT/modules/dhtl_guardian_prefect.py:65: error: Item "Coroutine[Any, Any, RunnerDeployment]" of "RunnerDeployment | Coroutine[Any, Any, RunnerDeployment]" has no attribute "cron"  [union-attr]
Test Python 3.12 on macos-latest	Run type checker	2025-06-25T09:38:48.9322690Z src/DHT/modules/dhtl_guardian_prefect.py:79: error: Item "RunnerDeployment" of "RunnerDeployment | Coroutine[Any, Any, RunnerDeployment]" has no attribute "serve"  [union-attr]
Test Python 3.12 on macos-latest	Run type checker	2025-06-25T09:38:48.9323810Z src/DHT/modules/dhtl_guardian_prefect.py:79: error: Item "Coroutine[Any, Any, RunnerDeployment]" of "RunnerDeployment | Coroutine[Any, Any, RunnerDeployment]" has no attribute "serve"  [union-attr]
Test Python 3.12 on macos-latest	Run type checker	2025-06-25T09:38:48.9325010Z src/DHT/modules/dhtl_guardian_prefect.py:180: error: Value of type "Coroutine[Any, Any, R?]" must be used  [unused-coroutine]
Test Python 3.12 on macos-latest	Run type checker	2025-06-25T09:38:48.9325680Z src/DHT/modules/dhtl_guardian_prefect.py:180: note: Are you missing an await?
Test Python 3.12 on macos-latest	Run type checker	2025-06-25T09:38:48.9326380Z src/DHT/modules/dhtl_guardian_prefect.py:206: error: Value of type "Any | None" is not indexable  [index]
Test Python 3.12 on macos-latest	Run type checker	2025-06-25T09:38:48.9496450Z src/DHT/modules/dht_flows/test_flow.py:117: error: Argument 1 to "extend" of "list" has incompatible type "Generator[Path, None, None]"; expected "Iterable[str]"  [arg-type]
Test Python 3.12 on macos-latest	Run type checker	2025-06-25T09:38:48.9497560Z src/DHT/modules/dht_flows/test_flow.py:118: error: Argument 1 to "extend" of "list" has incompatible type "Generator[Path, None, None]"; expected "Iterable[str]"  [arg-type]
Test Python 3.12 on macos-latest	Run type checker	2025-06-25T09:38:48.9498560Z src/DHT/modules/dht_flows/test_flow.py:119: error: Argument 1 to "extend" of "list" has incompatible type "list[Path]"; expected "Iterable[str]"  [arg-type]
Test Python 3.12 on macos-latest	Run type checker	2025-06-25T09:38:48.9499620Z src/DHT/modules/dht_flows/test_flow.py:435: error: Incompatible types in assignment (expression has type "State[dict[str, Any]]", variable has type "dict[str, Any]")  [assignment]
Test Python 3.12 on macos-latest	Run type checker	2025-06-25T09:38:48.9500570Z src/DHT/modules/dht_flows/test_flow.py:439: error: Value of type "State[dict[str, Any]]" is not indexable  [index]
Test Python 3.12 on macos-latest	Run type checker	2025-06-25T09:38:48.9501300Z src/DHT/modules/dht_flows/test_flow.py:448: error: Value of type "State[dict[str, Any]]" is not indexable  [index]
Test Python 3.12 on macos-latest	Run type checker	2025-06-25T09:38:48.9502050Z src/DHT/modules/dht_flows/test_flow.py:449: error: Value of type "State[dict[str, Any]]" is not indexable  [index]
Test Python 3.12 on macos-latest	Run type checker	2025-06-25T09:38:48.9502750Z src/DHT/modules/dht_flows/test_flow.py:457: error: Value of type "State[dict[str, Any]]" is not indexable  [index]
Test Python 3.12 on macos-latest	Run type checker	2025-06-25T09:38:48.9589600Z src/DHT/modules/command_runner.py:184: error: No overload variant of "__call__" of "FlowDecorator" matches argument types "str", "str", "bool", "Callable[[Any, Any], str]"  [call-overload]
Test Python 3.12 on macos-latest	Run type checker	2025-06-25T09:38:48.9595880Z src/DHT/modules/command_runner.py:184: note: Possible overload variants:
Test Python 3.12 on macos-latest	Run type checker	2025-06-25T09:38:48.9596930Z src/DHT/modules/command_runner.py:184: note:     def [P`51551, R] __call__(self, Callable[P, R], /) -> Flow[P, R]
Test Python 3.12 on macos-latest	Run type checker	2025-06-25T09:38:48.9599640Z src/DHT/modules/command_runner.py:184: note:     def __call__(self, None = ..., /, *, name: str | None = ..., version: str | None = ..., flow_run_name: Callable[[], str] | str | None = ..., retries: int | None = ..., retry_delay_seconds: int | float | None = ..., task_runner: None = ..., description: str | None = ..., timeout_seconds: int | float | None = ..., validate_parameters: bool = ..., persist_result: bool | None = ..., result_storage: WritableFileSystem | str | None = ..., result_serializer: Serializer[Any] | str | None = ..., cache_result_in_memory: bool = ..., log_prints: bool | None = ..., on_completion: list[FlowStateHook[[VarArg(Any), KwArg(Any)], Any]] | None = ..., on_failure: list[FlowStateHook[[VarArg(Any), KwArg(Any)], Any]] | None = ..., on_cancellation: list[FlowStateHook[[VarArg(Any), KwArg(Any)], Any]] | None = ..., on_crashed: list[FlowStateHook[[VarArg(Any), KwArg(Any)], Any]] | None = ..., on_running: list[FlowStateHook[[VarArg(Any), KwArg(Any)], Any]] | None = ...) -> Callable[[Callable[P, R]], Flow[P, R]]
Test Python 3.12 on macos-latest	Run type checker	2025-06-25T09:38:48.9604890Z src/DHT/modules/command_runner.py:184: note:     def [R] __call__(self, None = ..., /, *, name: str | None = ..., version: str | None = ..., flow_run_name: Callable[[], str] | str | None = ..., retries: int | None = ..., retry_delay_seconds: int | float | None = ..., task_runner: TaskRunner[PrefectFuture[R]] | None = ..., description: str | None = ..., timeout_seconds: int | float | None = ..., validate_parameters: bool = ..., persist_result: bool | None = ..., result_storage: WritableFileSystem | str | None = ..., result_serializer: Serializer[Any] | str | None = ..., cache_result_in_memory: bool = ..., log_prints: bool | None = ..., on_completion: list[FlowStateHook[[VarArg(Any), KwArg(Any)], Any]] | None = ..., on_failure: list[FlowStateHook[[VarArg(Any), KwArg(Any)], Any]] | None = ..., on_cancellation: list[FlowStateHook[[VarArg(Any), KwArg(Any)], Any]] | None = ..., on_crashed: list[FlowStateHook[[VarArg(Any), KwArg(Any)], Any]] | None = ..., on_running: list[FlowStateHook[[VarArg(Any), KwArg(Any)], Any]] | None = ...) -> Callable[[Callable[P, R]], Flow[P, R]]
Test Python 3.12 on macos-latest	Run type checker	2025-06-25T09:38:48.9767720Z src/DHT/modules/command_dispatcher.py:265: error: Incompatible default for argument "args" (default has type "None", argument has type "list[str]")  [assignment]
Test Python 3.12 on macos-latest	Run type checker	2025-06-25T09:38:48.9768780Z src/DHT/modules/command_dispatcher.py:265: note: PEP 484 prohibits implicit Optional. Accordingly, mypy has changed its default to no_implicit_optional=True
Test Python 3.12 on macos-latest	Run type checker	2025-06-25T09:38:48.9769940Z src/DHT/modules/command_dispatcher.py:265: note: Use https://github.com/hauntsaninja/no_implicit_optional to automatically upgrade your codebase
Test Python 3.12 on macos-latest	Run type checker	2025-06-25T09:38:48.9770930Z src/DHT/modules/command_dispatcher.py:293: error: Incompatible default for argument "args" (default has type "None", argument has type "list[str]")  [assignment]
Test Python 3.12 on macos-latest	Run type checker	2025-06-25T09:38:48.9771880Z src/DHT/modules/command_dispatcher.py:293: note: PEP 484 prohibits implicit Optional. Accordingly, mypy has changed its default to no_implicit_optional=True
Test Python 3.12 on macos-latest	Run type checker	2025-06-25T09:38:48.9772860Z src/DHT/modules/command_dispatcher.py:293: note: Use https://github.com/hauntsaninja/no_implicit_optional to automatically upgrade your codebase
Test Python 3.12 on macos-latest	Run type checker	2025-06-25T09:38:48.9830010Z src/DHT/launcher.py:31: error: Name "Colors" already defined (possibly by an import)  [no-redef]
Test Python 3.12 on macos-latest	Run type checker	2025-06-25T09:38:48.9830890Z src/DHT/launcher.py:207: error: Name "CommandDispatcher" already defined (possibly by an import)  [no-redef]
Test Python 3.12 on macos-latest	Run type checker	2025-06-25T09:38:48.9846120Z src/DHT/dhtl.py:37: error: Name "DHTLauncher" already defined (possibly by an import)  [no-redef]
Test Python 3.12 on macos-latest	Run type checker	2025-06-25T09:38:48.9945350Z Found 60 errors in 20 files (checked 182 source files)
Test Python 3.12 on macos-latest	Run type checker	2025-06-25T09:38:49.0069520Z ##[error]Process completed with exit code 1.
Test Python 3.12 on ubuntu-latest	Run type checker	ï»¿2025-06-25T09:38:08.3899835Z ##[group]Run uv run mypy src/DHT/
Test Python 3.12 on ubuntu-latest	Run type checker	2025-06-25T09:38:08.3900162Z [36;1muv run mypy src/DHT/[0m
Test Python 3.12 on ubuntu-latest	Run type checker	2025-06-25T09:38:08.3949944Z shell: /usr/bin/bash -e {0}
Test Python 3.12 on ubuntu-latest	Run type checker	2025-06-25T09:38:08.3950172Z env:
Test Python 3.12 on ubuntu-latest	Run type checker	2025-06-25T09:38:08.3950386Z   UV_CACHE_DIR: /home/runner/work/_temp/setup-uv-cache
Test Python 3.12 on ubuntu-latest	Run type checker	2025-06-25T09:38:08.3950667Z ##[endgroup]
Test Python 3.12 on ubuntu-latest	Run type checker	2025-06-25T09:38:16.4068039Z src/DHT/modules/parsers/bash_parser_tree_sitter.py:33: error: Incompatible types in assignment (expression has type "None", variable has type Module)  [assignment]
Test Python 3.12 on ubuntu-latest	Run type checker	2025-06-25T09:38:17.3334781Z src/DHT/setup_tree_sitter.py:140: error: No overload variant of "Language" matches argument types "str", "str"  [call-overload]
Test Python 3.12 on ubuntu-latest	Run type checker	2025-06-25T09:38:17.3335961Z src/DHT/setup_tree_sitter.py:140: note: Possible overload variants:
Test Python 3.12 on ubuntu-latest	Run type checker	2025-06-25T09:38:17.3336810Z src/DHT/setup_tree_sitter.py:140: note:     def __init__(self, int, /) -> Language
Test Python 3.12 on ubuntu-latest	Run type checker	2025-06-25T09:38:17.3337646Z src/DHT/setup_tree_sitter.py:140: note:     def __init__(self, object, /) -> Language
Test Python 3.12 on ubuntu-latest	Run type checker	2025-06-25T09:38:17.3338607Z src/DHT/setup_tree_sitter.py:153: error: Module has no attribute "build_library"  [attr-defined]
Test Python 3.12 on ubuntu-latest	Run type checker	2025-06-25T09:38:17.3366488Z src/DHT/setup_tree_sitter.py:157: error: Module has no attribute "build_library"  [attr-defined]
Test Python 3.12 on ubuntu-latest	Run type checker	2025-06-25T09:38:17.3367695Z src/DHT/setup_tree_sitter.py:180: error: No overload variant of "Language" matches argument types "str", "str"  [call-overload]
Test Python 3.12 on ubuntu-latest	Run type checker	2025-06-25T09:38:17.3368861Z src/DHT/setup_tree_sitter.py:180: note: Possible overload variants:
Test Python 3.12 on ubuntu-latest	Run type checker	2025-06-25T09:38:17.3369914Z src/DHT/setup_tree_sitter.py:180: note:     def __init__(self, int, /) -> Language
Test Python 3.12 on ubuntu-latest	Run type checker	2025-06-25T09:38:17.3370822Z src/DHT/setup_tree_sitter.py:180: note:     def __init__(self, object, /) -> Language
Test Python 3.12 on ubuntu-latest	Run type checker	2025-06-25T09:38:17.3371943Z src/DHT/setup_tree_sitter.py:201: error: No overload variant of "Language" matches argument types "str", "str"  [call-overload]
Test Python 3.12 on ubuntu-latest	Run type checker	2025-06-25T09:38:17.3373007Z src/DHT/setup_tree_sitter.py:201: note: Possible overload variants:
Test Python 3.12 on ubuntu-latest	Run type checker	2025-06-25T09:38:17.3373815Z src/DHT/setup_tree_sitter.py:201: note:     def __init__(self, int, /) -> Language
Test Python 3.12 on ubuntu-latest	Run type checker	2025-06-25T09:38:17.3374631Z src/DHT/setup_tree_sitter.py:201: note:     def __init__(self, object, /) -> Language
Test Python 3.12 on ubuntu-latest	Run type checker	2025-06-25T09:38:18.1495955Z src/DHT/modules/project_file_generators.py:327: error: Value of type "Collection[str]" is not indexable  [index]
Test Python 3.12 on ubuntu-latest	Run type checker	2025-06-25T09:38:18.1497371Z src/DHT/modules/project_file_generators.py:330: error: Value of type "Collection[str]" is not indexable  [index]
Test Python 3.12 on ubuntu-latest	Run type checker	2025-06-25T09:38:18.1498650Z src/DHT/modules/project_file_generators.py:339: error: Value of type "Collection[str]" is not indexable  [index]
Test Python 3.12 on ubuntu-latest	Run type checker	2025-06-25T09:38:18.3333765Z src/DHT/modules/act_workflow_manager.py:101: error: Unsupported target for indexed assignment ("object")  [index]
Test Python 3.12 on ubuntu-latest	Run type checker	2025-06-25T09:38:18.3335344Z src/DHT/modules/act_workflow_manager.py:104: error: Unsupported target for indexed assignment ("object")  [index]
Test Python 3.12 on ubuntu-latest	Run type checker	2025-06-25T09:38:18.3336444Z src/DHT/modules/act_workflow_manager.py:109: error: Unsupported operand types for + ("object" and "int")  [operator]
Test Python 3.12 on ubuntu-latest	Run type checker	2025-06-25T09:38:37.9293079Z src/DHT/modules/guardian_prefect.py:361: error: Argument 1 to "float" has incompatible type "Any | None"; expected "str | Buffer | SupportsFloat | SupportsIndex"  [arg-type]
Test Python 3.12 on ubuntu-latest	Run type checker	2025-06-25T09:38:37.9295045Z src/DHT/modules/guardian_prefect.py:576: error: Argument 1 to "__call__" of "Flow" has incompatible type "list[Collection[str]]"; expected "list[str | dict[str, Any]]"  [arg-type]
Test Python 3.12 on ubuntu-latest	Run type checker	2025-06-25T09:38:37.9390605Z src/DHT/modules/environment_verification_utils.py:56: error: Redundant cast to "Logger"  [redundant-cast]
Test Python 3.12 on ubuntu-latest	Run type checker	2025-06-25T09:38:37.9872447Z src/DHT/modules/environment_reproducer.py:98: error: Incompatible types in assignment (expression has type "Logger | LoggerAdapter[Logger]", variable has type "Logger | None")  [assignment]
Test Python 3.12 on ubuntu-latest	Run type checker	2025-06-25T09:38:38.0158824Z src/DHT/modules/environment_configurator.py:81: error: Incompatible types in assignment (expression has type "Logger | LoggerAdapter[Logger]", variable has type "Logger | None")  [assignment]
Test Python 3.12 on ubuntu-latest	Run type checker	2025-06-25T09:38:38.0160261Z src/DHT/modules/environment_configurator.py:279: error: "State[dict[str, Any]]" has no attribute "get"  [attr-defined]
Test Python 3.12 on ubuntu-latest	Run type checker	2025-06-25T09:38:38.0161432Z src/DHT/modules/environment_configurator.py:290: error: "None" has no attribute "project_type"  [attr-defined]
Test Python 3.12 on ubuntu-latest	Run type checker	2025-06-25T09:38:38.0162257Z src/DHT/modules/environment_configurator.py:299: error: "None" has no attribute "quality_tools"  [attr-defined]
Test Python 3.12 on ubuntu-latest	Run type checker	2025-06-25T09:38:38.0416766Z src/DHT/modules/environment_analyzer.py:197: error: Need type annotation for "requirements"  [var-annotated]
Test Python 3.12 on ubuntu-latest	Run type checker	2025-06-25T09:38:38.0417999Z src/DHT/modules/environment_analyzer.py:236: error: Incompatible types in assignment (expression has type "str", target has type "list[Any] | None")  [assignment]
Test Python 3.12 on ubuntu-latest	Run type checker	2025-06-25T09:38:38.0678939Z src/DHT/modules/dockerfile_generator.py:175: error: Argument 1 to "_get_system_deps" of "DockerfileGenerator" has incompatible type "object"; expected "list[str]"  [arg-type]
Test Python 3.12 on ubuntu-latest	Run type checker	2025-06-25T09:38:38.0680583Z src/DHT/modules/dockerfile_generator.py:179: error: Argument 2 to "_detect_ports" of "DockerfileGenerator" has incompatible type "object"; expected "str | None"  [arg-type]
Test Python 3.12 on ubuntu-latest	Run type checker	2025-06-25T09:38:38.2079250Z src/DHT/modules/parsers/base_parser.py:78: error: No overload variant of "Language" matches argument types "Path", "str"  [call-overload]
Test Python 3.12 on ubuntu-latest	Run type checker	2025-06-25T09:38:38.2080698Z src/DHT/modules/parsers/base_parser.py:78: note: Possible overload variants:
Test Python 3.12 on ubuntu-latest	Run type checker	2025-06-25T09:38:38.2081384Z src/DHT/modules/parsers/base_parser.py:78: note:     def __init__(self, int, /) -> Language
Test Python 3.12 on ubuntu-latest	Run type checker	2025-06-25T09:38:38.2082043Z src/DHT/modules/parsers/base_parser.py:78: note:     def __init__(self, object, /) -> Language
Test Python 3.12 on ubuntu-latest	Run type checker	2025-06-25T09:38:38.3819913Z src/DHT/modules/dhtl_guardian_command.py:54: error: Argument 1 to "guardian_run" has incompatible type "Sequence[Any]"; expected "list[str]"  [arg-type]
Test Python 3.12 on ubuntu-latest	Run type checker	2025-06-25T09:38:38.3821280Z src/DHT/modules/dhtl_guardian_command.py:56: error: Argument 1 to "guardian_batch" has incompatible type "Sequence[Any]"; expected "list[str]"  [arg-type]
Test Python 3.12 on ubuntu-latest	Run type checker	2025-06-25T09:38:38.3822581Z src/DHT/modules/dhtl_guardian_command.py:58: error: Argument 1 to "guardian_config" has incompatible type "Sequence[Any]"; expected "list[str]"  [arg-type]
Test Python 3.12 on ubuntu-latest	Run type checker	2025-06-25T09:38:38.3823894Z src/DHT/modules/dhtl_guardian_command.py:60: error: Argument 1 to "guardian_status" has incompatible type "Sequence[Any]"; expected "list[str]"  [arg-type]
Test Python 3.12 on ubuntu-latest	Run type checker	2025-06-25T09:38:38.3977652Z src/DHT/modules/dhtl_commands_standalone.py:54: error: "_normalize_args" does not return a value (it only ever returns None)  [func-returns-value]
Test Python 3.12 on ubuntu-latest	Run type checker	2025-06-25T09:38:38.3979215Z src/DHT/modules/dhtl_commands_standalone.py:103: error: "_normalize_args" does not return a value (it only ever returns None)  [func-returns-value]
Test Python 3.12 on ubuntu-latest	Run type checker	2025-06-25T09:38:38.3980694Z src/DHT/modules/dhtl_commands_standalone.py:152: error: "_normalize_args" does not return a value (it only ever returns None)  [func-returns-value]
Test Python 3.12 on ubuntu-latest	Run type checker	2025-06-25T09:38:38.3981927Z src/DHT/modules/dhtl_commands_standalone.py:182: error: "_normalize_args" does not return a value (it only ever returns None)  [func-returns-value]
Test Python 3.12 on ubuntu-latest	Run type checker	2025-06-25T09:38:38.6087663Z src/DHT/modules/dht_flows/restore_flow.py:346: error: Unsupported target for indexed assignment ("State[dict[str, Any]]")  [index]
Test Python 3.12 on ubuntu-latest	Run type checker	2025-06-25T09:38:38.6089253Z src/DHT/modules/dht_flows/restore_flow.py:353: error: Value of type "State[dict[str, Any]]" is not indexable  [index]
Test Python 3.12 on ubuntu-latest	Run type checker	2025-06-25T09:38:38.6090795Z src/DHT/modules/dht_flows/restore_flow.py:364: error: Value of type "State[dict[str, Any]]" is not indexable  [index]
Test Python 3.12 on ubuntu-latest	Run type checker	2025-06-25T09:38:38.6092045Z src/DHT/modules/dht_flows/restore_flow.py:367: error: Value of type "State[dict[str, Any]]" is not indexable  [index]
Test Python 3.12 on ubuntu-latest	Run type checker	2025-06-25T09:38:38.6093667Z src/DHT/modules/dht_flows/restore_flow.py:368: error: Value of type "State[dict[str, Any]]" is not indexable  [index]
Test Python 3.12 on ubuntu-latest	Run type checker	2025-06-25T09:38:38.6599990Z src/DHT/modules/dhtl_guardian_prefect.py:63: error: Item "RunnerDeployment" of "RunnerDeployment | Coroutine[Any, Any, RunnerDeployment]" has no attribute "interval"  [union-attr]
Test Python 3.12 on ubuntu-latest	Run type checker	2025-06-25T09:38:38.6602175Z src/DHT/modules/dhtl_guardian_prefect.py:63: error: Item "Coroutine[Any, Any, RunnerDeployment]" of "RunnerDeployment | Coroutine[Any, Any, RunnerDeployment]" has no attribute "interval"  [union-attr]
Test Python 3.12 on ubuntu-latest	Run type checker	2025-06-25T09:38:38.6604591Z src/DHT/modules/dhtl_guardian_prefect.py:65: error: Item "RunnerDeployment" of "RunnerDeployment | Coroutine[Any, Any, RunnerDeployment]" has no attribute "cron"  [union-attr]
Test Python 3.12 on ubuntu-latest	Run type checker	2025-06-25T09:38:38.6606637Z src/DHT/modules/dhtl_guardian_prefect.py:65: error: Item "Coroutine[Any, Any, RunnerDeployment]" of "RunnerDeployment | Coroutine[Any, Any, RunnerDeployment]" has no attribute "cron"  [union-attr]
Test Python 3.12 on ubuntu-latest	Run type checker	2025-06-25T09:38:38.6608739Z src/DHT/modules/dhtl_guardian_prefect.py:79: error: Item "RunnerDeployment" of "RunnerDeployment | Coroutine[Any, Any, RunnerDeployment]" has no attribute "serve"  [union-attr]
Test Python 3.12 on ubuntu-latest	Run type checker	2025-06-25T09:38:38.6611076Z src/DHT/modules/dhtl_guardian_prefect.py:79: error: Item "Coroutine[Any, Any, RunnerDeployment]" of "RunnerDeployment | Coroutine[Any, Any, RunnerDeployment]" has no attribute "serve"  [union-attr]
Test Python 3.12 on ubuntu-latest	Run type checker	2025-06-25T09:38:38.6612904Z src/DHT/modules/dhtl_guardian_prefect.py:180: error: Value of type "Coroutine[Any, Any, R?]" must be used  [unused-coroutine]
Test Python 3.12 on ubuntu-latest	Run type checker	2025-06-25T09:38:38.6614063Z src/DHT/modules/dhtl_guardian_prefect.py:180: note: Are you missing an await?
Test Python 3.12 on ubuntu-latest	Run type checker	2025-06-25T09:38:38.6615067Z src/DHT/modules/dhtl_guardian_prefect.py:206: error: Value of type "Any | None" is not indexable  [index]
Test Python 3.12 on ubuntu-latest	Run type checker	2025-06-25T09:38:38.7008386Z src/DHT/modules/dht_flows/test_flow.py:117: error: Argument 1 to "extend" of "list" has incompatible type "Generator[Path, None, None]"; expected "Iterable[str]"  [arg-type]
Test Python 3.12 on ubuntu-latest	Run type checker	2025-06-25T09:38:38.7010493Z src/DHT/modules/dht_flows/test_flow.py:118: error: Argument 1 to "extend" of "list" has incompatible type "Generator[Path, None, None]"; expected "Iterable[str]"  [arg-type]
Test Python 3.12 on ubuntu-latest	Run type checker	2025-06-25T09:38:38.7012204Z src/DHT/modules/dht_flows/test_flow.py:119: error: Argument 1 to "extend" of "list" has incompatible type "list[Path]"; expected "Iterable[str]"  [arg-type]
Test Python 3.12 on ubuntu-latest	Run type checker	2025-06-25T09:38:38.7013967Z src/DHT/modules/dht_flows/test_flow.py:435: error: Incompatible types in assignment (expression has type "State[dict[str, Any]]", variable has type "dict[str, Any]")  [assignment]
Test Python 3.12 on ubuntu-latest	Run type checker	2025-06-25T09:38:38.7015553Z src/DHT/modules/dht_flows/test_flow.py:439: error: Value of type "State[dict[str, Any]]" is not indexable  [index]
Test Python 3.12 on ubuntu-latest	Run type checker	2025-06-25T09:38:38.7016771Z src/DHT/modules/dht_flows/test_flow.py:448: error: Value of type "State[dict[str, Any]]" is not indexable  [index]
Test Python 3.12 on ubuntu-latest	Run type checker	2025-06-25T09:38:38.7017974Z src/DHT/modules/dht_flows/test_flow.py:449: error: Value of type "State[dict[str, Any]]" is not indexable  [index]
Test Python 3.12 on ubuntu-latest	Run type checker	2025-06-25T09:38:38.7019199Z src/DHT/modules/dht_flows/test_flow.py:457: error: Value of type "State[dict[str, Any]]" is not indexable  [index]
Test Python 3.12 on ubuntu-latest	Run type checker	2025-06-25T09:38:38.7203359Z src/DHT/modules/command_runner.py:184: error: No overload variant of "__call__" of "FlowDecorator" matches argument types "str", "str", "bool", "Callable[[Any, Any], str]"  [call-overload]
Test Python 3.12 on ubuntu-latest	Run type checker	2025-06-25T09:38:38.7204789Z src/DHT/modules/command_runner.py:184: note: Possible overload variants:
Test Python 3.12 on ubuntu-latest	Run type checker	2025-06-25T09:38:38.7206039Z src/DHT/modules/command_runner.py:184: note:     def [P`51558, R] __call__(self, Callable[P, R], /) -> Flow[P, R]
Test Python 3.12 on ubuntu-latest	Run type checker	2025-06-25T09:38:38.7211424Z src/DHT/modules/command_runner.py:184: note:     def __call__(self, None = ..., /, *, name: str | None = ..., version: str | None = ..., flow_run_name: Callable[[], str] | str | None = ..., retries: int | None = ..., retry_delay_seconds: int | float | None = ..., task_runner: None = ..., description: str | None = ..., timeout_seconds: int | float | None = ..., validate_parameters: bool = ..., persist_result: bool | None = ..., result_storage: WritableFileSystem | str | None = ..., result_serializer: Serializer[Any] | str | None = ..., cache_result_in_memory: bool = ..., log_prints: bool | None = ..., on_completion: list[FlowStateHook[[VarArg(Any), KwArg(Any)], Any]] | None = ..., on_failure: list[FlowStateHook[[VarArg(Any), KwArg(Any)], Any]] | None = ..., on_cancellation: list[FlowStateHook[[VarArg(Any), KwArg(Any)], Any]] | None = ..., on_crashed: list[FlowStateHook[[VarArg(Any), KwArg(Any)], Any]] | None = ..., on_running: list[FlowStateHook[[VarArg(Any), KwArg(Any)], Any]] | None = ...) -> Callable[[Callable[P, R]], Flow[P, R]]
Test Python 3.12 on ubuntu-latest	Run type checker	2025-06-25T09:38:38.7221456Z src/DHT/modules/command_runner.py:184: note:     def [R] __call__(self, None = ..., /, *, name: str | None = ..., version: str | None = ..., flow_run_name: Callable[[], str] | str | None = ..., retries: int | None = ..., retry_delay_seconds: int | float | None = ..., task_runner: TaskRunner[PrefectFuture[R]] | None = ..., description: str | None = ..., timeout_seconds: int | float | None = ..., validate_parameters: bool = ..., persist_result: bool | None = ..., result_storage: WritableFileSystem | str | None = ..., result_serializer: Serializer[Any] | str | None = ..., cache_result_in_memory: bool = ..., log_prints: bool | None = ..., on_completion: list[FlowStateHook[[VarArg(Any), KwArg(Any)], Any]] | None = ..., on_failure: list[FlowStateHook[[VarArg(Any), KwArg(Any)], Any]] | None = ..., on_cancellation: list[FlowStateHook[[VarArg(Any), KwArg(Any)], Any]] | None = ..., on_crashed: list[FlowStateHook[[VarArg(Any), KwArg(Any)], Any]] | None = ..., on_running: list[FlowStateHook[[VarArg(Any), KwArg(Any)], Any]] | None = ...) -> Callable[[Callable[P, R]], Flow[P, R]]
Test Python 3.12 on ubuntu-latest	Run type checker	2025-06-25T09:38:38.7615793Z src/DHT/modules/command_dispatcher.py:265: error: Incompatible default for argument "args" (default has type "None", argument has type "list[str]")  [assignment]
Test Python 3.12 on ubuntu-latest	Run type checker	2025-06-25T09:38:38.7617629Z src/DHT/modules/command_dispatcher.py:265: note: PEP 484 prohibits implicit Optional. Accordingly, mypy has changed its default to no_implicit_optional=True
Test Python 3.12 on ubuntu-latest	Run type checker	2025-06-25T09:38:38.7619613Z src/DHT/modules/command_dispatcher.py:265: note: Use https://github.com/hauntsaninja/no_implicit_optional to automatically upgrade your codebase
Test Python 3.12 on ubuntu-latest	Run type checker	2025-06-25T09:38:38.7621394Z src/DHT/modules/command_dispatcher.py:293: error: Incompatible default for argument "args" (default has type "None", argument has type "list[str]")  [assignment]
Test Python 3.12 on ubuntu-latest	Run type checker	2025-06-25T09:38:38.7623206Z src/DHT/modules/command_dispatcher.py:293: note: PEP 484 prohibits implicit Optional. Accordingly, mypy has changed its default to no_implicit_optional=True
Test Python 3.12 on ubuntu-latest	Run type checker	2025-06-25T09:38:38.7624936Z src/DHT/modules/command_dispatcher.py:293: note: Use https://github.com/hauntsaninja/no_implicit_optional to automatically upgrade your codebase
Test Python 3.12 on ubuntu-latest	Run type checker	2025-06-25T09:38:38.7764347Z src/DHT/launcher.py:31: error: Name "Colors" already defined (possibly by an import)  [no-redef]
Test Python 3.12 on ubuntu-latest	Run type checker	2025-06-25T09:38:38.7765503Z src/DHT/launcher.py:207: error: Name "CommandDispatcher" already defined (possibly by an import)  [no-redef]
Test Python 3.12 on ubuntu-latest	Run type checker	2025-06-25T09:38:38.7794905Z src/DHT/dhtl.py:37: error: Name "DHTLauncher" already defined (possibly by an import)  [no-redef]
Test Python 3.12 on ubuntu-latest	Run type checker	2025-06-25T09:38:38.7898655Z Found 60 errors in 20 files (checked 182 source files)
Test Python 3.12 on ubuntu-latest	Run type checker	2025-06-25T09:38:38.8313204Z ##[error]Process completed with exit code 1.
Test Python 3.12 on windows-latest	Run type checker	ï»¿2025-06-25T09:38:27.5739697Z ##[group]Run uv run mypy src/DHT/
Test Python 3.12 on windows-latest	Run type checker	2025-06-25T09:38:27.5740037Z [36;1muv run mypy src/DHT/[0m
Test Python 3.12 on windows-latest	Run type checker	2025-06-25T09:38:27.5771020Z shell: C:\Program Files\PowerShell\7\pwsh.EXE -command ". '{0}'"
Test Python 3.12 on windows-latest	Run type checker	2025-06-25T09:38:27.5771338Z env:
Test Python 3.12 on windows-latest	Run type checker	2025-06-25T09:38:27.5771511Z   UV_CACHE_DIR: D:\a\_temp\setup-uv-cache
Test Python 3.12 on windows-latest	Run type checker	2025-06-25T09:38:27.5771775Z   UV_TOOL_BIN_DIR: D:\a\_temp\uv-tool-bin-dir
Test Python 3.12 on windows-latest	Run type checker	2025-06-25T09:38:27.5772008Z   UV_TOOL_DIR: D:\a\_temp\uv-tool-dir
Test Python 3.12 on windows-latest	Run type checker	2025-06-25T09:38:27.5772234Z ##[endgroup]
Test Python 3.12 on windows-latest	Run type checker	2025-06-25T09:38:38.8540475Z src\DHT\modules\parsers\bash_parser_tree_sitter.py:33: error: Incompatible types in assignment (expression has type "None", variable has type Module)  [assignment]
Test Python 3.12 on windows-latest	Run type checker	2025-06-25T09:38:39.9832688Z src\DHT\setup_tree_sitter.py:140: error: No overload variant of "Language" matches argument types "str", "str"  [call-overload]
Test Python 3.12 on windows-latest	Run type checker	2025-06-25T09:38:39.9833840Z src\DHT\setup_tree_sitter.py:140: note: Possible overload variants:
Test Python 3.12 on windows-latest	Run type checker	2025-06-25T09:38:39.9834588Z src\DHT\setup_tree_sitter.py:140: note:     def __init__(self, int, /) -> Language
Test Python 3.12 on windows-latest	Run type checker	2025-06-25T09:38:39.9835523Z src\DHT\setup_tree_sitter.py:140: note:     def __init__(self, object, /) -> Language
Test Python 3.12 on windows-latest	Run type checker	2025-06-25T09:38:39.9836419Z src\DHT\setup_tree_sitter.py:153: error: Module has no attribute "build_library"  [attr-defined]
Test Python 3.12 on windows-latest	Run type checker	2025-06-25T09:38:39.9837304Z src\DHT\setup_tree_sitter.py:157: error: Module has no attribute "build_library"  [attr-defined]
Test Python 3.12 on windows-latest	Run type checker	2025-06-25T09:38:39.9838388Z src\DHT\setup_tree_sitter.py:180: error: No overload variant of "Language" matches argument types "str", "str"  [call-overload]
Test Python 3.12 on windows-latest	Run type checker	2025-06-25T09:38:39.9839342Z src\DHT\setup_tree_sitter.py:180: note: Possible overload variants:
Test Python 3.12 on windows-latest	Run type checker	2025-06-25T09:38:39.9840088Z src\DHT\setup_tree_sitter.py:180: note:     def __init__(self, int, /) -> Language
Test Python 3.12 on windows-latest	Run type checker	2025-06-25T09:38:39.9840895Z src\DHT\setup_tree_sitter.py:180: note:     def __init__(self, object, /) -> Language
Test Python 3.12 on windows-latest	Run type checker	2025-06-25T09:38:39.9841927Z src\DHT\setup_tree_sitter.py:201: error: No overload variant of "Language" matches argument types "str", "str"  [call-overload]
Test Python 3.12 on windows-latest	Run type checker	2025-06-25T09:38:39.9842937Z src\DHT\setup_tree_sitter.py:201: note: Possible overload variants:
Test Python 3.12 on windows-latest	Run type checker	2025-06-25T09:38:39.9843663Z src\DHT\setup_tree_sitter.py:201: note:     def __init__(self, int, /) -> Language
Test Python 3.12 on windows-latest	Run type checker	2025-06-25T09:38:39.9844465Z src\DHT\setup_tree_sitter.py:201: note:     def __init__(self, object, /) -> Language
Test Python 3.12 on windows-latest	Run type checker	2025-06-25T09:38:40.9574573Z src\DHT\modules\project_file_generators.py:327: error: Value of type "Collection[str]" is not indexable  [index]
Test Python 3.12 on windows-latest	Run type checker	2025-06-25T09:38:40.9575538Z src\DHT\modules\project_file_generators.py:330: error: Value of type "Collection[str]" is not indexable  [index]
Test Python 3.12 on windows-latest	Run type checker	2025-06-25T09:38:40.9576379Z src\DHT\modules\project_file_generators.py:339: error: Value of type "Collection[str]" is not indexable  [index]
Test Python 3.12 on windows-latest	Run type checker	2025-06-25T09:38:41.1766112Z src\DHT\modules\act_workflow_manager.py:101: error: Unsupported target for indexed assignment ("object")  [index]
Test Python 3.12 on windows-latest	Run type checker	2025-06-25T09:38:41.1767024Z src\DHT\modules\act_workflow_manager.py:104: error: Unsupported target for indexed assignment ("object")  [index]
Test Python 3.12 on windows-latest	Run type checker	2025-06-25T09:38:41.1767855Z src\DHT\modules\act_workflow_manager.py:109: error: Unsupported operand types for + ("object" and "int")  [operator]
Test Python 3.12 on windows-latest	Run type checker	2025-06-25T09:39:03.6075890Z src\DHT\modules\guardian_prefect.py:361: error: Argument 1 to "float" has incompatible type "Any | None"; expected "str | Buffer | SupportsFloat | SupportsIndex"  [arg-type]
Test Python 3.12 on windows-latest	Run type checker	2025-06-25T09:39:03.6077343Z src\DHT\modules\guardian_prefect.py:576: error: Argument 1 to "__call__" of "Flow" has incompatible type "list[Collection[str]]"; expected "list[str | dict[str, Any]]"  [arg-type]
Test Python 3.12 on windows-latest	Run type checker	2025-06-25T09:39:03.6185206Z src\DHT\modules\environment_verification_utils.py:56: error: Redundant cast to "Logger"  [redundant-cast]
Test Python 3.12 on windows-latest	Run type checker	2025-06-25T09:39:03.6732753Z src\DHT\modules\environment_reproducer.py:98: error: Incompatible types in assignment (expression has type "Logger | LoggerAdapter[Logger]", variable has type "Logger | None")  [assignment]
Test Python 3.12 on windows-latest	Run type checker	2025-06-25T09:39:03.7057286Z src\DHT\modules\environment_configurator.py:81: error: Incompatible types in assignment (expression has type "Logger | LoggerAdapter[Logger]", variable has type "Logger | None")  [assignment]
Test Python 3.12 on windows-latest	Run type checker	2025-06-25T09:39:03.7060484Z src\DHT\modules\environment_configurator.py:279: error: "State[dict[str, Any]]" has no attribute "get"  [attr-defined]
Test Python 3.12 on windows-latest	Run type checker	2025-06-25T09:39:03.7061301Z src\DHT\modules\environment_configurator.py:290: error: "None" has no attribute "project_type"  [attr-defined]
Test Python 3.12 on windows-latest	Run type checker	2025-06-25T09:39:03.7062083Z src\DHT\modules\environment_configurator.py:299: error: "None" has no attribute "quality_tools"  [attr-defined]
Test Python 3.12 on windows-latest	Run type checker	2025-06-25T09:39:03.7352253Z src\DHT\modules\environment_analyzer.py:197: error: Need type annotation for "requirements"  [var-annotated]
Test Python 3.12 on windows-latest	Run type checker	2025-06-25T09:39:03.7353715Z src\DHT\modules\environment_analyzer.py:236: error: Incompatible types in assignment (expression has type "str", target has type "list[Any] | None")  [assignment]
Test Python 3.12 on windows-latest	Run type checker	2025-06-25T09:39:03.7649379Z src\DHT\modules\dockerfile_generator.py:175: error: Argument 1 to "_get_system_deps" of "DockerfileGenerator" has incompatible type "object"; expected "list[str]"  [arg-type]
Test Python 3.12 on windows-latest	Run type checker	2025-06-25T09:39:03.7650723Z src\DHT\modules\dockerfile_generator.py:179: error: Argument 2 to "_detect_ports" of "DockerfileGenerator" has incompatible type "object"; expected "str | None"  [arg-type]
Test Python 3.12 on windows-latest	Run type checker	2025-06-25T09:39:03.9242546Z src\DHT\modules\parsers\base_parser.py:78: error: No overload variant of "Language" matches argument types "Path", "str"  [call-overload]
Test Python 3.12 on windows-latest	Run type checker	2025-06-25T09:39:03.9243706Z src\DHT\modules\parsers\base_parser.py:78: note: Possible overload variants:
Test Python 3.12 on windows-latest	Run type checker	2025-06-25T09:39:03.9244456Z src\DHT\modules\parsers\base_parser.py:78: note:     def __init__(self, int, /) -> Language
Test Python 3.12 on windows-latest	Run type checker	2025-06-25T09:39:03.9245296Z src\DHT\modules\parsers\base_parser.py:78: note:     def __init__(self, object, /) -> Language
Test Python 3.12 on windows-latest	Run type checker	2025-06-25T09:39:04.1295759Z src\DHT\modules\dhtl_guardian_command.py:54: error: Argument 1 to "guardian_run" has incompatible type "Sequence[Any]"; expected "list[str]"  [arg-type]
Test Python 3.12 on windows-latest	Run type checker	2025-06-25T09:39:04.1296932Z src\DHT\modules\dhtl_guardian_command.py:56: error: Argument 1 to "guardian_batch" has incompatible type "Sequence[Any]"; expected "list[str]"  [arg-type]
Test Python 3.12 on windows-latest	Run type checker	2025-06-25T09:39:04.1298045Z src\DHT\modules\dhtl_guardian_command.py:58: error: Argument 1 to "guardian_config" has incompatible type "Sequence[Any]"; expected "list[str]"  [arg-type]
Test Python 3.12 on windows-latest	Run type checker	2025-06-25T09:39:04.1299110Z src\DHT\modules\dhtl_guardian_command.py:60: error: Argument 1 to "guardian_status" has incompatible type "Sequence[Any]"; expected "list[str]"  [arg-type]
Test Python 3.12 on windows-latest	Run type checker	2025-06-25T09:39:04.1470024Z src\DHT\modules\dhtl_commands_standalone.py:54: error: "_normalize_args" does not return a value (it only ever returns None)  [func-returns-value]
Test Python 3.12 on windows-latest	Run type checker	2025-06-25T09:39:04.1471138Z src\DHT\modules\dhtl_commands_standalone.py:103: error: "_normalize_args" does not return a value (it only ever returns None)  [func-returns-value]
Test Python 3.12 on windows-latest	Run type checker	2025-06-25T09:39:04.1472172Z src\DHT\modules\dhtl_commands_standalone.py:152: error: "_normalize_args" does not return a value (it only ever returns None)  [func-returns-value]
Test Python 3.12 on windows-latest	Run type checker	2025-06-25T09:39:04.1473289Z src\DHT\modules\dhtl_commands_standalone.py:182: error: "_normalize_args" does not return a value (it only ever returns None)  [func-returns-value]
Test Python 3.12 on windows-latest	Run type checker	2025-06-25T09:39:04.3835796Z src\DHT\modules\dht_flows\restore_flow.py:346: error: Unsupported target for indexed assignment ("State[dict[str, Any]]")  [index]
Test Python 3.12 on windows-latest	Run type checker	2025-06-25T09:39:04.3836777Z src\DHT\modules\dht_flows\restore_flow.py:353: error: Value of type "State[dict[str, Any]]" is not indexable  [index]
Test Python 3.12 on windows-latest	Run type checker	2025-06-25T09:39:04.3837551Z src\DHT\modules\dht_flows\restore_flow.py:364: error: Value of type "State[dict[str, Any]]" is not indexable  [index]
Test Python 3.12 on windows-latest	Run type checker	2025-06-25T09:39:04.3838172Z src\DHT\modules\dht_flows\restore_flow.py:367: error: Value of type "State[dict[str, Any]]" is not indexable  [index]
Test Python 3.12 on windows-latest	Run type checker	2025-06-25T09:39:04.3838797Z src\DHT\modules\dht_flows\restore_flow.py:368: error: Value of type "State[dict[str, Any]]" is not indexable  [index]
Test Python 3.12 on windows-latest	Run type checker	2025-06-25T09:39:04.4417807Z src\DHT\modules\dhtl_guardian_prefect.py:63: error: Item "RunnerDeployment" of "RunnerDeployment | Coroutine[Any, Any, RunnerDeployment]" has no attribute "interval"  [union-attr]
Test Python 3.12 on windows-latest	Run type checker	2025-06-25T09:39:04.4422005Z src\DHT\modules\dhtl_guardian_prefect.py:63: error: Item "Coroutine[Any, Any, RunnerDeployment]" of "RunnerDeployment | Coroutine[Any, Any, RunnerDeployment]" has no attribute "interval"  [union-attr]
Test Python 3.12 on windows-latest	Run type checker	2025-06-25T09:39:04.4424585Z src\DHT\modules\dhtl_guardian_prefect.py:65: error: Item "RunnerDeployment" of "RunnerDeployment | Coroutine[Any, Any, RunnerDeployment]" has no attribute "cron"  [union-attr]
Test Python 3.12 on windows-latest	Run type checker	2025-06-25T09:39:04.4427083Z src\DHT\modules\dhtl_guardian_prefect.py:65: error: Item "Coroutine[Any, Any, RunnerDeployment]" of "RunnerDeployment | Coroutine[Any, Any, RunnerDeployment]" has no attribute "cron"  [union-attr]
Test Python 3.12 on windows-latest	Run type checker	2025-06-25T09:39:04.4429520Z src\DHT\modules\dhtl_guardian_prefect.py:79: error: Item "RunnerDeployment" of "RunnerDeployment | Coroutine[Any, Any, RunnerDeployment]" has no attribute "serve"  [union-attr]
Test Python 3.12 on windows-latest	Run type checker	2025-06-25T09:39:04.4431537Z src\DHT\modules\dhtl_guardian_prefect.py:79: error: Item "Coroutine[Any, Any, RunnerDeployment]" of "RunnerDeployment | Coroutine[Any, Any, RunnerDeployment]" has no attribute "serve"  [union-attr]
Test Python 3.12 on windows-latest	Run type checker	2025-06-25T09:39:04.4433284Z src\DHT\modules\dhtl_guardian_prefect.py:180: error: Value of type "Coroutine[Any, Any, R?]" must be used  [unused-coroutine]
Test Python 3.12 on windows-latest	Run type checker	2025-06-25T09:39:04.4434366Z src\DHT\modules\dhtl_guardian_prefect.py:180: note: Are you missing an await?
Test Python 3.12 on windows-latest	Run type checker	2025-06-25T09:39:04.4435292Z src\DHT\modules\dhtl_guardian_prefect.py:206: error: Value of type "Any | None" is not indexable  [index]
Test Python 3.12 on windows-latest	Run type checker	2025-06-25T09:39:04.4876809Z src\DHT\modules\dht_flows\test_flow.py:117: error: Argument 1 to "extend" of "list" has incompatible type "Generator[Path, None, None]"; expected "Iterable[str]"  [arg-type]
Test Python 3.12 on windows-latest	Run type checker	2025-06-25T09:39:04.4878254Z src\DHT\modules\dht_flows\test_flow.py:118: error: Argument 1 to "extend" of "list" has incompatible type "Generator[Path, None, None]"; expected "Iterable[str]"  [arg-type]
Test Python 3.12 on windows-latest	Run type checker	2025-06-25T09:39:04.4879554Z src\DHT\modules\dht_flows\test_flow.py:119: error: Argument 1 to "extend" of "list" has incompatible type "list[Path]"; expected "Iterable[str]"  [arg-type]
Test Python 3.12 on windows-latest	Run type checker	2025-06-25T09:39:04.4880861Z src\DHT\modules\dht_flows\test_flow.py:435: error: Incompatible types in assignment (expression has type "State[dict[str, Any]]", variable has type "dict[str, Any]")  [assignment]
Test Python 3.12 on windows-latest	Run type checker	2025-06-25T09:39:04.4881999Z src\DHT\modules\dht_flows\test_flow.py:439: error: Value of type "State[dict[str, Any]]" is not indexable  [index]
Test Python 3.12 on windows-latest	Run type checker	2025-06-25T09:39:04.4882830Z src\DHT\modules\dht_flows\test_flow.py:448: error: Value of type "State[dict[str, Any]]" is not indexable  [index]
Test Python 3.12 on windows-latest	Run type checker	2025-06-25T09:39:04.4883661Z src\DHT\modules\dht_flows\test_flow.py:449: error: Value of type "State[dict[str, Any]]" is not indexable  [index]
Test Python 3.12 on windows-latest	Run type checker	2025-06-25T09:39:04.4884482Z src\DHT\modules\dht_flows\test_flow.py:457: error: Value of type "State[dict[str, Any]]" is not indexable  [index]
Test Python 3.12 on windows-latest	Run type checker	2025-06-25T09:39:04.5097306Z src\DHT\modules\command_runner.py:184: error: No overload variant of "__call__" of "FlowDecorator" matches argument types "str", "str", "bool", "Callable[[Any, Any], str]"  [call-overload]
Test Python 3.12 on windows-latest	Run type checker	2025-06-25T09:39:04.5098992Z src\DHT\modules\command_runner.py:184: note: Possible overload variants:
Test Python 3.12 on windows-latest	Run type checker	2025-06-25T09:39:04.5099937Z src\DHT\modules\command_runner.py:184: note:     def [P`51482, R] __call__(self, Callable[P, R], /) -> Flow[P, R]
Test Python 3.12 on windows-latest	Run type checker	2025-06-25T09:39:04.5105056Z src\DHT\modules\command_runner.py:184: note:     def __call__(self, None = ..., /, *, name: str | None = ..., version: str | None = ..., flow_run_name: Callable[[], str] | str | None = ..., retries: int | None = ..., retry_delay_seconds: int | float | None = ..., task_runner: None = ..., description: str | None = ..., timeout_seconds: int | float | None = ..., validate_parameters: bool = ..., persist_result: bool | None = ..., result_storage: WritableFileSystem | str | None = ..., result_serializer: Serializer[Any] | str | None = ..., cache_result_in_memory: bool = ..., log_prints: bool | None = ..., on_completion: list[FlowStateHook[[VarArg(Any), KwArg(Any)], Any]] | None = ..., on_failure: list[FlowStateHook[[VarArg(Any), KwArg(Any)], Any]] | None = ..., on_cancellation: list[FlowStateHook[[VarArg(Any), KwArg(Any)], Any]] | None = ..., on_crashed: list[FlowStateHook[[VarArg(Any), KwArg(Any)], Any]] | None = ..., on_running: list[FlowStateHook[[VarArg(Any), KwArg(Any)], Any]] | None = ...) -> Callable[[Callable[P, R]], Flow[P, R]]
Test Python 3.12 on windows-latest	Run type checker	2025-06-25T09:39:04.5115085Z src\DHT\modules\command_runner.py:184: note:     def [R] __call__(self, None = ..., /, *, name: str | None = ..., version: str | None = ..., flow_run_name: Callable[[], str] | str | None = ..., retries: int | None = ..., retry_delay_seconds: int | float | None = ..., task_runner: TaskRunner[PrefectFuture[R]] | None = ..., description: str | None = ..., timeout_seconds: int | float | None = ..., validate_parameters: bool = ..., persist_result: bool | None = ..., result_storage: WritableFileSystem | str | None = ..., result_serializer: Serializer[Any] | str | None = ..., cache_result_in_memory: bool = ..., log_prints: bool | None = ..., on_completion: list[FlowStateHook[[VarArg(Any), KwArg(Any)], Any]] | None = ..., on_failure: list[FlowStateHook[[VarArg(Any), KwArg(Any)], Any]] | None = ..., on_cancellation: list[FlowStateHook[[VarArg(Any), KwArg(Any)], Any]] | None = ..., on_crashed: list[FlowStateHook[[VarArg(Any), KwArg(Any)], Any]] | None = ..., on_running: list[FlowStateHook[[VarArg(Any), KwArg(Any)], Any]] | None = ...) -> Callable[[Callable[P, R]], Flow[P, R]]
Test Python 3.12 on windows-latest	Run type checker	2025-06-25T09:39:04.5563025Z src\DHT\modules\command_dispatcher.py:265: error: Incompatible default for argument "args" (default has type "None", argument has type "list[str]")  [assignment]
Test Python 3.12 on windows-latest	Run type checker	2025-06-25T09:39:04.5564400Z src\DHT\modules\command_dispatcher.py:265: note: PEP 484 prohibits implicit Optional. Accordingly, mypy has changed its default to no_implicit_optional=True
Test Python 3.12 on windows-latest	Run type checker	2025-06-25T09:39:04.5565680Z src\DHT\modules\command_dispatcher.py:265: note: Use https://github.com/hauntsaninja/no_implicit_optional to automatically upgrade your codebase
Test Python 3.12 on windows-latest	Run type checker	2025-06-25T09:39:04.5566944Z src\DHT\modules\command_dispatcher.py:293: error: Incompatible default for argument "args" (default has type "None", argument has type "list[str]")  [assignment]
Test Python 3.12 on windows-latest	Run type checker	2025-06-25T09:39:04.5568238Z src\DHT\modules\command_dispatcher.py:293: note: PEP 484 prohibits implicit Optional. Accordingly, mypy has changed its default to no_implicit_optional=True
Test Python 3.12 on windows-latest	Run type checker	2025-06-25T09:39:04.5569480Z src\DHT\modules\command_dispatcher.py:293: note: Use https://github.com/hauntsaninja/no_implicit_optional to automatically upgrade your codebase
Test Python 3.12 on windows-latest	Run type checker	2025-06-25T09:39:04.5731965Z src\DHT\launcher.py:31: error: Name "Colors" already defined (possibly by an import)  [no-redef]
Test Python 3.12 on windows-latest	Run type checker	2025-06-25T09:39:04.5732839Z src\DHT\launcher.py:207: error: Name "CommandDispatcher" already defined (possibly by an import)  [no-redef]
Test Python 3.12 on windows-latest	Run type checker	2025-06-25T09:39:04.5765663Z src\DHT\dhtl.py:37: error: Name "DHTLauncher" already defined (possibly by an import)  [no-redef]
Test Python 3.12 on windows-latest	Run type checker	2025-06-25T09:39:04.5880770Z Found 60 errors in 20 files (checked 182 source files)
Test Python 3.12 on windows-latest	Run type checker	2025-06-25T09:39:04.6966670Z ##[error]Process completed with exit code 1.
Test Python 3.10 on ubuntu-latest	Run type checker	ï»¿2025-06-25T09:38:20.6122234Z ##[group]Run uv run mypy src/DHT/
Test Python 3.10 on ubuntu-latest	Run type checker	2025-06-25T09:38:20.6122532Z [36;1muv run mypy src/DHT/[0m
Test Python 3.10 on ubuntu-latest	Run type checker	2025-06-25T09:38:20.6172398Z shell: /usr/bin/bash -e {0}
Test Python 3.10 on ubuntu-latest	Run type checker	2025-06-25T09:38:20.6172630Z env:
Test Python 3.10 on ubuntu-latest	Run type checker	2025-06-25T09:38:20.6172858Z   UV_CACHE_DIR: /home/runner/work/_temp/setup-uv-cache
Test Python 3.10 on ubuntu-latest	Run type checker	2025-06-25T09:38:20.6173137Z ##[endgroup]
Test Python 3.10 on ubuntu-latest	Run type checker	2025-06-25T09:38:28.5498278Z src/DHT/modules/parsers/bash_parser_tree_sitter.py:33: error: Incompatible types in assignment (expression has type "None", variable has type Module)  [assignment]
Test Python 3.10 on ubuntu-latest	Run type checker	2025-06-25T09:38:29.4721907Z src/DHT/setup_tree_sitter.py:140: error: No overload variant of "Language" matches argument types "str", "str"  [call-overload]
Test Python 3.10 on ubuntu-latest	Run type checker	2025-06-25T09:38:29.4722993Z src/DHT/setup_tree_sitter.py:140: note: Possible overload variants:
Test Python 3.10 on ubuntu-latest	Run type checker	2025-06-25T09:38:29.4723701Z src/DHT/setup_tree_sitter.py:140: note:     def __init__(self, int, /) -> Language
Test Python 3.10 on ubuntu-latest	Run type checker	2025-06-25T09:38:29.4724369Z src/DHT/setup_tree_sitter.py:140: note:     def __init__(self, object, /) -> Language
Test Python 3.10 on ubuntu-latest	Run type checker	2025-06-25T09:38:29.4725094Z src/DHT/setup_tree_sitter.py:153: error: Module has no attribute "build_library"  [attr-defined]
Test Python 3.10 on ubuntu-latest	Run type checker	2025-06-25T09:38:29.4725940Z src/DHT/setup_tree_sitter.py:157: error: Module has no attribute "build_library"  [attr-defined]
Test Python 3.10 on ubuntu-latest	Run type checker	2025-06-25T09:38:29.4726846Z src/DHT/setup_tree_sitter.py:180: error: No overload variant of "Language" matches argument types "str", "str"  [call-overload]
Test Python 3.10 on ubuntu-latest	Run type checker	2025-06-25T09:38:29.4727651Z src/DHT/setup_tree_sitter.py:180: note: Possible overload variants:
Test Python 3.10 on ubuntu-latest	Run type checker	2025-06-25T09:38:29.4728255Z src/DHT/setup_tree_sitter.py:180: note:     def __init__(self, int, /) -> Language
Test Python 3.10 on ubuntu-latest	Run type checker	2025-06-25T09:38:29.4728904Z src/DHT/setup_tree_sitter.py:180: note:     def __init__(self, object, /) -> Language
Test Python 3.10 on ubuntu-latest	Run type checker	2025-06-25T09:38:29.4730065Z src/DHT/setup_tree_sitter.py:201: error: No overload variant of "Language" matches argument types "str", "str"  [call-overload]
Test Python 3.10 on ubuntu-latest	Run type checker	2025-06-25T09:38:29.4730868Z src/DHT/setup_tree_sitter.py:201: note: Possible overload variants:
Test Python 3.10 on ubuntu-latest	Run type checker	2025-06-25T09:38:29.4731464Z src/DHT/setup_tree_sitter.py:201: note:     def __init__(self, int, /) -> Language
Test Python 3.10 on ubuntu-latest	Run type checker	2025-06-25T09:38:29.4732101Z src/DHT/setup_tree_sitter.py:201: note:     def __init__(self, object, /) -> Language
Test Python 3.10 on ubuntu-latest	Run type checker	2025-06-25T09:38:30.2938096Z src/DHT/modules/project_file_generators.py:327: error: Value of type "Collection[str]" is not indexable  [index]
Test Python 3.10 on ubuntu-latest	Run type checker	2025-06-25T09:38:30.2939083Z src/DHT/modules/project_file_generators.py:330: error: Value of type "Collection[str]" is not indexable  [index]
Test Python 3.10 on ubuntu-latest	Run type checker	2025-06-25T09:38:30.2940084Z src/DHT/modules/project_file_generators.py:339: error: Value of type "Collection[str]" is not indexable  [index]
Test Python 3.10 on ubuntu-latest	Run type checker	2025-06-25T09:38:30.4806174Z src/DHT/modules/act_workflow_manager.py:101: error: Unsupported target for indexed assignment ("object")  [index]
Test Python 3.10 on ubuntu-latest	Run type checker	2025-06-25T09:38:30.4807490Z src/DHT/modules/act_workflow_manager.py:104: error: Unsupported target for indexed assignment ("object")  [index]
Test Python 3.10 on ubuntu-latest	Run type checker	2025-06-25T09:38:30.4808847Z src/DHT/modules/act_workflow_manager.py:109: error: Unsupported operand types for + ("object" and "int")  [operator]
Test Python 3.10 on ubuntu-latest	Run type checker	2025-06-25T09:38:50.2163450Z src/DHT/modules/guardian_prefect.py:361: error: Argument 1 to "float" has incompatible type "Any | None"; expected "str | Buffer | SupportsFloat | SupportsIndex"  [arg-type]
Test Python 3.10 on ubuntu-latest	Run type checker	2025-06-25T09:38:50.2165431Z src/DHT/modules/guardian_prefect.py:576: error: Argument 1 to "__call__" of "Flow" has incompatible type "list[Collection[str]]"; expected "list[str | dict[str, Any]]"  [arg-type]
Test Python 3.10 on ubuntu-latest	Run type checker	2025-06-25T09:38:50.2262479Z src/DHT/modules/environment_verification_utils.py:56: error: Redundant cast to "Logger"  [redundant-cast]
Test Python 3.10 on ubuntu-latest	Run type checker	2025-06-25T09:38:50.2741914Z src/DHT/modules/environment_reproducer.py:98: error: Incompatible types in assignment (expression has type "Logger | LoggerAdapter[Logger]", variable has type "Logger | None")  [assignment]
Test Python 3.10 on ubuntu-latest	Run type checker	2025-06-25T09:38:50.3026851Z src/DHT/modules/environment_configurator.py:81: error: Incompatible types in assignment (expression has type "Logger | LoggerAdapter[Logger]", variable has type "Logger | None")  [assignment]
Test Python 3.10 on ubuntu-latest	Run type checker	2025-06-25T09:38:50.3028177Z src/DHT/modules/environment_configurator.py:279: error: "State[dict[str, Any]]" has no attribute "get"  [attr-defined]
Test Python 3.10 on ubuntu-latest	Run type checker	2025-06-25T09:38:50.3029761Z src/DHT/modules/environment_configurator.py:290: error: "None" has no attribute "project_type"  [attr-defined]
Test Python 3.10 on ubuntu-latest	Run type checker	2025-06-25T09:38:50.3030702Z src/DHT/modules/environment_configurator.py:299: error: "None" has no attribute "quality_tools"  [attr-defined]
Test Python 3.10 on ubuntu-latest	Run type checker	2025-06-25T09:38:50.3285133Z src/DHT/modules/environment_analyzer.py:197: error: Need type annotation for "requirements"  [var-annotated]
Test Python 3.10 on ubuntu-latest	Run type checker	2025-06-25T09:38:50.3286313Z src/DHT/modules/environment_analyzer.py:236: error: Incompatible types in assignment (expression has type "str", target has type "list[Any] | None")  [assignment]
Test Python 3.10 on ubuntu-latest	Run type checker	2025-06-25T09:38:50.3547072Z src/DHT/modules/dockerfile_generator.py:175: error: Argument 1 to "_get_system_deps" of "DockerfileGenerator" has incompatible type "object"; expected "list[str]"  [arg-type]
Test Python 3.10 on ubuntu-latest	Run type checker	2025-06-25T09:38:50.3548494Z src/DHT/modules/dockerfile_generator.py:179: error: Argument 2 to "_detect_ports" of "DockerfileGenerator" has incompatible type "object"; expected "str | None"  [arg-type]
Test Python 3.10 on ubuntu-latest	Run type checker	2025-06-25T09:38:50.4934528Z src/DHT/modules/parsers/base_parser.py:78: error: No overload variant of "Language" matches argument types "Path", "str"  [call-overload]
Test Python 3.10 on ubuntu-latest	Run type checker	2025-06-25T09:38:50.4935488Z src/DHT/modules/parsers/base_parser.py:78: note: Possible overload variants:
Test Python 3.10 on ubuntu-latest	Run type checker	2025-06-25T09:38:50.4936198Z src/DHT/modules/parsers/base_parser.py:78: note:     def __init__(self, int, /) -> Language
Test Python 3.10 on ubuntu-latest	Run type checker	2025-06-25T09:38:50.4936935Z src/DHT/modules/parsers/base_parser.py:78: note:     def __init__(self, object, /) -> Language
Test Python 3.10 on ubuntu-latest	Run type checker	2025-06-25T09:38:50.6671662Z src/DHT/modules/dhtl_guardian_command.py:54: error: Argument 1 to "guardian_run" has incompatible type "Sequence[Any]"; expected "list[str]"  [arg-type]
Test Python 3.10 on ubuntu-latest	Run type checker	2025-06-25T09:38:50.6672919Z src/DHT/modules/dhtl_guardian_command.py:56: error: Argument 1 to "guardian_batch" has incompatible type "Sequence[Any]"; expected "list[str]"  [arg-type]
Test Python 3.10 on ubuntu-latest	Run type checker	2025-06-25T09:38:50.6674087Z src/DHT/modules/dhtl_guardian_command.py:58: error: Argument 1 to "guardian_config" has incompatible type "Sequence[Any]"; expected "list[str]"  [arg-type]
Test Python 3.10 on ubuntu-latest	Run type checker	2025-06-25T09:38:50.6675240Z src/DHT/modules/dhtl_guardian_command.py:60: error: Argument 1 to "guardian_status" has incompatible type "Sequence[Any]"; expected "list[str]"  [arg-type]
Test Python 3.10 on ubuntu-latest	Run type checker	2025-06-25T09:38:50.6831791Z src/DHT/modules/dhtl_commands_standalone.py:54: error: "_normalize_args" does not return a value (it only ever returns None)  [func-returns-value]
Test Python 3.10 on ubuntu-latest	Run type checker	2025-06-25T09:38:50.6833086Z src/DHT/modules/dhtl_commands_standalone.py:103: error: "_normalize_args" does not return a value (it only ever returns None)  [func-returns-value]
Test Python 3.10 on ubuntu-latest	Run type checker	2025-06-25T09:38:50.6834305Z src/DHT/modules/dhtl_commands_standalone.py:152: error: "_normalize_args" does not return a value (it only ever returns None)  [func-returns-value]
Test Python 3.10 on ubuntu-latest	Run type checker	2025-06-25T09:38:50.6835519Z src/DHT/modules/dhtl_commands_standalone.py:182: error: "_normalize_args" does not return a value (it only ever returns None)  [func-returns-value]
Test Python 3.10 on ubuntu-latest	Run type checker	2025-06-25T09:38:50.8906958Z src/DHT/modules/dht_flows/restore_flow.py:346: error: Unsupported target for indexed assignment ("State[dict[str, Any]]")  [index]
Test Python 3.10 on ubuntu-latest	Run type checker	2025-06-25T09:38:50.8907984Z src/DHT/modules/dht_flows/restore_flow.py:353: error: Value of type "State[dict[str, Any]]" is not indexable  [index]
Test Python 3.10 on ubuntu-latest	Run type checker	2025-06-25T09:38:50.8908822Z src/DHT/modules/dht_flows/restore_flow.py:364: error: Value of type "State[dict[str, Any]]" is not indexable  [index]
Test Python 3.10 on ubuntu-latest	Run type checker	2025-06-25T09:38:50.8910065Z src/DHT/modules/dht_flows/restore_flow.py:367: error: Value of type "State[dict[str, Any]]" is not indexable  [index]
Test Python 3.10 on ubuntu-latest	Run type checker	2025-06-25T09:38:50.8910881Z src/DHT/modules/dht_flows/restore_flow.py:368: error: Value of type "State[dict[str, Any]]" is not indexable  [index]
Test Python 3.10 on ubuntu-latest	Run type checker	2025-06-25T09:38:50.9406488Z src/DHT/modules/dhtl_guardian_prefect.py:63: error: Item "RunnerDeployment" of "RunnerDeployment | Coroutine[Any, Any, RunnerDeployment]" has no attribute "interval"  [union-attr]
Test Python 3.10 on ubuntu-latest	Run type checker	2025-06-25T09:38:50.9408222Z src/DHT/modules/dhtl_guardian_prefect.py:63: error: Item "Coroutine[Any, Any, RunnerDeployment]" of "RunnerDeployment | Coroutine[Any, Any, RunnerDeployment]" has no attribute "interval"  [union-attr]
Test Python 3.10 on ubuntu-latest	Run type checker	2025-06-25T09:38:50.9410339Z src/DHT/modules/dhtl_guardian_prefect.py:65: error: Item "RunnerDeployment" of "RunnerDeployment | Coroutine[Any, Any, RunnerDeployment]" has no attribute "cron"  [union-attr]
Test Python 3.10 on ubuntu-latest	Run type checker	2025-06-25T09:38:50.9411747Z src/DHT/modules/dhtl_guardian_prefect.py:65: error: Item "Coroutine[Any, Any, RunnerDeployment]" of "RunnerDeployment | Coroutine[Any, Any, RunnerDeployment]" has no attribute "cron"  [union-attr]
Test Python 3.10 on ubuntu-latest	Run type checker	2025-06-25T09:38:50.9413136Z src/DHT/modules/dhtl_guardian_prefect.py:79: error: Item "RunnerDeployment" of "RunnerDeployment | Coroutine[Any, Any, RunnerDeployment]" has no attribute "serve"  [union-attr]
Test Python 3.10 on ubuntu-latest	Run type checker	2025-06-25T09:38:50.9414541Z src/DHT/modules/dhtl_guardian_prefect.py:79: error: Item "Coroutine[Any, Any, RunnerDeployment]" of "RunnerDeployment | Coroutine[Any, Any, RunnerDeployment]" has no attribute "serve"  [union-attr]
Test Python 3.10 on ubuntu-latest	Run type checker	2025-06-25T09:38:50.9415776Z src/DHT/modules/dhtl_guardian_prefect.py:180: error: Value of type "Coroutine[Any, Any, R?]" must be used  [unused-coroutine]
Test Python 3.10 on ubuntu-latest	Run type checker	2025-06-25T09:38:50.9416551Z src/DHT/modules/dhtl_guardian_prefect.py:180: note: Are you missing an await?
Test Python 3.10 on ubuntu-latest	Run type checker	2025-06-25T09:38:50.9417208Z src/DHT/modules/dhtl_guardian_prefect.py:206: error: Value of type "Any | None" is not indexable  [index]
Test Python 3.10 on ubuntu-latest	Run type checker	2025-06-25T09:38:50.9811860Z src/DHT/modules/dht_flows/test_flow.py:117: error: Argument 1 to "extend" of "list" has incompatible type "Generator[Path, None, None]"; expected "Iterable[str]"  [arg-type]
Test Python 3.10 on ubuntu-latest	Run type checker	2025-06-25T09:38:50.9813992Z src/DHT/modules/dht_flows/test_flow.py:118: error: Argument 1 to "extend" of "list" has incompatible type "Generator[Path, None, None]"; expected "Iterable[str]"  [arg-type]
Test Python 3.10 on ubuntu-latest	Run type checker	2025-06-25T09:38:50.9815669Z src/DHT/modules/dht_flows/test_flow.py:119: error: Argument 1 to "extend" of "list" has incompatible type "list[Path]"; expected "Iterable[str]"  [arg-type]
Test Python 3.10 on ubuntu-latest	Run type checker	2025-06-25T09:38:50.9816982Z src/DHT/modules/dht_flows/test_flow.py:435: error: Incompatible types in assignment (expression has type "State[dict[str, Any]]", variable has type "dict[str, Any]")  [assignment]
Test Python 3.10 on ubuntu-latest	Run type checker	2025-06-25T09:38:50.9818047Z src/DHT/modules/dht_flows/test_flow.py:439: error: Value of type "State[dict[str, Any]]" is not indexable  [index]
Test Python 3.10 on ubuntu-latest	Run type checker	2025-06-25T09:38:50.9818721Z src/DHT/modules/dht_flows/test_flow.py:448: error: Value of type "State[dict[str, Any]]" is not indexable  [index]
Test Python 3.10 on ubuntu-latest	Run type checker	2025-06-25T09:38:50.9819633Z src/DHT/modules/dht_flows/test_flow.py:449: error: Value of type "State[dict[str, Any]]" is not indexable  [index]
Test Python 3.10 on ubuntu-latest	Run type checker	2025-06-25T09:38:50.9820265Z src/DHT/modules/dht_flows/test_flow.py:457: error: Value of type "State[dict[str, Any]]" is not indexable  [index]
Test Python 3.10 on ubuntu-latest	Run type checker	2025-06-25T09:38:51.0004148Z src/DHT/modules/command_runner.py:184: error: No overload variant of "__call__" of "FlowDecorator" matches argument types "str", "str", "bool", "Callable[[Any, Any], str]"  [call-overload]
Test Python 3.10 on ubuntu-latest	Run type checker	2025-06-25T09:38:51.0005645Z src/DHT/modules/command_runner.py:184: note: Possible overload variants:
Test Python 3.10 on ubuntu-latest	Run type checker	2025-06-25T09:38:51.0006956Z src/DHT/modules/command_runner.py:184: note:     def [P`51558, R] __call__(self, Callable[P, R], /) -> Flow[P, R]
Test Python 3.10 on ubuntu-latest	Run type checker	2025-06-25T09:38:51.0013110Z src/DHT/modules/command_runner.py:184: note:     def __call__(self, None = ..., /, *, name: str | None = ..., version: str | None = ..., flow_run_name: Callable[[], str] | str | None = ..., retries: int | None = ..., retry_delay_seconds: int | float | None = ..., task_runner: None = ..., description: str | None = ..., timeout_seconds: int | float | None = ..., validate_parameters: bool = ..., persist_result: bool | None = ..., result_storage: WritableFileSystem | str | None = ..., result_serializer: Serializer[Any] | str | None = ..., cache_result_in_memory: bool = ..., log_prints: bool | None = ..., on_completion: list[FlowStateHook[[VarArg(Any), KwArg(Any)], Any]] | None = ..., on_failure: list[FlowStateHook[[VarArg(Any), KwArg(Any)], Any]] | None = ..., on_cancellation: list[FlowStateHook[[VarArg(Any), KwArg(Any)], Any]] | None = ..., on_crashed: list[FlowStateHook[[VarArg(Any), KwArg(Any)], Any]] | None = ..., on_running: list[FlowStateHook[[VarArg(Any), KwArg(Any)], Any]] | None = ...) -> Callable[[Callable[P, R]], Flow[P, R]]
Test Python 3.10 on ubuntu-latest	Run type checker	2025-06-25T09:38:51.0020396Z src/DHT/modules/command_runner.py:184: note:     def [R] __call__(self, None = ..., /, *, name: str | None = ..., version: str | None = ..., flow_run_name: Callable[[], str] | str | None = ..., retries: int | None = ..., retry_delay_seconds: int | float | None = ..., task_runner: TaskRunner[PrefectFuture[R]] | None = ..., description: str | None = ..., timeout_seconds: int | float | None = ..., validate_parameters: bool = ..., persist_result: bool | None = ..., result_storage: WritableFileSystem | str | None = ..., result_serializer: Serializer[Any] | str | None = ..., cache_result_in_memory: bool = ..., log_prints: bool | None = ..., on_completion: list[FlowStateHook[[VarArg(Any), KwArg(Any)], Any]] | None = ..., on_failure: list[FlowStateHook[[VarArg(Any), KwArg(Any)], Any]] | None = ..., on_cancellation: list[FlowStateHook[[VarArg(Any), KwArg(Any)], Any]] | None = ..., on_crashed: list[FlowStateHook[[VarArg(Any), KwArg(Any)], Any]] | None = ..., on_running: list[FlowStateHook[[VarArg(Any), KwArg(Any)], Any]] | None = ...) -> Callable[[Callable[P, R]], Flow[P, R]]
Test Python 3.10 on ubuntu-latest	Run type checker	2025-06-25T09:38:51.0414628Z src/DHT/modules/command_dispatcher.py:265: error: Incompatible default for argument "args" (default has type "None", argument has type "list[str]")  [assignment]
Test Python 3.10 on ubuntu-latest	Run type checker	2025-06-25T09:38:51.0416063Z src/DHT/modules/command_dispatcher.py:265: note: PEP 484 prohibits implicit Optional. Accordingly, mypy has changed its default to no_implicit_optional=True
Test Python 3.10 on ubuntu-latest	Run type checker	2025-06-25T09:38:51.0417413Z src/DHT/modules/command_dispatcher.py:265: note: Use https://github.com/hauntsaninja/no_implicit_optional to automatically upgrade your codebase
Test Python 3.10 on ubuntu-latest	Run type checker	2025-06-25T09:38:51.0418759Z src/DHT/modules/command_dispatcher.py:293: error: Incompatible default for argument "args" (default has type "None", argument has type "list[str]")  [assignment]
Test Python 3.10 on ubuntu-latest	Run type checker	2025-06-25T09:38:51.0420103Z src/DHT/modules/command_dispatcher.py:293: note: PEP 484 prohibits implicit Optional. Accordingly, mypy has changed its default to no_implicit_optional=True
Test Python 3.10 on ubuntu-latest	Run type checker	2025-06-25T09:38:51.0421147Z src/DHT/modules/command_dispatcher.py:293: note: Use https://github.com/hauntsaninja/no_implicit_optional to automatically upgrade your codebase
Test Python 3.10 on ubuntu-latest	Run type checker	2025-06-25T09:38:51.0560967Z src/DHT/launcher.py:31: error: Name "Colors" already defined (possibly by an import)  [no-redef]
Test Python 3.10 on ubuntu-latest	Run type checker	2025-06-25T09:38:51.0561823Z src/DHT/launcher.py:207: error: Name "CommandDispatcher" already defined (possibly by an import)  [no-redef]
Test Python 3.10 on ubuntu-latest	Run type checker	2025-06-25T09:38:51.0590759Z src/DHT/dhtl.py:37: error: Name "DHTLauncher" already defined (possibly by an import)  [no-redef]
Test Python 3.10 on ubuntu-latest	Run type checker	2025-06-25T09:38:51.0697515Z Found 60 errors in 20 files (checked 182 source files)
Test Python 3.10 on ubuntu-latest	Run type checker	2025-06-25T09:38:51.1112052Z ##[error]Process completed with exit code 1.
Combine coverage	Combine coverage	ï»¿2025-06-25T09:39:55.2318253Z ##[group]Run uv run coverage combine coverage-reports/*/.coverage
Combine coverage	Combine coverage	2025-06-25T09:39:55.2318729Z [36;1muv run coverage combine coverage-reports/*/.coverage[0m
Combine coverage	Combine coverage	2025-06-25T09:39:55.2319044Z [36;1muv run coverage report[0m
Combine coverage	Combine coverage	2025-06-25T09:39:55.2319315Z [36;1muv run coverage html[0m
Combine coverage	Combine coverage	2025-06-25T09:39:55.2370008Z shell: /usr/bin/bash -e {0}
Combine coverage	Combine coverage	2025-06-25T09:39:55.2370251Z env:
Combine coverage	Combine coverage	2025-06-25T09:39:55.2370492Z   UV_CACHE_DIR: /home/runner/work/_temp/setup-uv-cache
Combine coverage	Combine coverage	2025-06-25T09:39:55.2370776Z ##[endgroup]
Combine coverage	Combine coverage	2025-06-25T09:39:55.2761516Z    Building dht-toolkit @ file:///home/runner/work/dht/dht
Combine coverage	Combine coverage	2025-06-25T09:39:55.2905009Z Downloading pydantic-core (1.9MiB)
Combine coverage	Combine coverage	2025-06-25T09:39:55.2914319Z Downloading pygments (1.2MiB)
Combine coverage	Combine coverage	2025-06-25T09:39:55.3024533Z Downloading tree-sitter-language-pack (16.6MiB)
Combine coverage	Combine coverage	2025-06-25T09:39:55.3027622Z Downloading prefect (5.7MiB)
Combine coverage	Combine coverage	2025-06-25T09:39:55.3032926Z Downloading cryptography (4.2MiB)
Combine coverage	Combine coverage	2025-06-25T09:39:55.3035429Z Downloading uv (17.0MiB)
Combine coverage	Combine coverage	2025-06-25T09:39:55.3040379Z Downloading asyncpg (2.8MiB)
Combine coverage	Combine coverage	2025-06-25T09:39:55.3069166Z Downloading sqlalchemy (3.0MiB)
Combine coverage	Combine coverage	2025-06-25T09:39:55.3072023Z Downloading apprise (1.3MiB)
Combine coverage	Combine coverage	2025-06-25T09:39:55.8656401Z  Downloading pydantic-core
Combine coverage	Combine coverage	2025-06-25T09:39:56.0297421Z  Downloading asyncpg
Combine coverage	Combine coverage	2025-06-25T09:39:56.0467887Z  Downloading apprise
Combine coverage	Combine coverage	2025-06-25T09:39:56.2003777Z  Downloading cryptography
Combine coverage	Combine coverage	2025-06-25T09:39:56.2371749Z  Downloading sqlalchemy
Combine coverage	Combine coverage	2025-06-25T09:39:56.2467267Z  Downloading uv
Combine coverage	Combine coverage	2025-06-25T09:39:56.2878727Z  Downloading pygments
Combine coverage	Combine coverage	2025-06-25T09:39:56.3699505Z  Downloading tree-sitter-language-pack
Combine coverage	Combine coverage	2025-06-25T09:39:56.4532689Z  Downloading prefect
Combine coverage	Combine coverage	2025-06-25T09:39:56.4961206Z       Built dht-toolkit @ file:///home/runner/work/dht/dht
Combine coverage	Combine coverage	2025-06-25T09:39:56.5658833Z Installed 126 packages in 68ms
Combine coverage	Combine coverage	2025-06-25T09:39:56.7610224Z Couldn't combine from non-existent path 'coverage-reports/*/.coverage'
Combine coverage	Combine coverage	2025-06-25T09:39:56.7804293Z ##[error]Process completed with exit code 1.
